RigidDiaphragm::RigidDiaphragm - ignoring constrained Node 51000 as no node in domain
RigidDiaphragm::RigidDiaphragm - ignoring constrained Node 52000 as no node in domain
RigidDiaphragm::RigidDiaphragm - ignoring constrained Node 53000 as no node in domain
RigidDiaphragm::RigidDiaphragm - ignoring constrained Node 54000 as no node in domain
RigidDiaphragm::RigidDiaphragm - ignoring constrained Node 56000 as no node in domain
RigidDiaphragm::RigidDiaphragm - ignoring constrained Node 57000 as no node in domain
RigidDiaphragm::RigidDiaphragm - ignoring constrained Node 59000 as no node in domain
RigidDiaphragm::RigidDiaphragm - ignoring constrained Node 60000 as no node in domain
RigidDiaphragm::RigidDiaphragm - ignoring constrained Node 70000 as no node in domain
RigidDiaphragm::RigidDiaphragm - ignoring constrained Node 71000 as no node in domain
RigidDiaphragm::RigidDiaphragm - ignoring constrained Node 73000 as no node in domain
RigidDiaphragm::RigidDiaphragm - ignoring constrained Node 75000 as no node in domain
RigidDiaphragm::RigidDiaphragm - ignoring constrained Node 76000 as no node in domain
RigidDiaphragm::RigidDiaphragm - ignoring constrained Node 77000 as no node in domain
RigidDiaphragm::RigidDiaphragm - ignoring constrained Node 332000 as no node in domain
RigidDiaphragm::RigidDiaphragm - ignoring constrained Node 333000 as no node in domain
RigidDiaphragm::RigidDiaphragm - ignoring constrained Node 334000 as no node in domain
RigidDiaphragm::RigidDiaphragm - ignoring constrained Node 335000 as no node in domain
RigidDiaphragm::RigidDiaphragm - ignoring constrained Node 336000 as no node in domain
RigidDiaphragm::RigidDiaphragm - ignoring constrained Node 337000 as no node in domain
RigidDiaphragm::RigidDiaphragm - ignoring constrained Node 338000 as no node in domain
RigidDiaphragm::RigidDiaphragm - ignoring constrained Node 339000 as no node in domain
RigidDiaphragm::RigidDiaphragm - ignoring constrained Node 340000 as no node in domain
RigidDiaphragm::RigidDiaphragm - ignoring constrained Node 341000 as no node in domain
RigidDiaphragm::RigidDiaphragm - ignoring constrained Node 342000 as no node in domain
RigidDiaphragm::RigidDiaphragm - ignoring constrained Node 343000 as no node in domain
RigidDiaphragm::RigidDiaphragm - ignoring constrained Node 344000 as no node in domain
RigidDiaphragm::RigidDiaphragm - ignoring constrained Node 345000 as no node in domain
RigidDiaphragm::RigidDiaphragm - ignoring constrained Node 360000 as no node in domain
RigidDiaphragm::RigidDiaphragm - ignoring constrained Node 362000 as no node in domain
RigidDiaphragm::RigidDiaphragm - ignoring constrained Node 364000 as no node in domain
RigidDiaphragm::RigidDiaphragm - ignoring constrained Node 366000 as no node in domain
RigidDiaphragm::RigidDiaphragm - ignoring constrained Node 368000 as no node in domain
RigidDiaphragm::RigidDiaphragm - ignoring constrained Node 370000 as no node in domain
RigidDiaphragm::RigidDiaphragm - ignoring constrained Node 372000 as no node in domain
RigidDiaphragm::RigidDiaphragm - ignoring constrained Node 386000 as no node in domain
RigidDiaphragm::RigidDiaphragm - ignoring constrained Node 388000 as no node in domain
RigidDiaphragm::RigidDiaphragm - ignoring constrained Node 390000 as no node in domain
RigidDiaphragm::RigidDiaphragm - ignoring constrained Node 392000 as no node in domain
RigidDiaphragm::RigidDiaphragm - ignoring constrained Node 394000 as no node in domain
RigidDiaphragm::RigidDiaphragm - ignoring constrained Node 396000 as no node in domain
RigidDiaphragm::RigidDiaphragm - ignoring constrained Node 398000 as no node in domain
RigidDiaphragm::RigidDiaphragm - ignoring constrained Node 432000 as no node in domain
RigidDiaphragm::RigidDiaphragm - ignoring constrained Node 441000 as no node in domain
RigidDiaphragm::RigidDiaphragm - ignoring constrained Node 442000 as no node in domain
RigidDiaphragm::RigidDiaphragm - ignoring constrained Node 443000 as no node in domain
RigidDiaphragm::RigidDiaphragm - ignoring constrained Node 444000 as no node in domain
RigidDiaphragm::RigidDiaphragm - ignoring constrained Node 445000 as no node in domain
RigidDiaphragm::RigidDiaphragm - ignoring constrained Node 446000 as no node in domain
RigidDiaphragm::RigidDiaphragm - ignoring constrained Node 447000 as no node in domain
RigidDiaphragm::RigidDiaphragm - ignoring constrained Node 448000 as no node in domain
RigidDiaphragm::RigidDiaphragm - ignoring constrained Node 449000 as no node in domain
RigidDiaphragm::RigidDiaphragm - ignoring constrained Node 450000 as no node in domain
RigidDiaphragm::RigidDiaphragm - ignoring constrained Node 451000 as no node in domain
RigidDiaphragm::RigidDiaphragm - ignoring constrained Node 452000 as no node in domain
RigidDiaphragm::RigidDiaphragm - ignoring constrained Node 453000 as no node in domain
RigidDiaphragm::RigidDiaphragm - ignoring constrained Node 454000 as no node in domain
RigidDiaphragm::RigidDiaphragm - ignoring constrained Node 455000 as no node in domain
RigidDiaphragm::RigidDiaphragm - ignoring constrained Node 456000 as no node in domain
RigidDiaphragm::RigidDiaphragm - ignoring constrained Node 457000 as no node in domain
RigidDiaphragm::RigidDiaphragm - ignoring constrained Node 458000 as no node in domain
RigidDiaphragm::RigidDiaphragm - ignoring constrained Node 459000 as no node in domain
RigidDiaphragm::RigidDiaphragm - ignoring constrained Node 460000 as no node in domain
RigidDiaphragm::RigidDiaphragm - ignoring constrained Node 461000 as no node in domain
RigidDiaphragm::RigidDiaphragm - ignoring constrained Node 462000 as no node in domain
RigidDiaphragm::RigidDiaphragm - ignoring constrained Node 471000 as no node in domain
RigidDiaphragm::RigidDiaphragm - ignoring constrained Node 639000 as no node in domain
RigidDiaphragm::RigidDiaphragm - ignoring constrained Node 640000 as no node in domain
RigidDiaphragm::RigidDiaphragm - ignoring constrained Node 641000 as no node in domain
RigidDiaphragm::RigidDiaphragm - ignoring constrained Node 642000 as no node in domain
RigidDiaphragm::RigidDiaphragm - ignoring constrained Node 643000 as no node in domain
RigidDiaphragm::RigidDiaphragm - ignoring constrained Node 644000 as no node in domain
RigidDiaphragm::RigidDiaphragm - ignoring constrained Node 645000 as no node in domain
RigidDiaphragm::RigidDiaphragm - ignoring constrained Node 646000 as no node in domain
RigidDiaphragm::RigidDiaphragm - ignoring constrained Node 647000 as no node in domain
RigidDiaphragm::RigidDiaphragm - ignoring constrained Node 648000 as no node in domain
RigidDiaphragm::RigidDiaphragm - ignoring constrained Node 649000 as no node in domain
RigidDiaphragm::RigidDiaphragm - ignoring constrained Node 650000 as no node in domain
RigidDiaphragm::RigidDiaphragm - ignoring constrained Node 651000 as no node in domain
RigidDiaphragm::RigidDiaphragm - ignoring constrained Node 652000 as no node in domain
RigidDiaphragm::RigidDiaphragm - ignoring constrained Node 1001 as no node in domain
RigidDiaphragm::RigidDiaphragm - ignoring constrained Node 3001 as no node in domain
RigidDiaphragm::RigidDiaphragm - ignoring constrained Node 5001 as no node in domain
RigidDiaphragm::RigidDiaphragm - ignoring constrained Node 7001 as no node in domain
RigidDiaphragm::RigidDiaphragm - ignoring constrained Node 9001 as no node in domain
RigidDiaphragm::RigidDiaphragm - ignoring constrained Node 11001 as no node in domain
RigidDiaphragm::RigidDiaphragm - ignoring constrained Node 13001 as no node in domain
RigidDiaphragm::RigidDiaphragm - ignoring constrained Node 15001 as no node in domain
RigidDiaphragm::RigidDiaphragm - ignoring constrained Node 17001 as no node in domain
RigidDiaphragm::RigidDiaphragm - ignoring constrained Node 19001 as no node in domain
RigidDiaphragm::RigidDiaphragm - ignoring constrained Node 20001 as no node in domain
RigidDiaphragm::RigidDiaphragm - ignoring constrained Node 21001 as no node in domain
RigidDiaphragm::RigidDiaphragm - ignoring constrained Node 22001 as no node in domain
RigidDiaphragm::RigidDiaphragm - ignoring constrained Node 23001 as no node in domain
RigidDiaphragm::RigidDiaphragm - ignoring constrained Node 24001 as no node in domain
RigidDiaphragm::RigidDiaphragm - ignoring constrained Node 25001 as no node in domain
RigidDiaphragm::RigidDiaphragm - ignoring constrained Node 26001 as no node in domain
RigidDiaphragm::RigidDiaphragm - ignoring constrained Node 27001 as no node in domain
RigidDiaphragm::RigidDiaphragm - ignoring constrained Node 28001 as no node in domain
RigidDiaphragm::RigidDiaphragm - ignoring constrained Node 29001 as no node in domain
RigidDiaphragm::RigidDiaphragm - ignoring constrained Node 30001 as no node in domain
RigidDiaphragm::RigidDiaphragm - ignoring constrained Node 31001 as no node in domain
RigidDiaphragm::RigidDiaphragm - ignoring constrained Node 32001 as no node in domain
RigidDiaphragm::RigidDiaphragm - ignoring constrained Node 33001 as no node in domain
RigidDiaphragm::RigidDiaphragm - ignoring constrained Node 34001 as no node in domain
RigidDiaphragm::RigidDiaphragm - ignoring constrained Node 35001 as no node in domain
RigidDiaphragm::RigidDiaphragm - ignoring constrained Node 36001 as no node in domain
RigidDiaphragm::RigidDiaphragm - ignoring constrained Node 37001 as no node in domain
RigidDiaphragm::RigidDiaphragm - ignoring constrained Node 38001 as no node in domain
RigidDiaphragm::RigidDiaphragm - ignoring constrained Node 39001 as no node in domain
RigidDiaphragm::RigidDiaphragm - ignoring constrained Node 40001 as no node in domain
RigidDiaphragm::RigidDiaphragm - ignoring constrained Node 41001 as no node in domain
RigidDiaphragm::RigidDiaphragm - ignoring constrained Node 42001 as no node in domain
RigidDiaphragm::RigidDiaphragm - ignoring constrained Node 43001 as no node in domain
RigidDiaphragm::RigidDiaphragm - ignoring constrained Node 44001 as no node in domain
RigidDiaphragm::RigidDiaphragm - ignoring constrained Node 45001 as no node in domain
RigidDiaphragm::RigidDiaphragm - ignoring constrained Node 46001 as no node in domain
RigidDiaphragm::RigidDiaphragm - ignoring constrained Node 47001 as no node in domain
RigidDiaphragm::RigidDiaphragm - ignoring constrained Node 48001 as no node in domain
RigidDiaphragm::RigidDiaphragm - ignoring constrained Node 51001 as no node in domain
RigidDiaphragm::RigidDiaphragm - ignoring constrained Node 52001 as no node in domain
RigidDiaphragm::RigidDiaphragm - ignoring constrained Node 53001 as no node in domain
RigidDiaphragm::RigidDiaphragm - ignoring constrained Node 54001 as no node in domain
RigidDiaphragm::RigidDiaphragm - ignoring constrained Node 55001 as no node in domain
RigidDiaphragm::RigidDiaphragm - ignoring constrained Node 56001 as no node in domain
RigidDiaphragm::RigidDiaphragm - ignoring constrained Node 57001 as no node in domain
RigidDiaphragm::RigidDiaphragm - ignoring constrained Node 59001 as no node in domain
RigidDiaphragm::RigidDiaphragm - ignoring constrained Node 60001 as no node in domain
RigidDiaphragm::RigidDiaphragm - ignoring constrained Node 61001 as no node in domain
RigidDiaphragm::RigidDiaphragm - ignoring constrained Node 62001 as no node in domain
RigidDiaphragm::RigidDiaphragm - ignoring constrained Node 63001 as no node in domain
RigidDiaphragm::RigidDiaphragm - ignoring constrained Node 64001 as no node in domain
RigidDiaphragm::RigidDiaphragm - ignoring constrained Node 65001 as no node in domain
RigidDiaphragm::RigidDiaphragm - ignoring constrained Node 66001 as no node in domain
RigidDiaphragm::RigidDiaphragm - ignoring constrained Node 67001 as no node in domain
RigidDiaphragm::RigidDiaphragm - ignoring constrained Node 68001 as no node in domain
RigidDiaphragm::RigidDiaphragm - ignoring constrained Node 69001 as no node in domain
RigidDiaphragm::RigidDiaphragm - ignoring constrained Node 70001 as no node in domain
RigidDiaphragm::RigidDiaphragm - ignoring constrained Node 71001 as no node in domain
RigidDiaphragm::RigidDiaphragm - ignoring constrained Node 72001 as no node in domain
RigidDiaphragm::RigidDiaphragm - ignoring constrained Node 73001 as no node in domain
RigidDiaphragm::RigidDiaphragm - ignoring constrained Node 74001 as no node in domain
RigidDiaphragm::RigidDiaphragm - ignoring constrained Node 75001 as no node in domain
RigidDiaphragm::RigidDiaphragm - ignoring constrained Node 76001 as no node in domain
RigidDiaphragm::RigidDiaphragm - ignoring constrained Node 77001 as no node in domain
RigidDiaphragm::RigidDiaphragm - ignoring constrained Node 78001 as no node in domain
RigidDiaphragm::RigidDiaphragm - ignoring constrained Node 80001 as no node in domain
RigidDiaphragm::RigidDiaphragm - ignoring constrained Node 81001 as no node in domain
RigidDiaphragm::RigidDiaphragm - ignoring constrained Node 82001 as no node in domain
RigidDiaphragm::RigidDiaphragm - ignoring constrained Node 84001 as no node in domain
RigidDiaphragm::RigidDiaphragm - ignoring constrained Node 85001 as no node in domain
RigidDiaphragm::RigidDiaphragm - ignoring constrained Node 86001 as no node in domain
RigidDiaphragm::RigidDiaphragm - ignoring constrained Node 88001 as no node in domain
RigidDiaphragm::RigidDiaphragm - ignoring constrained Node 89001 as no node in domain
RigidDiaphragm::RigidDiaphragm - ignoring constrained Node 90001 as no node in domain
RigidDiaphragm::RigidDiaphragm - ignoring constrained Node 92001 as no node in domain
RigidDiaphragm::RigidDiaphragm - ignoring constrained Node 93001 as no node in domain
RigidDiaphragm::RigidDiaphragm - ignoring constrained Node 94001 as no node in domain
RigidDiaphragm::RigidDiaphragm - ignoring constrained Node 96001 as no node in domain
RigidDiaphragm::RigidDiaphragm - ignoring constrained Node 97001 as no node in domain
RigidDiaphragm::RigidDiaphragm - ignoring constrained Node 98001 as no node in domain
RigidDiaphragm::RigidDiaphragm - ignoring constrained Node 100001 as no node in domain
RigidDiaphragm::RigidDiaphragm - ignoring constrained Node 101001 as no node in domain
RigidDiaphragm::RigidDiaphragm - ignoring constrained Node 102001 as no node in domain
RigidDiaphragm::RigidDiaphragm - ignoring constrained Node 104001 as no node in domain
RigidDiaphragm::RigidDiaphragm - ignoring constrained Node 105001 as no node in domain
RigidDiaphragm::RigidDiaphragm - ignoring constrained Node 106001 as no node in domain
RigidDiaphragm::RigidDiaphragm - ignoring constrained Node 108001 as no node in domain
RigidDiaphragm::RigidDiaphragm - ignoring constrained Node 109001 as no node in domain
RigidDiaphragm::RigidDiaphragm - ignoring constrained Node 110001 as no node in domain
RigidDiaphragm::RigidDiaphragm - ignoring constrained Node 112001 as no node in domain
RigidDiaphragm::RigidDiaphragm - ignoring constrained Node 113001 as no node in domain
RigidDiaphragm::RigidDiaphragm - ignoring constrained Node 114001 as no node in domain
RigidDiaphragm::RigidDiaphragm - ignoring constrained Node 116001 as no node in domain
RigidDiaphragm::RigidDiaphragm - ignoring constrained Node 117001 as no node in domain
RigidDiaphragm::RigidDiaphragm - ignoring constrained Node 118001 as no node in domain
RigidDiaphragm::RigidDiaphragm - ignoring constrained Node 120001 as no node in domain
RigidDiaphragm::RigidDiaphragm - ignoring constrained Node 121001 as no node in domain
RigidDiaphragm::RigidDiaphragm - ignoring constrained Node 122001 as no node in domain
RigidDiaphragm::RigidDiaphragm - ignoring constrained Node 124001 as no node in domain
RigidDiaphragm::RigidDiaphragm - ignoring constrained Node 125001 as no node in domain
RigidDiaphragm::RigidDiaphragm - ignoring constrained Node 126001 as no node in domain
RigidDiaphragm::RigidDiaphragm - ignoring constrained Node 128001 as no node in domain
RigidDiaphragm::RigidDiaphragm - ignoring constrained Node 129001 as no node in domain
RigidDiaphragm::RigidDiaphragm - ignoring constrained Node 130001 as no node in domain
RigidDiaphragm::RigidDiaphragm - ignoring constrained Node 132001 as no node in domain
RigidDiaphragm::RigidDiaphragm - ignoring constrained Node 133001 as no node in domain
RigidDiaphragm::RigidDiaphragm - ignoring constrained Node 134001 as no node in domain
RigidDiaphragm::RigidDiaphragm - ignoring constrained Node 136001 as no node in domain
RigidDiaphragm::RigidDiaphragm - ignoring constrained Node 137001 as no node in domain
RigidDiaphragm::RigidDiaphragm - ignoring constrained Node 138001 as no node in domain
RigidDiaphragm::RigidDiaphragm - ignoring constrained Node 140001 as no node in domain
RigidDiaphragm::RigidDiaphragm - ignoring constrained Node 141001 as no node in domain
RigidDiaphragm::RigidDiaphragm - ignoring constrained Node 142001 as no node in domain
RigidDiaphragm::RigidDiaphragm - ignoring constrained Node 144001 as no node in domain
RigidDiaphragm::RigidDiaphragm - ignoring constrained Node 145001 as no node in domain
RigidDiaphragm::RigidDiaphragm - ignoring constrained Node 146001 as no node in domain
RigidDiaphragm::RigidDiaphragm - ignoring constrained Node 148001 as no node in domain
RigidDiaphragm::RigidDiaphragm - ignoring constrained Node 149001 as no node in domain
RigidDiaphragm::RigidDiaphragm - ignoring constrained Node 150001 as no node in domain
RigidDiaphragm::RigidDiaphragm - ignoring constrained Node 152001 as no node in domain
RigidDiaphragm::RigidDiaphragm - ignoring constrained Node 153001 as no node in domain
RigidDiaphragm::RigidDiaphragm - ignoring constrained Node 154001 as no node in domain
RigidDiaphragm::RigidDiaphragm - ignoring constrained Node 156001 as no node in domain
RigidDiaphragm::RigidDiaphragm - ignoring constrained Node 157001 as no node in domain
RigidDiaphragm::RigidDiaphragm - ignoring constrained Node 158001 as no node in domain
RigidDiaphragm::RigidDiaphragm - ignoring constrained Node 160001 as no node in domain
RigidDiaphragm::RigidDiaphragm - ignoring constrained Node 161001 as no node in domain
RigidDiaphragm::RigidDiaphragm - ignoring constrained Node 162001 as no node in domain
RigidDiaphragm::RigidDiaphragm - ignoring constrained Node 164001 as no node in domain
RigidDiaphragm::RigidDiaphragm - ignoring constrained Node 165001 as no node in domain
RigidDiaphragm::RigidDiaphragm - ignoring constrained Node 166001 as no node in domain
RigidDiaphragm::RigidDiaphragm - ignoring constrained Node 168001 as no node in domain
RigidDiaphragm::RigidDiaphragm - ignoring constrained Node 169001 as no node in domain
RigidDiaphragm::RigidDiaphragm - ignoring constrained Node 170001 as no node in domain
RigidDiaphragm::RigidDiaphragm - ignoring constrained Node 172001 as no node in domain
RigidDiaphragm::RigidDiaphragm - ignoring constrained Node 173001 as no node in domain
RigidDiaphragm::RigidDiaphragm - ignoring constrained Node 174001 as no node in domain
RigidDiaphragm::RigidDiaphragm - ignoring constrained Node 176001 as no node in domain
RigidDiaphragm::RigidDiaphragm - ignoring constrained Node 177001 as no node in domain
RigidDiaphragm::RigidDiaphragm - ignoring constrained Node 178001 as no node in domain
RigidDiaphragm::RigidDiaphragm - ignoring constrained Node 180001 as no node in domain
RigidDiaphragm::RigidDiaphragm - ignoring constrained Node 181001 as no node in domain
RigidDiaphragm::RigidDiaphragm - ignoring constrained Node 182001 as no node in domain
RigidDiaphragm::RigidDiaphragm - ignoring constrained Node 183001 as no node in domain
RigidDiaphragm::RigidDiaphragm - ignoring constrained Node 184001 as no node in domain
RigidDiaphragm::RigidDiaphragm - ignoring constrained Node 185001 as no node in domain
RigidDiaphragm::RigidDiaphragm - ignoring constrained Node 194001 as no node in domain
RigidDiaphragm::RigidDiaphragm - ignoring constrained Node 196001 as no node in domain
RigidDiaphragm::RigidDiaphragm - ignoring constrained Node 197001 as no node in domain
RigidDiaphragm::RigidDiaphragm - ignoring constrained Node 198001 as no node in domain
RigidDiaphragm::RigidDiaphragm - ignoring constrained Node 200001 as no node in domain
RigidDiaphragm::RigidDiaphragm - ignoring constrained Node 201001 as no node in domain
RigidDiaphragm::RigidDiaphragm - ignoring constrained Node 202001 as no node in domain
RigidDiaphragm::RigidDiaphragm - ignoring constrained Node 204001 as no node in domain
RigidDiaphragm::RigidDiaphragm - ignoring constrained Node 205001 as no node in domain
RigidDiaphragm::RigidDiaphragm - ignoring constrained Node 206001 as no node in domain
RigidDiaphragm::RigidDiaphragm - ignoring constrained Node 208001 as no node in domain
RigidDiaphragm::RigidDiaphragm - ignoring constrained Node 209001 as no node in domain
RigidDiaphragm::RigidDiaphragm - ignoring constrained Node 210001 as no node in domain
RigidDiaphragm::RigidDiaphragm - ignoring constrained Node 212001 as no node in domain
RigidDiaphragm::RigidDiaphragm - ignoring constrained Node 213001 as no node in domain
RigidDiaphragm::RigidDiaphragm - ignoring constrained Node 214001 as no node in domain
RigidDiaphragm::RigidDiaphragm - ignoring constrained Node 216001 as no node in domain
RigidDiaphragm::RigidDiaphragm - ignoring constrained Node 217001 as no node in domain
RigidDiaphragm::RigidDiaphragm - ignoring constrained Node 218001 as no node in domain
RigidDiaphragm::RigidDiaphragm - ignoring constrained Node 220001 as no node in domain
RigidDiaphragm::RigidDiaphragm - ignoring constrained Node 221001 as no node in domain
RigidDiaphragm::RigidDiaphragm - ignoring constrained Node 222001 as no node in domain
RigidDiaphragm::RigidDiaphragm - ignoring constrained Node 224001 as no node in domain
RigidDiaphragm::RigidDiaphragm - ignoring constrained Node 225001 as no node in domain
RigidDiaphragm::RigidDiaphragm - ignoring constrained Node 226001 as no node in domain
RigidDiaphragm::RigidDiaphragm - ignoring constrained Node 228001 as no node in domain
RigidDiaphragm::RigidDiaphragm - ignoring constrained Node 229001 as no node in domain
RigidDiaphragm::RigidDiaphragm - ignoring constrained Node 230001 as no node in domain
RigidDiaphragm::RigidDiaphragm - ignoring constrained Node 232001 as no node in domain
RigidDiaphragm::RigidDiaphragm - ignoring constrained Node 233001 as no node in domain
RigidDiaphragm::RigidDiaphragm - ignoring constrained Node 234001 as no node in domain
RigidDiaphragm::RigidDiaphragm - ignoring constrained Node 236001 as no node in domain
RigidDiaphragm::RigidDiaphragm - ignoring constrained Node 237001 as no node in domain
RigidDiaphragm::RigidDiaphragm - ignoring constrained Node 238001 as no node in domain
RigidDiaphragm::RigidDiaphragm - ignoring constrained Node 240001 as no node in domain
RigidDiaphragm::RigidDiaphragm - ignoring constrained Node 241001 as no node in domain
RigidDiaphragm::RigidDiaphragm - ignoring constrained Node 247001 as no node in domain
RigidDiaphragm::RigidDiaphragm - ignoring constrained Node 249001 as no node in domain
RigidDiaphragm::RigidDiaphragm - ignoring constrained Node 251001 as no node in domain
RigidDiaphragm::RigidDiaphragm - ignoring constrained Node 253001 as no node in domain
RigidDiaphragm::RigidDiaphragm - ignoring constrained Node 255001 as no node in domain
RigidDiaphragm::RigidDiaphragm - ignoring constrained Node 257001 as no node in domain
RigidDiaphragm::RigidDiaphragm - ignoring constrained Node 259001 as no node in domain
RigidDiaphragm::RigidDiaphragm - ignoring constrained Node 261001 as no node in domain
RigidDiaphragm::RigidDiaphragm - ignoring constrained Node 264001 as no node in domain
RigidDiaphragm::RigidDiaphragm - ignoring constrained Node 265001 as no node in domain
RigidDiaphragm::RigidDiaphragm - ignoring constrained Node 268001 as no node in domain
RigidDiaphragm::RigidDiaphragm - ignoring constrained Node 269001 as no node in domain
RigidDiaphragm::RigidDiaphragm - ignoring constrained Node 272001 as no node in domain
RigidDiaphragm::RigidDiaphragm - ignoring constrained Node 273001 as no node in domain
RigidDiaphragm::RigidDiaphragm - ignoring constrained Node 276001 as no node in domain
RigidDiaphragm::RigidDiaphragm - ignoring constrained Node 277001 as no node in domain
RigidDiaphragm::RigidDiaphragm - ignoring constrained Node 280001 as no node in domain
RigidDiaphragm::RigidDiaphragm - ignoring constrained Node 281001 as no node in domain
RigidDiaphragm::RigidDiaphragm - ignoring constrained Node 284001 as no node in domain
RigidDiaphragm::RigidDiaphragm - ignoring constrained Node 285001 as no node in domain
RigidDiaphragm::RigidDiaphragm - ignoring constrained Node 288001 as no node in domain
RigidDiaphragm::RigidDiaphragm - ignoring constrained Node 289001 as no node in domain
RigidDiaphragm::RigidDiaphragm - ignoring constrained Node 292001 as no node in domain
RigidDiaphragm::RigidDiaphragm - ignoring constrained Node 293001 as no node in domain
RigidDiaphragm::RigidDiaphragm - ignoring constrained Node 296001 as no node in domain
RigidDiaphragm::RigidDiaphragm - ignoring constrained Node 297001 as no node in domain
RigidDiaphragm::RigidDiaphragm - ignoring constrained Node 300001 as no node in domain
RigidDiaphragm::RigidDiaphragm - ignoring constrained Node 301001 as no node in domain
RigidDiaphragm::RigidDiaphragm - ignoring constrained Node 304001 as no node in domain
RigidDiaphragm::RigidDiaphragm - ignoring constrained Node 305001 as no node in domain
RigidDiaphragm::RigidDiaphragm - ignoring constrained Node 308001 as no node in domain
RigidDiaphragm::RigidDiaphragm - ignoring constrained Node 309001 as no node in domain
RigidDiaphragm::RigidDiaphragm - ignoring constrained Node 311001 as no node in domain
RigidDiaphragm::RigidDiaphragm - ignoring constrained Node 313001 as no node in domain
RigidDiaphragm::RigidDiaphragm - ignoring constrained Node 315001 as no node in domain
RigidDiaphragm::RigidDiaphragm - ignoring constrained Node 316001 as no node in domain
RigidDiaphragm::RigidDiaphragm - ignoring constrained Node 317001 as no node in domain
RigidDiaphragm::RigidDiaphragm - ignoring constrained Node 318001 as no node in domain
RigidDiaphragm::RigidDiaphragm - ignoring constrained Node 319001 as no node in domain
RigidDiaphragm::RigidDiaphragm - ignoring constrained Node 320001 as no node in domain
RigidDiaphragm::RigidDiaphragm - ignoring constrained Node 322001 as no node in domain
RigidDiaphragm::RigidDiaphragm - ignoring constrained Node 323001 as no node in domain
RigidDiaphragm::RigidDiaphragm - ignoring constrained Node 324001 as no node in domain
RigidDiaphragm::RigidDiaphragm - ignoring constrained Node 326001 as no node in domain
RigidDiaphragm::RigidDiaphragm - ignoring constrained Node 327001 as no node in domain
RigidDiaphragm::RigidDiaphragm - ignoring constrained Node 328001 as no node in domain
RigidDiaphragm::RigidDiaphragm - ignoring constrained Node 330001 as no node in domain
RigidDiaphragm::RigidDiaphragm - ignoring constrained Node 331001 as no node in domain
RigidDiaphragm::RigidDiaphragm - ignoring constrained Node 332001 as no node in domain
RigidDiaphragm::RigidDiaphragm - ignoring constrained Node 333001 as no node in domain
RigidDiaphragm::RigidDiaphragm - ignoring constrained Node 334001 as no node in domain
RigidDiaphragm::RigidDiaphragm - ignoring constrained Node 335001 as no node in domain
RigidDiaphragm::RigidDiaphragm - ignoring constrained Node 336001 as no node in domain
RigidDiaphragm::RigidDiaphragm - ignoring constrained Node 337001 as no node in domain
RigidDiaphragm::RigidDiaphragm - ignoring constrained Node 338001 as no node in domain
RigidDiaphragm::RigidDiaphragm - ignoring constrained Node 339001 as no node in domain
RigidDiaphragm::RigidDiaphragm - ignoring constrained Node 340001 as no node in domain
RigidDiaphragm::RigidDiaphragm - ignoring constrained Node 341001 as no node in domain
RigidDiaphragm::RigidDiaphragm - ignoring constrained Node 342001 as no node in domain
RigidDiaphragm::RigidDiaphragm - ignoring constrained Node 343001 as no node in domain
RigidDiaphragm::RigidDiaphragm - ignoring constrained Node 344001 as no node in domain
RigidDiaphragm::RigidDiaphragm - ignoring constrained Node 345001 as no node in domain
RigidDiaphragm::RigidDiaphragm - ignoring constrained Node 346001 as no node in domain
RigidDiaphragm::RigidDiaphragm - ignoring constrained Node 347001 as no node in domain
RigidDiaphragm::RigidDiaphragm - ignoring constrained Node 348001 as no node in domain
RigidDiaphragm::RigidDiaphragm - ignoring constrained Node 350001 as no node in domain
RigidDiaphragm::RigidDiaphragm - ignoring constrained Node 352001 as no node in domain
RigidDiaphragm::RigidDiaphragm - ignoring constrained Node 354001 as no node in domain
RigidDiaphragm::RigidDiaphragm - ignoring constrained Node 356001 as no node in domain
RigidDiaphragm::RigidDiaphragm - ignoring constrained Node 358001 as no node in domain
RigidDiaphragm::RigidDiaphragm - ignoring constrained Node 360001 as no node in domain
RigidDiaphragm::RigidDiaphragm - ignoring constrained Node 362001 as no node in domain
RigidDiaphragm::RigidDiaphragm - ignoring constrained Node 364001 as no node in domain
RigidDiaphragm::RigidDiaphragm - ignoring constrained Node 366001 as no node in domain
RigidDiaphragm::RigidDiaphragm - ignoring constrained Node 368001 as no node in domain
RigidDiaphragm::RigidDiaphragm - ignoring constrained Node 370001 as no node in domain
RigidDiaphragm::RigidDiaphragm - ignoring constrained Node 372001 as no node in domain
RigidDiaphragm::RigidDiaphragm - ignoring constrained Node 374001 as no node in domain
RigidDiaphragm::RigidDiaphragm - ignoring constrained Node 375001 as no node in domain
RigidDiaphragm::RigidDiaphragm - ignoring constrained Node 376001 as no node in domain
RigidDiaphragm::RigidDiaphragm - ignoring constrained Node 377001 as no node in domain
RigidDiaphragm::RigidDiaphragm - ignoring constrained Node 378001 as no node in domain
RigidDiaphragm::RigidDiaphragm - ignoring constrained Node 379001 as no node in domain
RigidDiaphragm::RigidDiaphragm - ignoring constrained Node 380001 as no node in domain
RigidDiaphragm::RigidDiaphragm - ignoring constrained Node 381001 as no node in domain
RigidDiaphragm::RigidDiaphragm - ignoring constrained Node 382001 as no node in domain
RigidDiaphragm::RigidDiaphragm - ignoring constrained Node 383001 as no node in domain
RigidDiaphragm::RigidDiaphragm - ignoring constrained Node 384001 as no node in domain
RigidDiaphragm::RigidDiaphragm - ignoring constrained Node 385001 as no node in domain
RigidDiaphragm::RigidDiaphragm - ignoring constrained Node 386001 as no node in domain
RigidDiaphragm::RigidDiaphragm - ignoring constrained Node 387001 as no node in domain
RigidDiaphragm::RigidDiaphragm - ignoring constrained Node 388001 as no node in domain
RigidDiaphragm::RigidDiaphragm - ignoring constrained Node 389001 as no node in domain
RigidDiaphragm::RigidDiaphragm - ignoring constrained Node 390001 as no node in domain
RigidDiaphragm::RigidDiaphragm - ignoring constrained Node 391001 as no node in domain
RigidDiaphragm::RigidDiaphragm - ignoring constrained Node 392001 as no node in domain
RigidDiaphragm::RigidDiaphragm - ignoring constrained Node 393001 as no node in domain
RigidDiaphragm::RigidDiaphragm - ignoring constrained Node 394001 as no node in domain
RigidDiaphragm::RigidDiaphragm - ignoring constrained Node 395001 as no node in domain
RigidDiaphragm::RigidDiaphragm - ignoring constrained Node 396001 as no node in domain
RigidDiaphragm::RigidDiaphragm - ignoring constrained Node 397001 as no node in domain
RigidDiaphragm::RigidDiaphragm - ignoring constrained Node 398001 as no node in domain
RigidDiaphragm::RigidDiaphragm - ignoring constrained Node 399001 as no node in domain
RigidDiaphragm::RigidDiaphragm - ignoring constrained Node 400001 as no node in domain
RigidDiaphragm::RigidDiaphragm - ignoring constrained Node 401001 as no node in domain
RigidDiaphragm::RigidDiaphragm - ignoring constrained Node 402001 as no node in domain
RigidDiaphragm::RigidDiaphragm - ignoring constrained Node 403001 as no node in domain
RigidDiaphragm::RigidDiaphragm - ignoring constrained Node 404001 as no node in domain
RigidDiaphragm::RigidDiaphragm - ignoring constrained Node 405001 as no node in domain
RigidDiaphragm::RigidDiaphragm - ignoring constrained Node 406001 as no node in domain
RigidDiaphragm::RigidDiaphragm - ignoring constrained Node 407001 as no node in domain
RigidDiaphragm::RigidDiaphragm - ignoring constrained Node 408001 as no node in domain
RigidDiaphragm::RigidDiaphragm - ignoring constrained Node 409001 as no node in domain
RigidDiaphragm::RigidDiaphragm - ignoring constrained Node 410001 as no node in domain
RigidDiaphragm::RigidDiaphragm - ignoring constrained Node 411001 as no node in domain
RigidDiaphragm::RigidDiaphragm - ignoring constrained Node 412001 as no node in domain
RigidDiaphragm::RigidDiaphragm - ignoring constrained Node 413001 as no node in domain
RigidDiaphragm::RigidDiaphragm - ignoring constrained Node 414001 as no node in domain
RigidDiaphragm::RigidDiaphragm - ignoring constrained Node 415001 as no node in domain
RigidDiaphragm::RigidDiaphragm - ignoring constrained Node 416001 as no node in domain
RigidDiaphragm::RigidDiaphragm - ignoring constrained Node 417001 as no node in domain
RigidDiaphragm::RigidDiaphragm - ignoring constrained Node 418001 as no node in domain
RigidDiaphragm::RigidDiaphragm - ignoring constrained Node 419001 as no node in domain
RigidDiaphragm::RigidDiaphragm - ignoring constrained Node 420001 as no node in domain
RigidDiaphragm::RigidDiaphragm - ignoring constrained Node 421001 as no node in domain
RigidDiaphragm::RigidDiaphragm - ignoring constrained Node 422001 as no node in domain
RigidDiaphragm::RigidDiaphragm - ignoring constrained Node 423001 as no node in domain
RigidDiaphragm::RigidDiaphragm - ignoring constrained Node 424001 as no node in domain
RigidDiaphragm::RigidDiaphragm - ignoring constrained Node 425001 as no node in domain
RigidDiaphragm::RigidDiaphragm - ignoring constrained Node 426001 as no node in domain
RigidDiaphragm::RigidDiaphragm - ignoring constrained Node 427001 as no node in domain
RigidDiaphragm::RigidDiaphragm - ignoring constrained Node 428001 as no node in domain
RigidDiaphragm::RigidDiaphragm - ignoring constrained Node 429001 as no node in domain
RigidDiaphragm::RigidDiaphragm - ignoring constrained Node 430001 as no node in domain
RigidDiaphragm::RigidDiaphragm - ignoring constrained Node 431001 as no node in domain
RigidDiaphragm::RigidDiaphragm - ignoring constrained Node 432001 as no node in domain
RigidDiaphragm::RigidDiaphragm - ignoring constrained Node 433001 as no node in domain
RigidDiaphragm::RigidDiaphragm - ignoring constrained Node 434001 as no node in domain
RigidDiaphragm::RigidDiaphragm - ignoring constrained Node 435001 as no node in domain
RigidDiaphragm::RigidDiaphragm - ignoring constrained Node 436001 as no node in domain
RigidDiaphragm::RigidDiaphragm - ignoring constrained Node 437001 as no node in domain
RigidDiaphragm::RigidDiaphragm - ignoring constrained Node 438001 as no node in domain
RigidDiaphragm::RigidDiaphragm - ignoring constrained Node 439001 as no node in domain
RigidDiaphragm::RigidDiaphragm - ignoring constrained Node 440001 as no node in domain
RigidDiaphragm::RigidDiaphragm - ignoring constrained Node 448001 as no node in domain
RigidDiaphragm::RigidDiaphragm - ignoring constrained Node 449001 as no node in domain
RigidDiaphragm::RigidDiaphragm - ignoring constrained Node 450001 as no node in domain
RigidDiaphragm::RigidDiaphragm - ignoring constrained Node 451001 as no node in domain
RigidDiaphragm::RigidDiaphragm - ignoring constrained Node 452001 as no node in domain
RigidDiaphragm::RigidDiaphragm - ignoring constrained Node 453001 as no node in domain
RigidDiaphragm::RigidDiaphragm - ignoring constrained Node 454001 as no node in domain
RigidDiaphragm::RigidDiaphragm - ignoring constrained Node 455001 as no node in domain
RigidDiaphragm::RigidDiaphragm - ignoring constrained Node 456001 as no node in domain
RigidDiaphragm::RigidDiaphragm - ignoring constrained Node 457001 as no node in domain
RigidDiaphragm::RigidDiaphragm - ignoring constrained Node 458001 as no node in domain
RigidDiaphragm::RigidDiaphragm - ignoring constrained Node 459001 as no node in domain
RigidDiaphragm::RigidDiaphragm - ignoring constrained Node 460001 as no node in domain
RigidDiaphragm::RigidDiaphragm - ignoring constrained Node 461001 as no node in domain
RigidDiaphragm::RigidDiaphragm - ignoring constrained Node 462001 as no node in domain
RigidDiaphragm::RigidDiaphragm - ignoring constrained Node 471001 as no node in domain
RigidDiaphragm::RigidDiaphragm - ignoring constrained Node 480001 as no node in domain
RigidDiaphragm::RigidDiaphragm - ignoring constrained Node 481001 as no node in domain
RigidDiaphragm::RigidDiaphragm - ignoring constrained Node 482001 as no node in domain
RigidDiaphragm::RigidDiaphragm - ignoring constrained Node 483001 as no node in domain
RigidDiaphragm::RigidDiaphragm - ignoring constrained Node 484001 as no node in domain
RigidDiaphragm::RigidDiaphragm - ignoring constrained Node 485001 as no node in domain
RigidDiaphragm::RigidDiaphragm - ignoring constrained Node 486001 as no node in domain
RigidDiaphragm::RigidDiaphragm - ignoring constrained Node 487001 as no node in domain
RigidDiaphragm::RigidDiaphragm - ignoring constrained Node 508001 as no node in domain
RigidDiaphragm::RigidDiaphragm - ignoring constrained Node 509001 as no node in domain
RigidDiaphragm::RigidDiaphragm - ignoring constrained Node 510001 as no node in domain
RigidDiaphragm::RigidDiaphragm - ignoring constrained Node 511001 as no node in domain
RigidDiaphragm::RigidDiaphragm - ignoring constrained Node 512001 as no node in domain
RigidDiaphragm::RigidDiaphragm - ignoring constrained Node 513001 as no node in domain
RigidDiaphragm::RigidDiaphragm - ignoring constrained Node 514001 as no node in domain
RigidDiaphragm::RigidDiaphragm - ignoring constrained Node 515001 as no node in domain
RigidDiaphragm::RigidDiaphragm - ignoring constrained Node 516001 as no node in domain
RigidDiaphragm::RigidDiaphragm - ignoring constrained Node 517001 as no node in domain
RigidDiaphragm::RigidDiaphragm - ignoring constrained Node 518001 as no node in domain
RigidDiaphragm::RigidDiaphragm - ignoring constrained Node 519001 as no node in domain
RigidDiaphragm::RigidDiaphragm - ignoring constrained Node 520001 as no node in domain
RigidDiaphragm::RigidDiaphragm - ignoring constrained Node 521001 as no node in domain
RigidDiaphragm::RigidDiaphragm - ignoring constrained Node 522001 as no node in domain
RigidDiaphragm::RigidDiaphragm - ignoring constrained Node 523001 as no node in domain
RigidDiaphragm::RigidDiaphragm - ignoring constrained Node 524001 as no node in domain
RigidDiaphragm::RigidDiaphragm - ignoring constrained Node 525001 as no node in domain
RigidDiaphragm::RigidDiaphragm - ignoring constrained Node 526001 as no node in domain
RigidDiaphragm::RigidDiaphragm - ignoring constrained Node 531001 as no node in domain
RigidDiaphragm::RigidDiaphragm - ignoring constrained Node 536001 as no node in domain
RigidDiaphragm::RigidDiaphragm - ignoring constrained Node 537001 as no node in domain
RigidDiaphragm::RigidDiaphragm - ignoring constrained Node 538001 as no node in domain
RigidDiaphragm::RigidDiaphragm - ignoring constrained Node 539001 as no node in domain
RigidDiaphragm::RigidDiaphragm - ignoring constrained Node 540001 as no node in domain
RigidDiaphragm::RigidDiaphragm - ignoring constrained Node 541001 as no node in domain
RigidDiaphragm::RigidDiaphragm - ignoring constrained Node 542001 as no node in domain
RigidDiaphragm::RigidDiaphragm - ignoring constrained Node 543001 as no node in domain
RigidDiaphragm::RigidDiaphragm - ignoring constrained Node 544001 as no node in domain
RigidDiaphragm::RigidDiaphragm - ignoring constrained Node 545001 as no node in domain
RigidDiaphragm::RigidDiaphragm - ignoring constrained Node 546001 as no node in domain
RigidDiaphragm::RigidDiaphragm - ignoring constrained Node 547001 as no node in domain
RigidDiaphragm::RigidDiaphragm - ignoring constrained Node 548001 as no node in domain
RigidDiaphragm::RigidDiaphragm - ignoring constrained Node 549001 as no node in domain
RigidDiaphragm::RigidDiaphragm - ignoring constrained Node 550001 as no node in domain
RigidDiaphragm::RigidDiaphragm - ignoring constrained Node 551001 as no node in domain
RigidDiaphragm::RigidDiaphragm - ignoring constrained Node 552001 as no node in domain
RigidDiaphragm::RigidDiaphragm - ignoring constrained Node 553001 as no node in domain
RigidDiaphragm::RigidDiaphragm - ignoring constrained Node 554001 as no node in domain
RigidDiaphragm::RigidDiaphragm - ignoring constrained Node 555001 as no node in domain
RigidDiaphragm::RigidDiaphragm - ignoring constrained Node 556001 as no node in domain
RigidDiaphragm::RigidDiaphragm - ignoring constrained Node 557001 as no node in domain
RigidDiaphragm::RigidDiaphragm - ignoring constrained Node 558001 as no node in domain
RigidDiaphragm::RigidDiaphragm - ignoring constrained Node 559001 as no node in domain
RigidDiaphragm::RigidDiaphragm - ignoring constrained Node 639001 as no node in domain
RigidDiaphragm::RigidDiaphragm - ignoring constrained Node 640001 as no node in domain
RigidDiaphragm::RigidDiaphragm - ignoring constrained Node 641001 as no node in domain
RigidDiaphragm::RigidDiaphragm - ignoring constrained Node 642001 as no node in domain
RigidDiaphragm::RigidDiaphragm - ignoring constrained Node 643001 as no node in domain
RigidDiaphragm::RigidDiaphragm - ignoring constrained Node 644001 as no node in domain
RigidDiaphragm::RigidDiaphragm - ignoring constrained Node 645001 as no node in domain
RigidDiaphragm::RigidDiaphragm - ignoring constrained Node 646001 as no node in domain
RigidDiaphragm::RigidDiaphragm - ignoring constrained Node 647001 as no node in domain
RigidDiaphragm::RigidDiaphragm - ignoring constrained Node 648001 as no node in domain
RigidDiaphragm::RigidDiaphragm - ignoring constrained Node 649001 as no node in domain
RigidDiaphragm::RigidDiaphragm - ignoring constrained Node 650001 as no node in domain
RigidDiaphragm::RigidDiaphragm - ignoring constrained Node 651001 as no node in domain
RigidDiaphragm::RigidDiaphragm - ignoring constrained Node 652001 as no node in domain
RigidDiaphragm::RigidDiaphragm - ignoring constrained Node 653001 as no node in domain
RigidDiaphragm::RigidDiaphragm - ignoring constrained Node 654001 as no node in domain
RigidDiaphragm::RigidDiaphragm - ignoring constrained Node 655001 as no node in domain
RigidDiaphragm::RigidDiaphragm - ignoring constrained Node 656001 as no node in domain
RigidDiaphragm::RigidDiaphragm - ignoring constrained Node 657001 as no node in domain
RigidDiaphragm::RigidDiaphragm - ignoring constrained Node 658001 as no node in domain
RigidDiaphragm::RigidDiaphragm - ignoring constrained Node 659001 as no node in domain
RigidDiaphragm::RigidDiaphragm - ignoring constrained Node 660001 as no node in domain
RigidDiaphragm::RigidDiaphragm - ignoring constrained Node 661001 as no node in domain
RigidDiaphragm::RigidDiaphragm - ignoring constrained Node 662001 as no node in domain
RigidDiaphragm::RigidDiaphragm - ignoring constrained Node 663001 as no node in domain
RigidDiaphragm::RigidDiaphragm - ignoring constrained Node 664001 as no node in domain
RigidDiaphragm::RigidDiaphragm - ignoring constrained Node 665001 as no node in domain
RigidDiaphragm::RigidDiaphragm - ignoring constrained Node 666001 as no node in domain
RigidDiaphragm::RigidDiaphragm - ignoring constrained Node 667001 as no node in domain
RigidDiaphragm::RigidDiaphragm - ignoring constrained Node 668001 as no node in domain
RigidDiaphragm::RigidDiaphragm - ignoring constrained Node 669001 as no node in domain
RigidDiaphragm::RigidDiaphragm - ignoring constrained Node 670001 as no node in domain
RigidDiaphragm::RigidDiaphragm - ignoring constrained Node 671001 as no node in domain
RigidDiaphragm::RigidDiaphragm - ignoring constrained Node 672001 as no node in domain
RigidDiaphragm::RigidDiaphragm - ignoring constrained Node 673001 as no node in domain
RigidDiaphragm::RigidDiaphragm - ignoring constrained Node 674001 as no node in domain
RigidDiaphragm::RigidDiaphragm - ignoring constrained Node 675001 as no node in domain
RigidDiaphragm::RigidDiaphragm - ignoring constrained Node 676001 as no node in domain
RigidDiaphragm::RigidDiaphragm - ignoring constrained Node 677001 as no node in domain
RigidDiaphragm::RigidDiaphragm - ignoring constrained Node 678001 as no node in domain
RigidDiaphragm::RigidDiaphragm - ignoring constrained Node 679001 as no node in domain
RigidDiaphragm::RigidDiaphragm - ignoring constrained Node 680001 as no node in domain
RigidDiaphragm::RigidDiaphragm - ignoring constrained Node 681001 as no node in domain
RigidDiaphragm::RigidDiaphragm - ignoring constrained Node 682001 as no node in domain
RigidDiaphragm::RigidDiaphragm - ignoring constrained Node 683001 as no node in domain
RigidDiaphragm::RigidDiaphragm - ignoring constrained Node 684001 as no node in domain
RigidDiaphragm::RigidDiaphragm - ignoring constrained Node 685001 as no node in domain
RigidDiaphragm::RigidDiaphragm - ignoring constrained Node 686001 as no node in domain
RigidDiaphragm::RigidDiaphragm - ignoring constrained Node 687001 as no node in domain
RigidDiaphragm::RigidDiaphragm - ignoring constrained Node 688001 as no node in domain
RigidDiaphragm::RigidDiaphragm - ignoring constrained Node 689001 as no node in domain
RigidDiaphragm::RigidDiaphragm - ignoring constrained Node 690001 as no node in domain
RigidDiaphragm::RigidDiaphragm - ignoring constrained Node 691001 as no node in domain
RigidDiaphragm::RigidDiaphragm - ignoring constrained Node 692001 as no node in domain
RigidDiaphragm::RigidDiaphragm - ignoring constrained Node 693001 as no node in domain
RigidDiaphragm::RigidDiaphragm - ignoring constrained Node 694001 as no node in domain
RigidDiaphragm::RigidDiaphragm - ignoring constrained Node 695001 as no node in domain
RigidDiaphragm::RigidDiaphragm - ignoring constrained Node 696001 as no node in domain
RigidDiaphragm::RigidDiaphragm - ignoring constrained Node 697001 as no node in domain
RigidDiaphragm::RigidDiaphragm - ignoring constrained Node 698001 as no node in domain
RigidDiaphragm::RigidDiaphragm - ignoring constrained Node 699001 as no node in domain
RigidDiaphragm::RigidDiaphragm - ignoring constrained Node 700001 as no node in domain
RigidDiaphragm::RigidDiaphragm - ignoring constrained Node 701001 as no node in domain
RigidDiaphragm::RigidDiaphragm - ignoring constrained Node 702001 as no node in domain
RigidDiaphragm::RigidDiaphragm - ignoring constrained Node 703001 as no node in domain
RigidDiaphragm::RigidDiaphragm - ignoring constrained Node 704001 as no node in domain
RigidDiaphragm::RigidDiaphragm - ignoring constrained Node 705001 as no node in domain
RigidDiaphragm::RigidDiaphragm - ignoring constrained Node 706001 as no node in domain
RigidDiaphragm::RigidDiaphragm - ignoring constrained Node 707001 as no node in domain
RigidDiaphragm::RigidDiaphragm - ignoring constrained Node 708001 as no node in domain
RigidDiaphragm::RigidDiaphragm - ignoring constrained Node 709001 as no node in domain
RigidDiaphragm::RigidDiaphragm - ignoring constrained Node 710001 as no node in domain
RigidDiaphragm::RigidDiaphragm - ignoring constrained Node 711001 as no node in domain
RigidDiaphragm::RigidDiaphragm - ignoring constrained Node 712001 as no node in domain
RigidDiaphragm::RigidDiaphragm - ignoring constrained Node 713001 as no node in domain
RigidDiaphragm::RigidDiaphragm - ignoring constrained Node 714001 as no node in domain
RigidDiaphragm::RigidDiaphragm - ignoring constrained Node 715001 as no node in domain
RigidDiaphragm::RigidDiaphragm - ignoring constrained Node 716001 as no node in domain
RigidDiaphragm::RigidDiaphragm - ignoring constrained Node 717001 as no node in domain
RigidDiaphragm::RigidDiaphragm - ignoring constrained Node 718001 as no node in domain
RigidDiaphragm::RigidDiaphragm - ignoring constrained Node 719001 as no node in domain
RigidDiaphragm::RigidDiaphragm - ignoring constrained Node 720001 as no node in domain
RigidDiaphragm::RigidDiaphragm - ignoring constrained Node 721001 as no node in domain
RigidDiaphragm::RigidDiaphragm - ignoring constrained Node 722001 as no node in domain
RigidDiaphragm::RigidDiaphragm - ignoring constrained Node 723001 as no node in domain
RigidDiaphragm::RigidDiaphragm - ignoring constrained Node 724001 as no node in domain
RigidDiaphragm::RigidDiaphragm - ignoring constrained Node 725001 as no node in domain
RigidDiaphragm::RigidDiaphragm - ignoring constrained Node 726001 as no node in domain
RigidDiaphragm::RigidDiaphragm - ignoring constrained Node 727001 as no node in domain
RigidDiaphragm::RigidDiaphragm - ignoring constrained Node 728001 as no node in domain
RigidDiaphragm::RigidDiaphragm - ignoring constrained Node 729001 as no node in domain
RigidDiaphragm::RigidDiaphragm - ignoring constrained Node 730001 as no node in domain
RigidDiaphragm::RigidDiaphragm - ignoring constrained Node 731001 as no node in domain
RigidDiaphragm::RigidDiaphragm - ignoring constrained Node 732001 as no node in domain
RigidDiaphragm::RigidDiaphragm - ignoring constrained Node 733001 as no node in domain
RigidDiaphragm::RigidDiaphragm - ignoring constrained Node 734001 as no node in domain
RigidDiaphragm::RigidDiaphragm - ignoring constrained Node 735001 as no node in domain
RigidDiaphragm::RigidDiaphragm - ignoring constrained Node 736001 as no node in domain
RigidDiaphragm::RigidDiaphragm - ignoring constrained Node 737001 as no node in domain
RigidDiaphragm::RigidDiaphragm - ignoring constrained Node 738001 as no node in domain
RigidDiaphragm::RigidDiaphragm - ignoring constrained Node 739001 as no node in domain
RigidDiaphragm::RigidDiaphragm - ignoring constrained Node 740001 as no node in domain
RigidDiaphragm::RigidDiaphragm - ignoring constrained Node 741001 as no node in domain
RigidDiaphragm::RigidDiaphragm - ignoring constrained Node 742001 as no node in domain
RigidDiaphragm::RigidDiaphragm - ignoring constrained Node 743001 as no node in domain
RigidDiaphragm::RigidDiaphragm - ignoring constrained Node 744001 as no node in domain
RigidDiaphragm::RigidDiaphragm - ignoring constrained Node 745001 as no node in domain
RigidDiaphragm::RigidDiaphragm - ignoring constrained Node 746001 as no node in domain
RigidDiaphragm::RigidDiaphragm - ignoring constrained Node 747001 as no node in domain
RigidDiaphragm::RigidDiaphragm - ignoring constrained Node 748001 as no node in domain
RigidDiaphragm::RigidDiaphragm - ignoring constrained Node 749001 as no node in domain
RigidDiaphragm::RigidDiaphragm - ignoring constrained Node 750001 as no node in domain
RigidDiaphragm::RigidDiaphragm - ignoring constrained Node 751001 as no node in domain
RigidDiaphragm::RigidDiaphragm - ignoring constrained Node 752001 as no node in domain
RigidDiaphragm::RigidDiaphragm - ignoring constrained Node 753001 as no node in domain
RigidDiaphragm::RigidDiaphragm - ignoring constrained Node 754001 as no node in domain
RigidDiaphragm::RigidDiaphragm - ignoring constrained Node 755001 as no node in domain
RigidDiaphragm::RigidDiaphragm - ignoring constrained Node 756001 as no node in domain
RigidDiaphragm::RigidDiaphragm - ignoring constrained Node 757001 as no node in domain
RigidDiaphragm::RigidDiaphragm - ignoring constrained Node 758001 as no node in domain
RigidDiaphragm::RigidDiaphragm - ignoring constrained Node 759001 as no node in domain
RigidDiaphragm::RigidDiaphragm - ignoring constrained Node 760001 as no node in domain
RigidDiaphragm::RigidDiaphragm - ignoring constrained Node 761001 as no node in domain
RigidDiaphragm::RigidDiaphragm - ignoring constrained Node 762001 as no node in domain
RigidDiaphragm::RigidDiaphragm - ignoring constrained Node 763001 as no node in domain
RigidDiaphragm::RigidDiaphragm - ignoring constrained Node 764001 as no node in domain
RigidDiaphragm::RigidDiaphragm - ignoring constrained Node 765001 as no node in domain
RigidDiaphragm::RigidDiaphragm - ignoring constrained Node 766001 as no node in domain
RigidDiaphragm::RigidDiaphragm - ignoring constrained Node 767001 as no node in domain
RigidDiaphragm::RigidDiaphragm - ignoring constrained Node 768001 as no node in domain
RigidDiaphragm::RigidDiaphragm - ignoring constrained Node 769001 as no node in domain
RigidDiaphragm::RigidDiaphragm - ignoring constrained Node 770001 as no node in domain
RigidDiaphragm::RigidDiaphragm - ignoring constrained Node 771001 as no node in domain
RigidDiaphragm::RigidDiaphragm - ignoring constrained Node 772001 as no node in domain
RigidDiaphragm::RigidDiaphragm - ignoring constrained Node 773001 as no node in domain
RigidDiaphragm::RigidDiaphragm - ignoring constrained Node 774001 as no node in domain
RigidDiaphragm::RigidDiaphragm - ignoring constrained Node 775001 as no node in domain
RigidDiaphragm::RigidDiaphragm - ignoring constrained Node 776001 as no node in domain
RigidDiaphragm::RigidDiaphragm - ignoring constrained Node 777001 as no node in domain
RigidDiaphragm::RigidDiaphragm - ignoring constrained Node 778001 as no node in domain
RigidDiaphragm::RigidDiaphragm - ignoring constrained Node 779001 as no node in domain
RigidDiaphragm::RigidDiaphragm - ignoring constrained Node 780001 as no node in domain
RigidDiaphragm::RigidDiaphragm - ignoring constrained Node 781001 as no node in domain
RigidDiaphragm::RigidDiaphragm - ignoring constrained Node 782001 as no node in domain
RigidDiaphragm::RigidDiaphragm - ignoring constrained Node 783001 as no node in domain
RigidDiaphragm::RigidDiaphragm - ignoring constrained Node 784001 as no node in domain
RigidDiaphragm::RigidDiaphragm - ignoring constrained Node 785001 as no node in domain
RigidDiaphragm::RigidDiaphragm - ignoring constrained Node 786001 as no node in domain
RigidDiaphragm::RigidDiaphragm - ignoring constrained Node 787001 as no node in domain
RigidDiaphragm::RigidDiaphragm - ignoring constrained Node 788001 as no node in domain
RigidDiaphragm::RigidDiaphragm - ignoring constrained Node 789001 as no node in domain
RigidDiaphragm::RigidDiaphragm - ignoring constrained Node 790001 as no node in domain
RigidDiaphragm::RigidDiaphragm - ignoring constrained Node 791001 as no node in domain
RigidDiaphragm::RigidDiaphragm - ignoring constrained Node 792001 as no node in domain
RigidDiaphragm::RigidDiaphragm - ignoring constrained Node 793001 as no node in domain
RigidDiaphragm::RigidDiaphragm - ignoring constrained Node 794001 as no node in domain
RigidDiaphragm::RigidDiaphragm - ignoring constrained Node 795001 as no node in domain
RigidDiaphragm::RigidDiaphragm - ignoring constrained Node 796001 as no node in domain
RigidDiaphragm::RigidDiaphragm - ignoring constrained Node 797001 as no node in domain
RigidDiaphragm::RigidDiaphragm - ignoring constrained Node 798001 as no node in domain
RigidDiaphragm::RigidDiaphragm - ignoring constrained Node 799001 as no node in domain
RigidDiaphragm::RigidDiaphragm - ignoring constrained Node 800001 as no node in domain
RigidDiaphragm::RigidDiaphragm - ignoring constrained Node 801001 as no node in domain
RigidDiaphragm::RigidDiaphragm - ignoring constrained Node 802001 as no node in domain
RigidDiaphragm::RigidDiaphragm - ignoring constrained Node 803001 as no node in domain
RigidDiaphragm::RigidDiaphragm - ignoring constrained Node 804001 as no node in domain
RigidDiaphragm::RigidDiaphragm - ignoring constrained Node 805001 as no node in domain
RigidDiaphragm::RigidDiaphragm - ignoring constrained Node 806001 as no node in domain
RigidDiaphragm::RigidDiaphragm - ignoring constrained Node 807001 as no node in domain
RigidDiaphragm::RigidDiaphragm - ignoring constrained Node 808001 as no node in domain
RigidDiaphragm::RigidDiaphragm - ignoring constrained Node 809001 as no node in domain
RigidDiaphragm::RigidDiaphragm - ignoring constrained Node 810001 as no node in domain
RigidDiaphragm::RigidDiaphragm - ignoring constrained Node 811001 as no node in domain
RigidDiaphragm::RigidDiaphragm - ignoring constrained Node 812001 as no node in domain
RigidDiaphragm::RigidDiaphragm - ignoring constrained Node 813001 as no node in domain
RigidDiaphragm::RigidDiaphragm - ignoring constrained Node 814001 as no node in domain
RigidDiaphragm::RigidDiaphragm - ignoring constrained Node 815001 as no node in domain
RigidDiaphragm::RigidDiaphragm - ignoring constrained Node 816001 as no node in domain
RigidDiaphragm::RigidDiaphragm - ignoring constrained Node 817001 as no node in domain
RigidDiaphragm::RigidDiaphragm - ignoring constrained Node 818001 as no node in domain
RigidDiaphragm::RigidDiaphragm - ignoring constrained Node 819001 as no node in domain
RigidDiaphragm::RigidDiaphragm - ignoring constrained Node 820001 as no node in domain
RigidDiaphragm::RigidDiaphragm - ignoring constrained Node 821001 as no node in domain
RigidDiaphragm::RigidDiaphragm - ignoring constrained Node 822001 as no node in domain
RigidDiaphragm::RigidDiaphragm - ignoring constrained Node 823001 as no node in domain
RigidDiaphragm::RigidDiaphragm - ignoring constrained Node 824001 as no node in domain
RigidDiaphragm::RigidDiaphragm - ignoring constrained Node 825001 as no node in domain
RigidDiaphragm::RigidDiaphragm - ignoring constrained Node 826001 as no node in domain
RigidDiaphragm::RigidDiaphragm - ignoring constrained Node 827001 as no node in domain
RigidDiaphragm::RigidDiaphragm - ignoring constrained Node 828001 as no node in domain
RigidDiaphragm::RigidDiaphragm - ignoring constrained Node 829001 as no node in domain
RigidDiaphragm::RigidDiaphragm - ignoring constrained Node 830001 as no node in domain
RigidDiaphragm::RigidDiaphragm - ignoring constrained Node 831001 as no node in domain
RigidDiaphragm::RigidDiaphragm - ignoring constrained Node 832001 as no node in domain
RigidDiaphragm::RigidDiaphragm - ignoring constrained Node 833001 as no node in domain
RigidDiaphragm::RigidDiaphragm - ignoring constrained Node 834001 as no node in domain
RigidDiaphragm::RigidDiaphragm - ignoring constrained Node 835001 as no node in domain
RigidDiaphragm::RigidDiaphragm - ignoring constrained Node 836001 as no node in domain
RigidDiaphragm::RigidDiaphragm - ignoring constrained Node 837001 as no node in domain
RigidDiaphragm::RigidDiaphragm - ignoring constrained Node 838001 as no node in domain
RigidDiaphragm::RigidDiaphragm - ignoring constrained Node 839001 as no node in domain
RigidDiaphragm::RigidDiaphragm - ignoring constrained Node 840001 as no node in domain
RigidDiaphragm::RigidDiaphragm - ignoring constrained Node 841001 as no node in domain
RigidDiaphragm::RigidDiaphragm - ignoring constrained Node 842001 as no node in domain
RigidDiaphragm::RigidDiaphragm - ignoring constrained Node 843001 as no node in domain
RigidDiaphragm::RigidDiaphragm - ignoring constrained Node 844001 as no node in domain
RigidDiaphragm::RigidDiaphragm - ignoring constrained Node 845001 as no node in domain
RigidDiaphragm::RigidDiaphragm - ignoring constrained Node 846001 as no node in domain
RigidDiaphragm::RigidDiaphragm - ignoring constrained Node 847001 as no node in domain
RigidDiaphragm::RigidDiaphragm - ignoring constrained Node 848001 as no node in domain
RigidDiaphragm::RigidDiaphragm - ignoring constrained Node 849001 as no node in domain
RigidDiaphragm::RigidDiaphragm - ignoring constrained Node 850001 as no node in domain
RigidDiaphragm::RigidDiaphragm - ignoring constrained Node 851001 as no node in domain
RigidDiaphragm::RigidDiaphragm - ignoring constrained Node 852001 as no node in domain
RigidDiaphragm::RigidDiaphragm - ignoring constrained Node 853001 as no node in domain
RigidDiaphragm::RigidDiaphragm - ignoring constrained Node 854001 as no node in domain
RigidDiaphragm::RigidDiaphragm - ignoring constrained Node 855001 as no node in domain
RigidDiaphragm::RigidDiaphragm - ignoring constrained Node 856001 as no node in domain
RigidDiaphragm::RigidDiaphragm - ignoring constrained Node 857001 as no node in domain
RigidDiaphragm::RigidDiaphragm - ignoring constrained Node 858001 as no node in domain
RigidDiaphragm::RigidDiaphragm - ignoring constrained Node 859001 as no node in domain
RigidDiaphragm::RigidDiaphragm - ignoring constrained Node 860001 as no node in domain
RigidDiaphragm::RigidDiaphragm - ignoring constrained Node 861001 as no node in domain
RigidDiaphragm::RigidDiaphragm - ignoring constrained Node 862001 as no node in domain
RigidDiaphragm::RigidDiaphragm - ignoring constrained Node 863001 as no node in domain
RigidDiaphragm::RigidDiaphragm - ignoring constrained Node 864001 as no node in domain
RigidDiaphragm::RigidDiaphragm - ignoring constrained Node 865001 as no node in domain
RigidDiaphragm::RigidDiaphragm - ignoring constrained Node 872001 as no node in domain
RigidDiaphragm::RigidDiaphragm - ignoring constrained Node 873001 as no node in domain
RigidDiaphragm::RigidDiaphragm - ignoring constrained Node 874001 as no node in domain
RigidDiaphragm::RigidDiaphragm - ignoring constrained Node 875001 as no node in domain
RigidDiaphragm::RigidDiaphragm - ignoring constrained Node 876001 as no node in domain
RigidDiaphragm::RigidDiaphragm - ignoring constrained Node 877001 as no node in domain
RigidDiaphragm::RigidDiaphragm - ignoring constrained Node 878001 as no node in domain
RigidDiaphragm::RigidDiaphragm - ignoring constrained Node 879001 as no node in domain
RigidDiaphragm::RigidDiaphragm - ignoring constrained Node 880001 as no node in domain
RigidDiaphragm::RigidDiaphragm - ignoring constrained Node 881001 as no node in domain
RigidDiaphragm::RigidDiaphragm - ignoring constrained Node 882001 as no node in domain
RigidDiaphragm::RigidDiaphragm - ignoring constrained Node 883001 as no node in domain
RigidDiaphragm::RigidDiaphragm - ignoring constrained Node 19002 as no node in domain
RigidDiaphragm::RigidDiaphragm - ignoring constrained Node 21002 as no node in domain
RigidDiaphragm::RigidDiaphragm - ignoring constrained Node 22002 as no node in domain
RigidDiaphragm::RigidDiaphragm - ignoring constrained Node 24002 as no node in domain
RigidDiaphragm::RigidDiaphragm - ignoring constrained Node 45002 as no node in domain
RigidDiaphragm::RigidDiaphragm - ignoring constrained Node 69002 as no node in domain
RigidDiaphragm::RigidDiaphragm - ignoring constrained Node 72002 as no node in domain
RigidDiaphragm::RigidDiaphragm - ignoring constrained Node 74002 as no node in domain
RigidDiaphragm::RigidDiaphragm - ignoring constrained Node 23003 as no node in domain
RigidDiaphragm::RigidDiaphragm - ignoring constrained Node 24003 as no node in domain
RigidDiaphragm::RigidDiaphragm - ignoring constrained Node 25003 as no node in domain
RigidDiaphragm::RigidDiaphragm - ignoring constrained Node 26003 as no node in domain
RigidDiaphragm::RigidDiaphragm - ignoring constrained Node 27003 as no node in domain
RigidDiaphragm::RigidDiaphragm - ignoring constrained Node 28003 as no node in domain
RigidDiaphragm::RigidDiaphragm - ignoring constrained Node 29003 as no node in domain
RigidDiaphragm::RigidDiaphragm - ignoring constrained Node 30003 as no node in domain
RigidDiaphragm::RigidDiaphragm - ignoring constrained Node 31003 as no node in domain
RigidDiaphragm::RigidDiaphragm - ignoring constrained Node 32003 as no node in domain
RigidDiaphragm::RigidDiaphragm - ignoring constrained Node 33003 as no node in domain
RigidDiaphragm::RigidDiaphragm - ignoring constrained Node 34003 as no node in domain
RigidDiaphragm::RigidDiaphragm - ignoring constrained Node 35003 as no node in domain
RigidDiaphragm::RigidDiaphragm - ignoring constrained Node 36003 as no node in domain
RigidDiaphragm::RigidDiaphragm - ignoring constrained Node 37003 as no node in domain
RigidDiaphragm::RigidDiaphragm - ignoring constrained Node 38003 as no node in domain
RigidDiaphragm::RigidDiaphragm - ignoring constrained Node 39003 as no node in domain
RigidDiaphragm::RigidDiaphragm - ignoring constrained Node 40003 as no node in domain
RigidDiaphragm::RigidDiaphragm - ignoring constrained Node 41003 as no node in domain
RigidDiaphragm::RigidDiaphragm - ignoring constrained Node 42003 as no node in domain
RigidDiaphragm::RigidDiaphragm - ignoring constrained Node 43003 as no node in domain
RigidDiaphragm::RigidDiaphragm - ignoring constrained Node 44003 as no node in domain
RigidDiaphragm::RigidDiaphragm - ignoring constrained Node 45003 as no node in domain
RigidDiaphragm::RigidDiaphragm - ignoring constrained Node 46003 as no node in domain
RigidDiaphragm::RigidDiaphragm - ignoring constrained Node 47003 as no node in domain
RigidDiaphragm::RigidDiaphragm - ignoring constrained Node 48003 as no node in domain
RigidDiaphragm::RigidDiaphragm - ignoring constrained Node 53003 as no node in domain
RigidDiaphragm::RigidDiaphragm - ignoring constrained Node 54003 as no node in domain
RigidDiaphragm::RigidDiaphragm - ignoring constrained Node 55003 as no node in domain
RigidDiaphragm::RigidDiaphragm - ignoring constrained Node 59003 as no node in domain
RigidDiaphragm::RigidDiaphragm - ignoring constrained Node 60003 as no node in domain
RigidDiaphragm::RigidDiaphragm - ignoring constrained Node 61003 as no node in domain
RigidDiaphragm::RigidDiaphragm - ignoring constrained Node 69003 as no node in domain
RigidDiaphragm::RigidDiaphragm - ignoring constrained Node 81003 as no node in domain
RigidDiaphragm::RigidDiaphragm - ignoring constrained Node 85003 as no node in domain
RigidDiaphragm::RigidDiaphragm - ignoring constrained Node 89003 as no node in domain
RigidDiaphragm::RigidDiaphragm - ignoring constrained Node 93003 as no node in domain
RigidDiaphragm::RigidDiaphragm - ignoring constrained Node 97003 as no node in domain
RigidDiaphragm::RigidDiaphragm - ignoring constrained Node 101003 as no node in domain
RigidDiaphragm::RigidDiaphragm - ignoring constrained Node 104003 as no node in domain
RigidDiaphragm::RigidDiaphragm - ignoring constrained Node 105003 as no node in domain
RigidDiaphragm::RigidDiaphragm - ignoring constrained Node 108003 as no node in domain
RigidDiaphragm::RigidDiaphragm - ignoring constrained Node 109003 as no node in domain
RigidDiaphragm::RigidDiaphragm - ignoring constrained Node 112003 as no node in domain
RigidDiaphragm::RigidDiaphragm - ignoring constrained Node 113003 as no node in domain
RigidDiaphragm::RigidDiaphragm - ignoring constrained Node 116003 as no node in domain
RigidDiaphragm::RigidDiaphragm - ignoring constrained Node 117003 as no node in domain
RigidDiaphragm::RigidDiaphragm - ignoring constrained Node 120003 as no node in domain
RigidDiaphragm::RigidDiaphragm - ignoring constrained Node 121003 as no node in domain
RigidDiaphragm::RigidDiaphragm - ignoring constrained Node 124003 as no node in domain
RigidDiaphragm::RigidDiaphragm - ignoring constrained Node 125003 as no node in domain
RigidDiaphragm::RigidDiaphragm - ignoring constrained Node 128003 as no node in domain
RigidDiaphragm::RigidDiaphragm - ignoring constrained Node 129003 as no node in domain
RigidDiaphragm::RigidDiaphragm - ignoring constrained Node 132003 as no node in domain
RigidDiaphragm::RigidDiaphragm - ignoring constrained Node 133003 as no node in domain
RigidDiaphragm::RigidDiaphragm - ignoring constrained Node 136003 as no node in domain
RigidDiaphragm::RigidDiaphragm - ignoring constrained Node 137003 as no node in domain
RigidDiaphragm::RigidDiaphragm - ignoring constrained Node 140003 as no node in domain
RigidDiaphragm::RigidDiaphragm - ignoring constrained Node 141003 as no node in domain
RigidDiaphragm::RigidDiaphragm - ignoring constrained Node 145003 as no node in domain
RigidDiaphragm::RigidDiaphragm - ignoring constrained Node 149003 as no node in domain
RigidDiaphragm::RigidDiaphragm - ignoring constrained Node 153003 as no node in domain
RigidDiaphragm::RigidDiaphragm - ignoring constrained Node 157003 as no node in domain
RigidDiaphragm::RigidDiaphragm - ignoring constrained Node 161003 as no node in domain
RigidDiaphragm::RigidDiaphragm - ignoring constrained Node 165003 as no node in domain
RigidDiaphragm::RigidDiaphragm - ignoring constrained Node 168003 as no node in domain
RigidDiaphragm::RigidDiaphragm - ignoring constrained Node 169003 as no node in domain
RigidDiaphragm::RigidDiaphragm - ignoring constrained Node 172003 as no node in domain
RigidDiaphragm::RigidDiaphragm - ignoring constrained Node 173003 as no node in domain
RigidDiaphragm::RigidDiaphragm - ignoring constrained Node 176003 as no node in domain
RigidDiaphragm::RigidDiaphragm - ignoring constrained Node 177003 as no node in domain
RigidDiaphragm::RigidDiaphragm - ignoring constrained Node 180003 as no node in domain
RigidDiaphragm::RigidDiaphragm - ignoring constrained Node 181003 as no node in domain
RigidDiaphragm::RigidDiaphragm - ignoring constrained Node 182003 as no node in domain
RigidDiaphragm::RigidDiaphragm - ignoring constrained Node 183003 as no node in domain
RigidDiaphragm::RigidDiaphragm - ignoring constrained Node 184003 as no node in domain
RigidDiaphragm::RigidDiaphragm - ignoring constrained Node 185003 as no node in domain
RigidDiaphragm::RigidDiaphragm - ignoring constrained Node 196003 as no node in domain
RigidDiaphragm::RigidDiaphragm - ignoring constrained Node 197003 as no node in domain
RigidDiaphragm::RigidDiaphragm - ignoring constrained Node 200003 as no node in domain
RigidDiaphragm::RigidDiaphragm - ignoring constrained Node 201003 as no node in domain
RigidDiaphragm::RigidDiaphragm - ignoring constrained Node 204003 as no node in domain
RigidDiaphragm::RigidDiaphragm - ignoring constrained Node 205003 as no node in domain
RigidDiaphragm::RigidDiaphragm - ignoring constrained Node 208003 as no node in domain
RigidDiaphragm::RigidDiaphragm - ignoring constrained Node 209003 as no node in domain
RigidDiaphragm::RigidDiaphragm - ignoring constrained Node 212003 as no node in domain
RigidDiaphragm::RigidDiaphragm - ignoring constrained Node 213003 as no node in domain
RigidDiaphragm::RigidDiaphragm - ignoring constrained Node 216003 as no node in domain
RigidDiaphragm::RigidDiaphragm - ignoring constrained Node 217003 as no node in domain
RigidDiaphragm::RigidDiaphragm - ignoring constrained Node 220003 as no node in domain
RigidDiaphragm::RigidDiaphragm - ignoring constrained Node 221003 as no node in domain
RigidDiaphragm::RigidDiaphragm - ignoring constrained Node 224003 as no node in domain
RigidDiaphragm::RigidDiaphragm - ignoring constrained Node 225003 as no node in domain
RigidDiaphragm::RigidDiaphragm - ignoring constrained Node 228003 as no node in domain
RigidDiaphragm::RigidDiaphragm - ignoring constrained Node 229003 as no node in domain
RigidDiaphragm::RigidDiaphragm - ignoring constrained Node 232003 as no node in domain
RigidDiaphragm::RigidDiaphragm - ignoring constrained Node 233003 as no node in domain
RigidDiaphragm::RigidDiaphragm - ignoring constrained Node 236003 as no node in domain
RigidDiaphragm::RigidDiaphragm - ignoring constrained Node 237003 as no node in domain
RigidDiaphragm::RigidDiaphragm - ignoring constrained Node 240003 as no node in domain
RigidDiaphragm::RigidDiaphragm - ignoring constrained Node 241003 as no node in domain
RigidDiaphragm::RigidDiaphragm - ignoring constrained Node 288003 as no node in domain
RigidDiaphragm::RigidDiaphragm - ignoring constrained Node 289003 as no node in domain
RigidDiaphragm::RigidDiaphragm - ignoring constrained Node 292003 as no node in domain
RigidDiaphragm::RigidDiaphragm - ignoring constrained Node 293003 as no node in domain
RigidDiaphragm::RigidDiaphragm - ignoring constrained Node 296003 as no node in domain
RigidDiaphragm::RigidDiaphragm - ignoring constrained Node 297003 as no node in domain
RigidDiaphragm::RigidDiaphragm - ignoring constrained Node 300003 as no node in domain
RigidDiaphragm::RigidDiaphragm - ignoring constrained Node 301003 as no node in domain
RigidDiaphragm::RigidDiaphragm - ignoring constrained Node 304003 as no node in domain
RigidDiaphragm::RigidDiaphragm - ignoring constrained Node 305003 as no node in domain
RigidDiaphragm::RigidDiaphragm - ignoring constrained Node 308003 as no node in domain
RigidDiaphragm::RigidDiaphragm - ignoring constrained Node 309003 as no node in domain
RigidDiaphragm::RigidDiaphragm - ignoring constrained Node 310003 as no node in domain
RigidDiaphragm::RigidDiaphragm - ignoring constrained Node 311003 as no node in domain
RigidDiaphragm::RigidDiaphragm - ignoring constrained Node 312003 as no node in domain
RigidDiaphragm::RigidDiaphragm - ignoring constrained Node 313003 as no node in domain
RigidDiaphragm::RigidDiaphragm - ignoring constrained Node 314003 as no node in domain
RigidDiaphragm::RigidDiaphragm - ignoring constrained Node 315003 as no node in domain
RigidDiaphragm::RigidDiaphragm - ignoring constrained Node 316003 as no node in domain
RigidDiaphragm::RigidDiaphragm - ignoring constrained Node 317003 as no node in domain
RigidDiaphragm::RigidDiaphragm - ignoring constrained Node 318003 as no node in domain
RigidDiaphragm::RigidDiaphragm - ignoring constrained Node 319003 as no node in domain
RigidDiaphragm::RigidDiaphragm - ignoring constrained Node 322003 as no node in domain
RigidDiaphragm::RigidDiaphragm - ignoring constrained Node 323003 as no node in domain
RigidDiaphragm::RigidDiaphragm - ignoring constrained Node 326003 as no node in domain
RigidDiaphragm::RigidDiaphragm - ignoring constrained Node 327003 as no node in domain
RigidDiaphragm::RigidDiaphragm - ignoring constrained Node 330003 as no node in domain
RigidDiaphragm::RigidDiaphragm - ignoring constrained Node 331003 as no node in domain
RigidDiaphragm::RigidDiaphragm - ignoring constrained Node 340003 as no node in domain
RigidDiaphragm::RigidDiaphragm - ignoring constrained Node 341003 as no node in domain
RigidDiaphragm::RigidDiaphragm - ignoring constrained Node 342003 as no node in domain
RigidDiaphragm::RigidDiaphragm - ignoring constrained Node 343003 as no node in domain
RigidDiaphragm::RigidDiaphragm - ignoring constrained Node 344003 as no node in domain
RigidDiaphragm::RigidDiaphragm - ignoring constrained Node 345003 as no node in domain
RigidDiaphragm::RigidDiaphragm - ignoring constrained Node 346003 as no node in domain
RigidDiaphragm::RigidDiaphragm - ignoring constrained Node 347003 as no node in domain
RigidDiaphragm::RigidDiaphragm - ignoring constrained Node 374003 as no node in domain
RigidDiaphragm::RigidDiaphragm - ignoring constrained Node 375003 as no node in domain
RigidDiaphragm::RigidDiaphragm - ignoring constrained Node 376003 as no node in domain
RigidDiaphragm::RigidDiaphragm - ignoring constrained Node 377003 as no node in domain
RigidDiaphragm::RigidDiaphragm - ignoring constrained Node 378003 as no node in domain
RigidDiaphragm::RigidDiaphragm - ignoring constrained Node 379003 as no node in domain
RigidDiaphragm::RigidDiaphragm - ignoring constrained Node 380003 as no node in domain
RigidDiaphragm::RigidDiaphragm - ignoring constrained Node 381003 as no node in domain
RigidDiaphragm::RigidDiaphragm - ignoring constrained Node 382003 as no node in domain
RigidDiaphragm::RigidDiaphragm - ignoring constrained Node 383003 as no node in domain
RigidDiaphragm::RigidDiaphragm - ignoring constrained Node 384003 as no node in domain
RigidDiaphragm::RigidDiaphragm - ignoring constrained Node 385003 as no node in domain
RigidDiaphragm::RigidDiaphragm - ignoring constrained Node 386003 as no node in domain
RigidDiaphragm::RigidDiaphragm - ignoring constrained Node 387003 as no node in domain
RigidDiaphragm::RigidDiaphragm - ignoring constrained Node 388003 as no node in domain
RigidDiaphragm::RigidDiaphragm - ignoring constrained Node 389003 as no node in domain
RigidDiaphragm::RigidDiaphragm - ignoring constrained Node 390003 as no node in domain
RigidDiaphragm::RigidDiaphragm - ignoring constrained Node 391003 as no node in domain
RigidDiaphragm::RigidDiaphragm - ignoring constrained Node 392003 as no node in domain
RigidDiaphragm::RigidDiaphragm - ignoring constrained Node 393003 as no node in domain
RigidDiaphragm::RigidDiaphragm - ignoring constrained Node 394003 as no node in domain
RigidDiaphragm::RigidDiaphragm - ignoring constrained Node 395003 as no node in domain
RigidDiaphragm::RigidDiaphragm - ignoring constrained Node 396003 as no node in domain
RigidDiaphragm::RigidDiaphragm - ignoring constrained Node 397003 as no node in domain
RigidDiaphragm::RigidDiaphragm - ignoring constrained Node 398003 as no node in domain
RigidDiaphragm::RigidDiaphragm - ignoring constrained Node 399003 as no node in domain
RigidDiaphragm::RigidDiaphragm - ignoring constrained Node 400003 as no node in domain
RigidDiaphragm::RigidDiaphragm - ignoring constrained Node 401003 as no node in domain
RigidDiaphragm::RigidDiaphragm - ignoring constrained Node 428003 as no node in domain
RigidDiaphragm::RigidDiaphragm - ignoring constrained Node 429003 as no node in domain
RigidDiaphragm::RigidDiaphragm - ignoring constrained Node 430003 as no node in domain
RigidDiaphragm::RigidDiaphragm - ignoring constrained Node 448003 as no node in domain
RigidDiaphragm::RigidDiaphragm - ignoring constrained Node 449003 as no node in domain
RigidDiaphragm::RigidDiaphragm - ignoring constrained Node 450003 as no node in domain
RigidDiaphragm::RigidDiaphragm - ignoring constrained Node 451003 as no node in domain
RigidDiaphragm::RigidDiaphragm - ignoring constrained Node 452003 as no node in domain
RigidDiaphragm::RigidDiaphragm - ignoring constrained Node 453003 as no node in domain
RigidDiaphragm::RigidDiaphragm - ignoring constrained Node 474003 as no node in domain
RigidDiaphragm::RigidDiaphragm - ignoring constrained Node 475003 as no node in domain
RigidDiaphragm::RigidDiaphragm - ignoring constrained Node 478003 as no node in domain
RigidDiaphragm::RigidDiaphragm - ignoring constrained Node 479003 as no node in domain
RigidDiaphragm::RigidDiaphragm - ignoring constrained Node 522003 as no node in domain
RigidDiaphragm::RigidDiaphragm - ignoring constrained Node 523003 as no node in domain
RigidDiaphragm::RigidDiaphragm - ignoring constrained Node 524003 as no node in domain
RigidDiaphragm::RigidDiaphragm - ignoring constrained Node 525003 as no node in domain
RigidDiaphragm::RigidDiaphragm - ignoring constrained Node 640003 as no node in domain
RigidDiaphragm::RigidDiaphragm - ignoring constrained Node 642003 as no node in domain
RigidDiaphragm::RigidDiaphragm - ignoring constrained Node 644003 as no node in domain
RigidDiaphragm::RigidDiaphragm - ignoring constrained Node 646003 as no node in domain
RigidDiaphragm::RigidDiaphragm - ignoring constrained Node 648003 as no node in domain
RigidDiaphragm::RigidDiaphragm - ignoring constrained Node 650003 as no node in domain
RigidDiaphragm::RigidDiaphragm - ignoring constrained Node 652003 as no node in domain
RigidDiaphragm::RigidDiaphragm - ignoring constrained Node 653003 as no node in domain
RigidDiaphragm::RigidDiaphragm - ignoring constrained Node 654003 as no node in domain
RigidDiaphragm::RigidDiaphragm - ignoring constrained Node 655003 as no node in domain
RigidDiaphragm::RigidDiaphragm - ignoring constrained Node 656003 as no node in domain
RigidDiaphragm::RigidDiaphragm - ignoring constrained Node 657003 as no node in domain
RigidDiaphragm::RigidDiaphragm - ignoring constrained Node 658003 as no node in domain
RigidDiaphragm::RigidDiaphragm - ignoring constrained Node 659003 as no node in domain
RigidDiaphragm::RigidDiaphragm - ignoring constrained Node 660003 as no node in domain
RigidDiaphragm::RigidDiaphragm - ignoring constrained Node 661003 as no node in domain
RigidDiaphragm::RigidDiaphragm - ignoring constrained Node 662003 as no node in domain
RigidDiaphragm::RigidDiaphragm - ignoring constrained Node 663003 as no node in domain
RigidDiaphragm::RigidDiaphragm - ignoring constrained Node 664003 as no node in domain
RigidDiaphragm::RigidDiaphragm - ignoring constrained Node 665003 as no node in domain
RigidDiaphragm::RigidDiaphragm - ignoring constrained Node 666003 as no node in domain
RigidDiaphragm::RigidDiaphragm - ignoring constrained Node 667003 as no node in domain
RigidDiaphragm::RigidDiaphragm - ignoring constrained Node 668003 as no node in domain
RigidDiaphragm::RigidDiaphragm - ignoring constrained Node 675003 as no node in domain
RigidDiaphragm::RigidDiaphragm - ignoring constrained Node 678003 as no node in domain
RigidDiaphragm::RigidDiaphragm - ignoring constrained Node 681003 as no node in domain
RigidDiaphragm::RigidDiaphragm - ignoring constrained Node 684003 as no node in domain
RigidDiaphragm::RigidDiaphragm - ignoring constrained Node 687003 as no node in domain
RigidDiaphragm::RigidDiaphragm - ignoring constrained Node 690003 as no node in domain
RigidDiaphragm::RigidDiaphragm - ignoring constrained Node 693003 as no node in domain
RigidDiaphragm::RigidDiaphragm - ignoring constrained Node 696003 as no node in domain
RigidDiaphragm::RigidDiaphragm - ignoring constrained Node 699003 as no node in domain
RigidDiaphragm::RigidDiaphragm - ignoring constrained Node 702003 as no node in domain
RigidDiaphragm::RigidDiaphragm - ignoring constrained Node 705003 as no node in domain
RigidDiaphragm::RigidDiaphragm - ignoring constrained Node 708003 as no node in domain
RigidDiaphragm::RigidDiaphragm - ignoring constrained Node 711003 as no node in domain
RigidDiaphragm::RigidDiaphragm - ignoring constrained Node 714003 as no node in domain
RigidDiaphragm::RigidDiaphragm - ignoring constrained Node 717003 as no node in domain
RigidDiaphragm::RigidDiaphragm - ignoring constrained Node 720003 as no node in domain
RigidDiaphragm::RigidDiaphragm - ignoring constrained Node 723003 as no node in domain
RigidDiaphragm::RigidDiaphragm - ignoring constrained Node 726003 as no node in domain
RigidDiaphragm::RigidDiaphragm - ignoring constrained Node 729003 as no node in domain
RigidDiaphragm::RigidDiaphragm - ignoring constrained Node 732003 as no node in domain
RigidDiaphragm::RigidDiaphragm - ignoring constrained Node 734003 as no node in domain
RigidDiaphragm::RigidDiaphragm - ignoring constrained Node 736003 as no node in domain
RigidDiaphragm::RigidDiaphragm - ignoring constrained Node 738003 as no node in domain
RigidDiaphragm::RigidDiaphragm - ignoring constrained Node 740003 as no node in domain
RigidDiaphragm::RigidDiaphragm - ignoring constrained Node 742003 as no node in domain
RigidDiaphragm::RigidDiaphragm - ignoring constrained Node 744003 as no node in domain
RigidDiaphragm::RigidDiaphragm - ignoring constrained Node 746003 as no node in domain
RigidDiaphragm::RigidDiaphragm - ignoring constrained Node 748003 as no node in domain
RigidDiaphragm::RigidDiaphragm - ignoring constrained Node 750003 as no node in domain
RigidDiaphragm::RigidDiaphragm - ignoring constrained Node 752003 as no node in domain
RigidDiaphragm::RigidDiaphragm - ignoring constrained Node 754003 as no node in domain
RigidDiaphragm::RigidDiaphragm - ignoring constrained Node 756003 as no node in domain
RigidDiaphragm::RigidDiaphragm - ignoring constrained Node 758003 as no node in domain
RigidDiaphragm::RigidDiaphragm - ignoring constrained Node 760003 as no node in domain
RigidDiaphragm::RigidDiaphragm - ignoring constrained Node 762003 as no node in domain
RigidDiaphragm::RigidDiaphragm - ignoring constrained Node 764003 as no node in domain
RigidDiaphragm::RigidDiaphragm - ignoring constrained Node 766003 as no node in domain
RigidDiaphragm::RigidDiaphragm - ignoring constrained Node 768003 as no node in domain
RigidDiaphragm::RigidDiaphragm - ignoring constrained Node 770003 as no node in domain
RigidDiaphragm::RigidDiaphragm - ignoring constrained Node 772003 as no node in domain
RigidDiaphragm::RigidDiaphragm - ignoring constrained Node 774003 as no node in domain
RigidDiaphragm::RigidDiaphragm - ignoring constrained Node 775003 as no node in domain
RigidDiaphragm::RigidDiaphragm - ignoring constrained Node 776003 as no node in domain
RigidDiaphragm::RigidDiaphragm - ignoring constrained Node 777003 as no node in domain
RigidDiaphragm::RigidDiaphragm - ignoring constrained Node 778003 as no node in domain
RigidDiaphragm::RigidDiaphragm - ignoring constrained Node 779003 as no node in domain
RigidDiaphragm::RigidDiaphragm - ignoring constrained Node 780003 as no node in domain
RigidDiaphragm::RigidDiaphragm - ignoring constrained Node 781003 as no node in domain
RigidDiaphragm::RigidDiaphragm - ignoring constrained Node 782003 as no node in domain
RigidDiaphragm::RigidDiaphragm - ignoring constrained Node 783003 as no node in domain
RigidDiaphragm::RigidDiaphragm - ignoring constrained Node 784003 as no node in domain
RigidDiaphragm::RigidDiaphragm - ignoring constrained Node 785003 as no node in domain
RigidDiaphragm::RigidDiaphragm - ignoring constrained Node 786003 as no node in domain
RigidDiaphragm::RigidDiaphragm - ignoring constrained Node 787003 as no node in domain
RigidDiaphragm::RigidDiaphragm - ignoring constrained Node 788003 as no node in domain
RigidDiaphragm::RigidDiaphragm - ignoring constrained Node 789003 as no node in domain
RigidDiaphragm::RigidDiaphragm - ignoring constrained Node 790003 as no node in domain
RigidDiaphragm::RigidDiaphragm - ignoring constrained Node 791003 as no node in domain
RigidDiaphragm::RigidDiaphragm - ignoring constrained Node 792003 as no node in domain
RigidDiaphragm::RigidDiaphragm - ignoring constrained Node 793003 as no node in domain
RigidDiaphragm::RigidDiaphragm - ignoring constrained Node 794003 as no node in domain
RigidDiaphragm::RigidDiaphragm - ignoring constrained Node 795003 as no node in domain
RigidDiaphragm::RigidDiaphragm - ignoring constrained Node 796003 as no node in domain
RigidDiaphragm::RigidDiaphragm - ignoring constrained Node 797003 as no node in domain
RigidDiaphragm::RigidDiaphragm - ignoring constrained Node 798003 as no node in domain
RigidDiaphragm::RigidDiaphragm - ignoring constrained Node 799003 as no node in domain
RigidDiaphragm::RigidDiaphragm - ignoring constrained Node 800003 as no node in domain
RigidDiaphragm::RigidDiaphragm - ignoring constrained Node 801003 as no node in domain
RigidDiaphragm::RigidDiaphragm - ignoring constrained Node 802003 as no node in domain
RigidDiaphragm::RigidDiaphragm - ignoring constrained Node 803003 as no node in domain
RigidDiaphragm::RigidDiaphragm - ignoring constrained Node 804003 as no node in domain
RigidDiaphragm::RigidDiaphragm - ignoring constrained Node 873003 as no node in domain
RigidDiaphragm::RigidDiaphragm - ignoring constrained Node 875003 as no node in domain
RigidDiaphragm::RigidDiaphragm - ignoring constrained Node 877003 as no node in domain
RigidDiaphragm::RigidDiaphragm - ignoring constrained Node 879003 as no node in domain
RigidDiaphragm::RigidDiaphragm - ignoring constrained Node 881003 as no node in domain
RigidDiaphragm::RigidDiaphragm - ignoring constrained Node 883003 as no node in domain
RigidDiaphragm::RigidDiaphragm - ignoring constrained Node 1004 as no node in domain
RigidDiaphragm::RigidDiaphragm - ignoring constrained Node 3004 as no node in domain
RigidDiaphragm::RigidDiaphragm - ignoring constrained Node 4004 as no node in domain
RigidDiaphragm::RigidDiaphragm - ignoring constrained Node 5004 as no node in domain
RigidDiaphragm::RigidDiaphragm - ignoring constrained Node 6004 as no node in domain
RigidDiaphragm::RigidDiaphragm - ignoring constrained Node 7004 as no node in domain
RigidDiaphragm::RigidDiaphragm - ignoring constrained Node 8004 as no node in domain
RigidDiaphragm::RigidDiaphragm - ignoring constrained Node 9004 as no node in domain
RigidDiaphragm::RigidDiaphragm - ignoring constrained Node 10004 as no node in domain
RigidDiaphragm::RigidDiaphragm - ignoring constrained Node 11004 as no node in domain
RigidDiaphragm::RigidDiaphragm - ignoring constrained Node 12004 as no node in domain
RigidDiaphragm::RigidDiaphragm - ignoring constrained Node 13004 as no node in domain
RigidDiaphragm::RigidDiaphragm - ignoring constrained Node 14004 as no node in domain
RigidDiaphragm::RigidDiaphragm - ignoring constrained Node 15004 as no node in domain
RigidDiaphragm::RigidDiaphragm - ignoring constrained Node 16004 as no node in domain
RigidDiaphragm::RigidDiaphragm - ignoring constrained Node 17004 as no node in domain
RigidDiaphragm::RigidDiaphragm - ignoring constrained Node 18004 as no node in domain
RigidDiaphragm::RigidDiaphragm - ignoring constrained Node 19004 as no node in domain
RigidDiaphragm::RigidDiaphragm - ignoring constrained Node 20004 as no node in domain
RigidDiaphragm::RigidDiaphragm - ignoring constrained Node 21004 as no node in domain
RigidDiaphragm::RigidDiaphragm - ignoring constrained Node 50004 as no node in domain
RigidDiaphragm::RigidDiaphragm - ignoring constrained Node 51004 as no node in domain
RigidDiaphragm::RigidDiaphragm - ignoring constrained Node 52004 as no node in domain
RigidDiaphragm::RigidDiaphragm - ignoring constrained Node 56004 as no node in domain
RigidDiaphragm::RigidDiaphragm - ignoring constrained Node 57004 as no node in domain
RigidDiaphragm::RigidDiaphragm - ignoring constrained Node 58004 as no node in domain
RigidDiaphragm::RigidDiaphragm - ignoring constrained Node 72004 as no node in domain
RigidDiaphragm::RigidDiaphragm - ignoring constrained Node 74004 as no node in domain
RigidDiaphragm::RigidDiaphragm - ignoring constrained Node 78004 as no node in domain
RigidDiaphragm::RigidDiaphragm - ignoring constrained Node 82004 as no node in domain
RigidDiaphragm::RigidDiaphragm - ignoring constrained Node 86004 as no node in domain
RigidDiaphragm::RigidDiaphragm - ignoring constrained Node 90004 as no node in domain
RigidDiaphragm::RigidDiaphragm - ignoring constrained Node 94004 as no node in domain
RigidDiaphragm::RigidDiaphragm - ignoring constrained Node 98004 as no node in domain
RigidDiaphragm::RigidDiaphragm - ignoring constrained Node 102004 as no node in domain
RigidDiaphragm::RigidDiaphragm - ignoring constrained Node 103004 as no node in domain
RigidDiaphragm::RigidDiaphragm - ignoring constrained Node 106004 as no node in domain
RigidDiaphragm::RigidDiaphragm - ignoring constrained Node 107004 as no node in domain
RigidDiaphragm::RigidDiaphragm - ignoring constrained Node 110004 as no node in domain
RigidDiaphragm::RigidDiaphragm - ignoring constrained Node 111004 as no node in domain
RigidDiaphragm::RigidDiaphragm - ignoring constrained Node 114004 as no node in domain
RigidDiaphragm::RigidDiaphragm - ignoring constrained Node 115004 as no node in domain
RigidDiaphragm::RigidDiaphragm - ignoring constrained Node 118004 as no node in domain
RigidDiaphragm::RigidDiaphragm - ignoring constrained Node 119004 as no node in domain
RigidDiaphragm::RigidDiaphragm - ignoring constrained Node 122004 as no node in domain
RigidDiaphragm::RigidDiaphragm - ignoring constrained Node 123004 as no node in domain
RigidDiaphragm::RigidDiaphragm - ignoring constrained Node 126004 as no node in domain
RigidDiaphragm::RigidDiaphragm - ignoring constrained Node 127004 as no node in domain
RigidDiaphragm::RigidDiaphragm - ignoring constrained Node 130004 as no node in domain
RigidDiaphragm::RigidDiaphragm - ignoring constrained Node 131004 as no node in domain
RigidDiaphragm::RigidDiaphragm - ignoring constrained Node 134004 as no node in domain
RigidDiaphragm::RigidDiaphragm - ignoring constrained Node 135004 as no node in domain
RigidDiaphragm::RigidDiaphragm - ignoring constrained Node 138004 as no node in domain
RigidDiaphragm::RigidDiaphragm - ignoring constrained Node 139004 as no node in domain
RigidDiaphragm::RigidDiaphragm - ignoring constrained Node 142004 as no node in domain
RigidDiaphragm::RigidDiaphragm - ignoring constrained Node 146004 as no node in domain
RigidDiaphragm::RigidDiaphragm - ignoring constrained Node 150004 as no node in domain
RigidDiaphragm::RigidDiaphragm - ignoring constrained Node 154004 as no node in domain
RigidDiaphragm::RigidDiaphragm - ignoring constrained Node 158004 as no node in domain
RigidDiaphragm::RigidDiaphragm - ignoring constrained Node 162004 as no node in domain
RigidDiaphragm::RigidDiaphragm - ignoring constrained Node 166004 as no node in domain
RigidDiaphragm::RigidDiaphragm - ignoring constrained Node 167004 as no node in domain
RigidDiaphragm::RigidDiaphragm - ignoring constrained Node 170004 as no node in domain
RigidDiaphragm::RigidDiaphragm - ignoring constrained Node 171004 as no node in domain
RigidDiaphragm::RigidDiaphragm - ignoring constrained Node 174004 as no node in domain
RigidDiaphragm::RigidDiaphragm - ignoring constrained Node 175004 as no node in domain
RigidDiaphragm::RigidDiaphragm - ignoring constrained Node 178004 as no node in domain
RigidDiaphragm::RigidDiaphragm - ignoring constrained Node 179004 as no node in domain
RigidDiaphragm::RigidDiaphragm - ignoring constrained Node 194004 as no node in domain
RigidDiaphragm::RigidDiaphragm - ignoring constrained Node 195004 as no node in domain
RigidDiaphragm::RigidDiaphragm - ignoring constrained Node 198004 as no node in domain
RigidDiaphragm::RigidDiaphragm - ignoring constrained Node 199004 as no node in domain
RigidDiaphragm::RigidDiaphragm - ignoring constrained Node 202004 as no node in domain
RigidDiaphragm::RigidDiaphragm - ignoring constrained Node 203004 as no node in domain
RigidDiaphragm::RigidDiaphragm - ignoring constrained Node 206004 as no node in domain
RigidDiaphragm::RigidDiaphragm - ignoring constrained Node 207004 as no node in domain
RigidDiaphragm::RigidDiaphragm - ignoring constrained Node 210004 as no node in domain
RigidDiaphragm::RigidDiaphragm - ignoring constrained Node 211004 as no node in domain
RigidDiaphragm::RigidDiaphragm - ignoring constrained Node 214004 as no node in domain
RigidDiaphragm::RigidDiaphragm - ignoring constrained Node 215004 as no node in domain
RigidDiaphragm::RigidDiaphragm - ignoring constrained Node 218004 as no node in domain
RigidDiaphragm::RigidDiaphragm - ignoring constrained Node 219004 as no node in domain
RigidDiaphragm::RigidDiaphragm - ignoring constrained Node 222004 as no node in domain
RigidDiaphragm::RigidDiaphragm - ignoring constrained Node 223004 as no node in domain
RigidDiaphragm::RigidDiaphragm - ignoring constrained Node 226004 as no node in domain
RigidDiaphragm::RigidDiaphragm - ignoring constrained Node 227004 as no node in domain
RigidDiaphragm::RigidDiaphragm - ignoring constrained Node 230004 as no node in domain
RigidDiaphragm::RigidDiaphragm - ignoring constrained Node 231004 as no node in domain
RigidDiaphragm::RigidDiaphragm - ignoring constrained Node 234004 as no node in domain
RigidDiaphragm::RigidDiaphragm - ignoring constrained Node 235004 as no node in domain
RigidDiaphragm::RigidDiaphragm - ignoring constrained Node 238004 as no node in domain
RigidDiaphragm::RigidDiaphragm - ignoring constrained Node 239004 as no node in domain
RigidDiaphragm::RigidDiaphragm - ignoring constrained Node 246004 as no node in domain
RigidDiaphragm::RigidDiaphragm - ignoring constrained Node 247004 as no node in domain
RigidDiaphragm::RigidDiaphragm - ignoring constrained Node 248004 as no node in domain
RigidDiaphragm::RigidDiaphragm - ignoring constrained Node 249004 as no node in domain
RigidDiaphragm::RigidDiaphragm - ignoring constrained Node 250004 as no node in domain
RigidDiaphragm::RigidDiaphragm - ignoring constrained Node 251004 as no node in domain
RigidDiaphragm::RigidDiaphragm - ignoring constrained Node 252004 as no node in domain
RigidDiaphragm::RigidDiaphragm - ignoring constrained Node 253004 as no node in domain
RigidDiaphragm::RigidDiaphragm - ignoring constrained Node 254004 as no node in domain
RigidDiaphragm::RigidDiaphragm - ignoring constrained Node 255004 as no node in domain
RigidDiaphragm::RigidDiaphragm - ignoring constrained Node 256004 as no node in domain
RigidDiaphragm::RigidDiaphragm - ignoring constrained Node 257004 as no node in domain
RigidDiaphragm::RigidDiaphragm - ignoring constrained Node 258004 as no node in domain
RigidDiaphragm::RigidDiaphragm - ignoring constrained Node 259004 as no node in domain
RigidDiaphragm::RigidDiaphragm - ignoring constrained Node 260004 as no node in domain
RigidDiaphragm::RigidDiaphragm - ignoring constrained Node 261004 as no node in domain
RigidDiaphragm::RigidDiaphragm - ignoring constrained Node 264004 as no node in domain
RigidDiaphragm::RigidDiaphragm - ignoring constrained Node 265004 as no node in domain
RigidDiaphragm::RigidDiaphragm - ignoring constrained Node 268004 as no node in domain
RigidDiaphragm::RigidDiaphragm - ignoring constrained Node 269004 as no node in domain
RigidDiaphragm::RigidDiaphragm - ignoring constrained Node 272004 as no node in domain
RigidDiaphragm::RigidDiaphragm - ignoring constrained Node 273004 as no node in domain
RigidDiaphragm::RigidDiaphragm - ignoring constrained Node 276004 as no node in domain
RigidDiaphragm::RigidDiaphragm - ignoring constrained Node 277004 as no node in domain
RigidDiaphragm::RigidDiaphragm - ignoring constrained Node 280004 as no node in domain
RigidDiaphragm::RigidDiaphragm - ignoring constrained Node 281004 as no node in domain
RigidDiaphragm::RigidDiaphragm - ignoring constrained Node 284004 as no node in domain
RigidDiaphragm::RigidDiaphragm - ignoring constrained Node 285004 as no node in domain
RigidDiaphragm::RigidDiaphragm - ignoring constrained Node 320004 as no node in domain
RigidDiaphragm::RigidDiaphragm - ignoring constrained Node 321004 as no node in domain
RigidDiaphragm::RigidDiaphragm - ignoring constrained Node 324004 as no node in domain
RigidDiaphragm::RigidDiaphragm - ignoring constrained Node 325004 as no node in domain
RigidDiaphragm::RigidDiaphragm - ignoring constrained Node 328004 as no node in domain
RigidDiaphragm::RigidDiaphragm - ignoring constrained Node 329004 as no node in domain
RigidDiaphragm::RigidDiaphragm - ignoring constrained Node 332004 as no node in domain
RigidDiaphragm::RigidDiaphragm - ignoring constrained Node 333004 as no node in domain
RigidDiaphragm::RigidDiaphragm - ignoring constrained Node 334004 as no node in domain
RigidDiaphragm::RigidDiaphragm - ignoring constrained Node 335004 as no node in domain
RigidDiaphragm::RigidDiaphragm - ignoring constrained Node 336004 as no node in domain
RigidDiaphragm::RigidDiaphragm - ignoring constrained Node 337004 as no node in domain
RigidDiaphragm::RigidDiaphragm - ignoring constrained Node 338004 as no node in domain
RigidDiaphragm::RigidDiaphragm - ignoring constrained Node 339004 as no node in domain
RigidDiaphragm::RigidDiaphragm - ignoring constrained Node 348004 as no node in domain
RigidDiaphragm::RigidDiaphragm - ignoring constrained Node 349004 as no node in domain
RigidDiaphragm::RigidDiaphragm - ignoring constrained Node 350004 as no node in domain
RigidDiaphragm::RigidDiaphragm - ignoring constrained Node 351004 as no node in domain
RigidDiaphragm::RigidDiaphragm - ignoring constrained Node 352004 as no node in domain
RigidDiaphragm::RigidDiaphragm - ignoring constrained Node 353004 as no node in domain
RigidDiaphragm::RigidDiaphragm - ignoring constrained Node 354004 as no node in domain
RigidDiaphragm::RigidDiaphragm - ignoring constrained Node 355004 as no node in domain
RigidDiaphragm::RigidDiaphragm - ignoring constrained Node 356004 as no node in domain
RigidDiaphragm::RigidDiaphragm - ignoring constrained Node 357004 as no node in domain
RigidDiaphragm::RigidDiaphragm - ignoring constrained Node 358004 as no node in domain
RigidDiaphragm::RigidDiaphragm - ignoring constrained Node 359004 as no node in domain
RigidDiaphragm::RigidDiaphragm - ignoring constrained Node 360004 as no node in domain
RigidDiaphragm::RigidDiaphragm - ignoring constrained Node 361004 as no node in domain
RigidDiaphragm::RigidDiaphragm - ignoring constrained Node 362004 as no node in domain
RigidDiaphragm::RigidDiaphragm - ignoring constrained Node 363004 as no node in domain
RigidDiaphragm::RigidDiaphragm - ignoring constrained Node 364004 as no node in domain
RigidDiaphragm::RigidDiaphragm - ignoring constrained Node 365004 as no node in domain
RigidDiaphragm::RigidDiaphragm - ignoring constrained Node 366004 as no node in domain
RigidDiaphragm::RigidDiaphragm - ignoring constrained Node 367004 as no node in domain
RigidDiaphragm::RigidDiaphragm - ignoring constrained Node 368004 as no node in domain
RigidDiaphragm::RigidDiaphragm - ignoring constrained Node 369004 as no node in domain
RigidDiaphragm::RigidDiaphragm - ignoring constrained Node 370004 as no node in domain
RigidDiaphragm::RigidDiaphragm - ignoring constrained Node 371004 as no node in domain
RigidDiaphragm::RigidDiaphragm - ignoring constrained Node 372004 as no node in domain
RigidDiaphragm::RigidDiaphragm - ignoring constrained Node 373004 as no node in domain
RigidDiaphragm::RigidDiaphragm - ignoring constrained Node 433004 as no node in domain
RigidDiaphragm::RigidDiaphragm - ignoring constrained Node 434004 as no node in domain
RigidDiaphragm::RigidDiaphragm - ignoring constrained Node 435004 as no node in domain
RigidDiaphragm::RigidDiaphragm - ignoring constrained Node 436004 as no node in domain
RigidDiaphragm::RigidDiaphragm - ignoring constrained Node 437004 as no node in domain
RigidDiaphragm::RigidDiaphragm - ignoring constrained Node 455004 as no node in domain
RigidDiaphragm::RigidDiaphragm - ignoring constrained Node 456004 as no node in domain
RigidDiaphragm::RigidDiaphragm - ignoring constrained Node 457004 as no node in domain
RigidDiaphragm::RigidDiaphragm - ignoring constrained Node 458004 as no node in domain
RigidDiaphragm::RigidDiaphragm - ignoring constrained Node 459004 as no node in domain
RigidDiaphragm::RigidDiaphragm - ignoring constrained Node 460004 as no node in domain
RigidDiaphragm::RigidDiaphragm - ignoring constrained Node 461004 as no node in domain
RigidDiaphragm::RigidDiaphragm - ignoring constrained Node 462004 as no node in domain
RigidDiaphragm::RigidDiaphragm - ignoring constrained Node 472004 as no node in domain
RigidDiaphragm::RigidDiaphragm - ignoring constrained Node 473004 as no node in domain
RigidDiaphragm::RigidDiaphragm - ignoring constrained Node 476004 as no node in domain
RigidDiaphragm::RigidDiaphragm - ignoring constrained Node 477004 as no node in domain
RigidDiaphragm::RigidDiaphragm - ignoring constrained Node 512004 as no node in domain
RigidDiaphragm::RigidDiaphragm - ignoring constrained Node 513004 as no node in domain
RigidDiaphragm::RigidDiaphragm - ignoring constrained Node 514004 as no node in domain
RigidDiaphragm::RigidDiaphragm - ignoring constrained Node 515004 as no node in domain
RigidDiaphragm::RigidDiaphragm - ignoring constrained Node 516004 as no node in domain
RigidDiaphragm::RigidDiaphragm - ignoring constrained Node 517004 as no node in domain
RigidDiaphragm::RigidDiaphragm - ignoring constrained Node 518004 as no node in domain
RigidDiaphragm::RigidDiaphragm - ignoring constrained Node 519004 as no node in domain
RigidDiaphragm::RigidDiaphragm - ignoring constrained Node 520004 as no node in domain
RigidDiaphragm::RigidDiaphragm - ignoring constrained Node 521004 as no node in domain
RigidDiaphragm::RigidDiaphragm - ignoring constrained Node 639004 as no node in domain
RigidDiaphragm::RigidDiaphragm - ignoring constrained Node 641004 as no node in domain
RigidDiaphragm::RigidDiaphragm - ignoring constrained Node 643004 as no node in domain
RigidDiaphragm::RigidDiaphragm - ignoring constrained Node 645004 as no node in domain
RigidDiaphragm::RigidDiaphragm - ignoring constrained Node 647004 as no node in domain
RigidDiaphragm::RigidDiaphragm - ignoring constrained Node 649004 as no node in domain
RigidDiaphragm::RigidDiaphragm - ignoring constrained Node 651004 as no node in domain
RigidDiaphragm::RigidDiaphragm - ignoring constrained Node 673004 as no node in domain
RigidDiaphragm::RigidDiaphragm - ignoring constrained Node 674004 as no node in domain
RigidDiaphragm::RigidDiaphragm - ignoring constrained Node 676004 as no node in domain
RigidDiaphragm::RigidDiaphragm - ignoring constrained Node 677004 as no node in domain
RigidDiaphragm::RigidDiaphragm - ignoring constrained Node 679004 as no node in domain
RigidDiaphragm::RigidDiaphragm - ignoring constrained Node 680004 as no node in domain
RigidDiaphragm::RigidDiaphragm - ignoring constrained Node 682004 as no node in domain
RigidDiaphragm::RigidDiaphragm - ignoring constrained Node 683004 as no node in domain
RigidDiaphragm::RigidDiaphragm - ignoring constrained Node 685004 as no node in domain
RigidDiaphragm::RigidDiaphragm - ignoring constrained Node 686004 as no node in domain
RigidDiaphragm::RigidDiaphragm - ignoring constrained Node 688004 as no node in domain
RigidDiaphragm::RigidDiaphragm - ignoring constrained Node 689004 as no node in domain
RigidDiaphragm::RigidDiaphragm - ignoring constrained Node 691004 as no node in domain
RigidDiaphragm::RigidDiaphragm - ignoring constrained Node 692004 as no node in domain
RigidDiaphragm::RigidDiaphragm - ignoring constrained Node 694004 as no node in domain
RigidDiaphragm::RigidDiaphragm - ignoring constrained Node 695004 as no node in domain
RigidDiaphragm::RigidDiaphragm - ignoring constrained Node 697004 as no node in domain
RigidDiaphragm::RigidDiaphragm - ignoring constrained Node 698004 as no node in domain
RigidDiaphragm::RigidDiaphragm - ignoring constrained Node 700004 as no node in domain
RigidDiaphragm::RigidDiaphragm - ignoring constrained Node 701004 as no node in domain
RigidDiaphragm::RigidDiaphragm - ignoring constrained Node 703004 as no node in domain
RigidDiaphragm::RigidDiaphragm - ignoring constrained Node 704004 as no node in domain
RigidDiaphragm::RigidDiaphragm - ignoring constrained Node 706004 as no node in domain
RigidDiaphragm::RigidDiaphragm - ignoring constrained Node 707004 as no node in domain
RigidDiaphragm::RigidDiaphragm - ignoring constrained Node 709004 as no node in domain
RigidDiaphragm::RigidDiaphragm - ignoring constrained Node 710004 as no node in domain
RigidDiaphragm::RigidDiaphragm - ignoring constrained Node 712004 as no node in domain
RigidDiaphragm::RigidDiaphragm - ignoring constrained Node 713004 as no node in domain
RigidDiaphragm::RigidDiaphragm - ignoring constrained Node 715004 as no node in domain
RigidDiaphragm::RigidDiaphragm - ignoring constrained Node 716004 as no node in domain
RigidDiaphragm::RigidDiaphragm - ignoring constrained Node 718004 as no node in domain
RigidDiaphragm::RigidDiaphragm - ignoring constrained Node 719004 as no node in domain
RigidDiaphragm::RigidDiaphragm - ignoring constrained Node 721004 as no node in domain
RigidDiaphragm::RigidDiaphragm - ignoring constrained Node 722004 as no node in domain
RigidDiaphragm::RigidDiaphragm - ignoring constrained Node 724004 as no node in domain
RigidDiaphragm::RigidDiaphragm - ignoring constrained Node 725004 as no node in domain
RigidDiaphragm::RigidDiaphragm - ignoring constrained Node 727004 as no node in domain
RigidDiaphragm::RigidDiaphragm - ignoring constrained Node 728004 as no node in domain
RigidDiaphragm::RigidDiaphragm - ignoring constrained Node 730004 as no node in domain
RigidDiaphragm::RigidDiaphragm - ignoring constrained Node 731004 as no node in domain
RigidDiaphragm::RigidDiaphragm - ignoring constrained Node 733004 as no node in domain
RigidDiaphragm::RigidDiaphragm - ignoring constrained Node 735004 as no node in domain
RigidDiaphragm::RigidDiaphragm - ignoring constrained Node 737004 as no node in domain
RigidDiaphragm::RigidDiaphragm - ignoring constrained Node 739004 as no node in domain
RigidDiaphragm::RigidDiaphragm - ignoring constrained Node 741004 as no node in domain
RigidDiaphragm::RigidDiaphragm - ignoring constrained Node 743004 as no node in domain
RigidDiaphragm::RigidDiaphragm - ignoring constrained Node 745004 as no node in domain
RigidDiaphragm::RigidDiaphragm - ignoring constrained Node 747004 as no node in domain
RigidDiaphragm::RigidDiaphragm - ignoring constrained Node 749004 as no node in domain
RigidDiaphragm::RigidDiaphragm - ignoring constrained Node 751004 as no node in domain
RigidDiaphragm::RigidDiaphragm - ignoring constrained Node 753004 as no node in domain
RigidDiaphragm::RigidDiaphragm - ignoring constrained Node 755004 as no node in domain
RigidDiaphragm::RigidDiaphragm - ignoring constrained Node 757004 as no node in domain
RigidDiaphragm::RigidDiaphragm - ignoring constrained Node 759004 as no node in domain
RigidDiaphragm::RigidDiaphragm - ignoring constrained Node 761004 as no node in domain
RigidDiaphragm::RigidDiaphragm - ignoring constrained Node 763004 as no node in domain
RigidDiaphragm::RigidDiaphragm - ignoring constrained Node 765004 as no node in domain
RigidDiaphragm::RigidDiaphragm - ignoring constrained Node 767004 as no node in domain
RigidDiaphragm::RigidDiaphragm - ignoring constrained Node 769004 as no node in domain
RigidDiaphragm::RigidDiaphragm - ignoring constrained Node 771004 as no node in domain
RigidDiaphragm::RigidDiaphragm - ignoring constrained Node 773004 as no node in domain
RigidDiaphragm::RigidDiaphragm - ignoring constrained Node 812004 as no node in domain
RigidDiaphragm::RigidDiaphragm - ignoring constrained Node 813004 as no node in domain
RigidDiaphragm::RigidDiaphragm - ignoring constrained Node 814004 as no node in domain
RigidDiaphragm::RigidDiaphragm - ignoring constrained Node 815004 as no node in domain
RigidDiaphragm::RigidDiaphragm - ignoring constrained Node 816004 as no node in domain
RigidDiaphragm::RigidDiaphragm - ignoring constrained Node 817004 as no node in domain
RigidDiaphragm::RigidDiaphragm - ignoring constrained Node 818004 as no node in domain
RigidDiaphragm::RigidDiaphragm - ignoring constrained Node 819004 as no node in domain
RigidDiaphragm::RigidDiaphragm - ignoring constrained Node 820004 as no node in domain
RigidDiaphragm::RigidDiaphragm - ignoring constrained Node 821004 as no node in domain
RigidDiaphragm::RigidDiaphragm - ignoring constrained Node 822004 as no node in domain
RigidDiaphragm::RigidDiaphragm - ignoring constrained Node 823004 as no node in domain
RigidDiaphragm::RigidDiaphragm - ignoring constrained Node 824004 as no node in domain
RigidDiaphragm::RigidDiaphragm - ignoring constrained Node 825004 as no node in domain
RigidDiaphragm::RigidDiaphragm - ignoring constrained Node 826004 as no node in domain
RigidDiaphragm::RigidDiaphragm - ignoring constrained Node 827004 as no node in domain
RigidDiaphragm::RigidDiaphragm - ignoring constrained Node 828004 as no node in domain
RigidDiaphragm::RigidDiaphragm - ignoring constrained Node 829004 as no node in domain
RigidDiaphragm::RigidDiaphragm - ignoring constrained Node 830004 as no node in domain
RigidDiaphragm::RigidDiaphragm - ignoring constrained Node 831004 as no node in domain
RigidDiaphragm::RigidDiaphragm - ignoring constrained Node 832004 as no node in domain
RigidDiaphragm::RigidDiaphragm - ignoring constrained Node 833004 as no node in domain
RigidDiaphragm::RigidDiaphragm - ignoring constrained Node 834004 as no node in domain
RigidDiaphragm::RigidDiaphragm - ignoring constrained Node 835004 as no node in domain
RigidDiaphragm::RigidDiaphragm - ignoring constrained Node 836004 as no node in domain
RigidDiaphragm::RigidDiaphragm - ignoring constrained Node 837004 as no node in domain
RigidDiaphragm::RigidDiaphragm - ignoring constrained Node 838004 as no node in domain
RigidDiaphragm::RigidDiaphragm - ignoring constrained Node 839004 as no node in domain
RigidDiaphragm::RigidDiaphragm - ignoring constrained Node 840004 as no node in domain
RigidDiaphragm::RigidDiaphragm - ignoring constrained Node 841004 as no node in domain
RigidDiaphragm::RigidDiaphragm - ignoring constrained Node 842004 as no node in domain
RigidDiaphragm::RigidDiaphragm - ignoring constrained Node 843004 as no node in domain
RigidDiaphragm::RigidDiaphragm - ignoring constrained Node 844004 as no node in domain
RigidDiaphragm::RigidDiaphragm - ignoring constrained Node 845004 as no node in domain
RigidDiaphragm::RigidDiaphragm - ignoring constrained Node 846004 as no node in domain
RigidDiaphragm::RigidDiaphragm - ignoring constrained Node 847004 as no node in domain
RigidDiaphragm::RigidDiaphragm - ignoring constrained Node 848004 as no node in domain
RigidDiaphragm::RigidDiaphragm - ignoring constrained Node 849004 as no node in domain
RigidDiaphragm::RigidDiaphragm - ignoring constrained Node 850004 as no node in domain
RigidDiaphragm::RigidDiaphragm - ignoring constrained Node 851004 as no node in domain
RigidDiaphragm::RigidDiaphragm - ignoring constrained Node 852004 as no node in domain
RigidDiaphragm::RigidDiaphragm - ignoring constrained Node 853004 as no node in domain
RigidDiaphragm::RigidDiaphragm - ignoring constrained Node 854004 as no node in domain
RigidDiaphragm::RigidDiaphragm - ignoring constrained Node 855004 as no node in domain
RigidDiaphragm::RigidDiaphragm - ignoring constrained Node 856004 as no node in domain
RigidDiaphragm::RigidDiaphragm - ignoring constrained Node 857004 as no node in domain
RigidDiaphragm::RigidDiaphragm - ignoring constrained Node 858004 as no node in domain
RigidDiaphragm::RigidDiaphragm - ignoring constrained Node 859004 as no node in domain
RigidDiaphragm::RigidDiaphragm - ignoring constrained Node 860004 as no node in domain
RigidDiaphragm::RigidDiaphragm - ignoring constrained Node 861004 as no node in domain
RigidDiaphragm::RigidDiaphragm - ignoring constrained Node 862004 as no node in domain
RigidDiaphragm::RigidDiaphragm - ignoring constrained Node 863004 as no node in domain
RigidDiaphragm::RigidDiaphragm - ignoring constrained Node 864004 as no node in domain
RigidDiaphragm::RigidDiaphragm - ignoring constrained Node 865004 as no node in domain
RigidDiaphragm::RigidDiaphragm - ignoring constrained Node 866004 as no node in domain
RigidDiaphragm::RigidDiaphragm - ignoring constrained Node 867004 as no node in domain
RigidDiaphragm::RigidDiaphragm - ignoring constrained Node 868004 as no node in domain
RigidDiaphragm::RigidDiaphragm - ignoring constrained Node 869004 as no node in domain
RigidDiaphragm::RigidDiaphragm - ignoring constrained Node 870004 as no node in domain
RigidDiaphragm::RigidDiaphragm - ignoring constrained Node 871004 as no node in domain
RigidDiaphragm::RigidDiaphragm - ignoring constrained Node 872004 as no node in domain
RigidDiaphragm::RigidDiaphragm - ignoring constrained Node 874004 as no node in domain
RigidDiaphragm::RigidDiaphragm - ignoring constrained Node 876004 as no node in domain
RigidDiaphragm::RigidDiaphragm - ignoring constrained Node 878004 as no node in domain
RigidDiaphragm::RigidDiaphragm - ignoring constrained Node 880004 as no node in domain
RigidDiaphragm::RigidDiaphragm - ignoring constrained Node 882004 as no node in domain
RigidDiaphragm::RigidDiaphragm - ignoring constrained Node 23005 as no node in domain
RigidDiaphragm::RigidDiaphragm - ignoring constrained Node 24005 as no node in domain
RigidDiaphragm::RigidDiaphragm - ignoring constrained Node 25005 as no node in domain
RigidDiaphragm::RigidDiaphragm - ignoring constrained Node 26005 as no node in domain
RigidDiaphragm::RigidDiaphragm - ignoring constrained Node 27005 as no node in domain
RigidDiaphragm::RigidDiaphragm - ignoring constrained Node 28005 as no node in domain
RigidDiaphragm::RigidDiaphragm - ignoring constrained Node 29005 as no node in domain
RigidDiaphragm::RigidDiaphragm - ignoring constrained Node 30005 as no node in domain
RigidDiaphragm::RigidDiaphragm - ignoring constrained Node 31005 as no node in domain
RigidDiaphragm::RigidDiaphragm - ignoring constrained Node 32005 as no node in domain
RigidDiaphragm::RigidDiaphragm - ignoring constrained Node 33005 as no node in domain
RigidDiaphragm::RigidDiaphragm - ignoring constrained Node 34005 as no node in domain
RigidDiaphragm::RigidDiaphragm - ignoring constrained Node 35005 as no node in domain
RigidDiaphragm::RigidDiaphragm - ignoring constrained Node 36005 as no node in domain
RigidDiaphragm::RigidDiaphragm - ignoring constrained Node 37005 as no node in domain
RigidDiaphragm::RigidDiaphragm - ignoring constrained Node 38005 as no node in domain
RigidDiaphragm::RigidDiaphragm - ignoring constrained Node 39005 as no node in domain
RigidDiaphragm::RigidDiaphragm - ignoring constrained Node 40005 as no node in domain
RigidDiaphragm::RigidDiaphragm - ignoring constrained Node 41005 as no node in domain
RigidDiaphragm::RigidDiaphragm - ignoring constrained Node 42005 as no node in domain
RigidDiaphragm::RigidDiaphragm - ignoring constrained Node 43005 as no node in domain
RigidDiaphragm::RigidDiaphragm - ignoring constrained Node 44005 as no node in domain
RigidDiaphragm::RigidDiaphragm - ignoring constrained Node 45005 as no node in domain
RigidDiaphragm::RigidDiaphragm - ignoring constrained Node 46005 as no node in domain
RigidDiaphragm::RigidDiaphragm - ignoring constrained Node 47005 as no node in domain
RigidDiaphragm::RigidDiaphragm - ignoring constrained Node 48005 as no node in domain
RigidDiaphragm::RigidDiaphragm - ignoring constrained Node 53005 as no node in domain
RigidDiaphragm::RigidDiaphragm - ignoring constrained Node 54005 as no node in domain
RigidDiaphragm::RigidDiaphragm - ignoring constrained Node 55005 as no node in domain
RigidDiaphragm::RigidDiaphragm - ignoring constrained Node 59005 as no node in domain
RigidDiaphragm::RigidDiaphragm - ignoring constrained Node 60005 as no node in domain
RigidDiaphragm::RigidDiaphragm - ignoring constrained Node 61005 as no node in domain
RigidDiaphragm::RigidDiaphragm - ignoring constrained Node 69005 as no node in domain
RigidDiaphragm::RigidDiaphragm - ignoring constrained Node 81005 as no node in domain
RigidDiaphragm::RigidDiaphragm - ignoring constrained Node 85005 as no node in domain
RigidDiaphragm::RigidDiaphragm - ignoring constrained Node 89005 as no node in domain
RigidDiaphragm::RigidDiaphragm - ignoring constrained Node 93005 as no node in domain
RigidDiaphragm::RigidDiaphragm - ignoring constrained Node 97005 as no node in domain
RigidDiaphragm::RigidDiaphragm - ignoring constrained Node 101005 as no node in domain
RigidDiaphragm::RigidDiaphragm - ignoring constrained Node 104005 as no node in domain
RigidDiaphragm::RigidDiaphragm - ignoring constrained Node 105005 as no node in domain
RigidDiaphragm::RigidDiaphragm - ignoring constrained Node 108005 as no node in domain
RigidDiaphragm::RigidDiaphragm - ignoring constrained Node 109005 as no node in domain
RigidDiaphragm::RigidDiaphragm - ignoring constrained Node 112005 as no node in domain
RigidDiaphragm::RigidDiaphragm - ignoring constrained Node 113005 as no node in domain
RigidDiaphragm::RigidDiaphragm - ignoring constrained Node 116005 as no node in domain
RigidDiaphragm::RigidDiaphragm - ignoring constrained Node 117005 as no node in domain
RigidDiaphragm::RigidDiaphragm - ignoring constrained Node 120005 as no node in domain
RigidDiaphragm::RigidDiaphragm - ignoring constrained Node 121005 as no node in domain
RigidDiaphragm::RigidDiaphragm - ignoring constrained Node 124005 as no node in domain
RigidDiaphragm::RigidDiaphragm - ignoring constrained Node 125005 as no node in domain
RigidDiaphragm::RigidDiaphragm - ignoring constrained Node 128005 as no node in domain
RigidDiaphragm::RigidDiaphragm - ignoring constrained Node 129005 as no node in domain
RigidDiaphragm::RigidDiaphragm - ignoring constrained Node 132005 as no node in domain
RigidDiaphragm::RigidDiaphragm - ignoring constrained Node 133005 as no node in domain
RigidDiaphragm::RigidDiaphragm - ignoring constrained Node 136005 as no node in domain
RigidDiaphragm::RigidDiaphragm - ignoring constrained Node 137005 as no node in domain
RigidDiaphragm::RigidDiaphragm - ignoring constrained Node 140005 as no node in domain
RigidDiaphragm::RigidDiaphragm - ignoring constrained Node 141005 as no node in domain
RigidDiaphragm::RigidDiaphragm - ignoring constrained Node 145005 as no node in domain
RigidDiaphragm::RigidDiaphragm - ignoring constrained Node 149005 as no node in domain
RigidDiaphragm::RigidDiaphragm - ignoring constrained Node 153005 as no node in domain
RigidDiaphragm::RigidDiaphragm - ignoring constrained Node 157005 as no node in domain
RigidDiaphragm::RigidDiaphragm - ignoring constrained Node 161005 as no node in domain
RigidDiaphragm::RigidDiaphragm - ignoring constrained Node 165005 as no node in domain
RigidDiaphragm::RigidDiaphragm - ignoring constrained Node 168005 as no node in domain
RigidDiaphragm::RigidDiaphragm - ignoring constrained Node 169005 as no node in domain
RigidDiaphragm::RigidDiaphragm - ignoring constrained Node 172005 as no node in domain
RigidDiaphragm::RigidDiaphragm - ignoring constrained Node 173005 as no node in domain
RigidDiaphragm::RigidDiaphragm - ignoring constrained Node 176005 as no node in domain
RigidDiaphragm::RigidDiaphragm - ignoring constrained Node 177005 as no node in domain
RigidDiaphragm::RigidDiaphragm - ignoring constrained Node 180005 as no node in domain
RigidDiaphragm::RigidDiaphragm - ignoring constrained Node 181005 as no node in domain
RigidDiaphragm::RigidDiaphragm - ignoring constrained Node 182005 as no node in domain
RigidDiaphragm::RigidDiaphragm - ignoring constrained Node 183005 as no node in domain
RigidDiaphragm::RigidDiaphragm - ignoring constrained Node 184005 as no node in domain
RigidDiaphragm::RigidDiaphragm - ignoring constrained Node 185005 as no node in domain
RigidDiaphragm::RigidDiaphragm - ignoring constrained Node 196005 as no node in domain
RigidDiaphragm::RigidDiaphragm - ignoring constrained Node 197005 as no node in domain
RigidDiaphragm::RigidDiaphragm - ignoring constrained Node 200005 as no node in domain
RigidDiaphragm::RigidDiaphragm - ignoring constrained Node 201005 as no node in domain
RigidDiaphragm::RigidDiaphragm - ignoring constrained Node 204005 as no node in domain
RigidDiaphragm::RigidDiaphragm - ignoring constrained Node 205005 as no node in domain
RigidDiaphragm::RigidDiaphragm - ignoring constrained Node 208005 as no node in domain
RigidDiaphragm::RigidDiaphragm - ignoring constrained Node 209005 as no node in domain
RigidDiaphragm::RigidDiaphragm - ignoring constrained Node 212005 as no node in domain
RigidDiaphragm::RigidDiaphragm - ignoring constrained Node 213005 as no node in domain
RigidDiaphragm::RigidDiaphragm - ignoring constrained Node 216005 as no node in domain
RigidDiaphragm::RigidDiaphragm - ignoring constrained Node 217005 as no node in domain
RigidDiaphragm::RigidDiaphragm - ignoring constrained Node 220005 as no node in domain
RigidDiaphragm::RigidDiaphragm - ignoring constrained Node 221005 as no node in domain
RigidDiaphragm::RigidDiaphragm - ignoring constrained Node 224005 as no node in domain
RigidDiaphragm::RigidDiaphragm - ignoring constrained Node 225005 as no node in domain
RigidDiaphragm::RigidDiaphragm - ignoring constrained Node 228005 as no node in domain
RigidDiaphragm::RigidDiaphragm - ignoring constrained Node 229005 as no node in domain
RigidDiaphragm::RigidDiaphragm - ignoring constrained Node 232005 as no node in domain
RigidDiaphragm::RigidDiaphragm - ignoring constrained Node 233005 as no node in domain
RigidDiaphragm::RigidDiaphragm - ignoring constrained Node 236005 as no node in domain
RigidDiaphragm::RigidDiaphragm - ignoring constrained Node 237005 as no node in domain
RigidDiaphragm::RigidDiaphragm - ignoring constrained Node 240005 as no node in domain
RigidDiaphragm::RigidDiaphragm - ignoring constrained Node 241005 as no node in domain
RigidDiaphragm::RigidDiaphragm - ignoring constrained Node 288005 as no node in domain
RigidDiaphragm::RigidDiaphragm - ignoring constrained Node 289005 as no node in domain
RigidDiaphragm::RigidDiaphragm - ignoring constrained Node 292005 as no node in domain
RigidDiaphragm::RigidDiaphragm - ignoring constrained Node 293005 as no node in domain
RigidDiaphragm::RigidDiaphragm - ignoring constrained Node 296005 as no node in domain
RigidDiaphragm::RigidDiaphragm - ignoring constrained Node 297005 as no node in domain
RigidDiaphragm::RigidDiaphragm - ignoring constrained Node 300005 as no node in domain
RigidDiaphragm::RigidDiaphragm - ignoring constrained Node 301005 as no node in domain
RigidDiaphragm::RigidDiaphragm - ignoring constrained Node 304005 as no node in domain
RigidDiaphragm::RigidDiaphragm - ignoring constrained Node 305005 as no node in domain
RigidDiaphragm::RigidDiaphragm - ignoring constrained Node 308005 as no node in domain
RigidDiaphragm::RigidDiaphragm - ignoring constrained Node 309005 as no node in domain
RigidDiaphragm::RigidDiaphragm - ignoring constrained Node 310005 as no node in domain
RigidDiaphragm::RigidDiaphragm - ignoring constrained Node 311005 as no node in domain
RigidDiaphragm::RigidDiaphragm - ignoring constrained Node 312005 as no node in domain
RigidDiaphragm::RigidDiaphragm - ignoring constrained Node 313005 as no node in domain
RigidDiaphragm::RigidDiaphragm - ignoring constrained Node 314005 as no node in domain
RigidDiaphragm::RigidDiaphragm - ignoring constrained Node 315005 as no node in domain
RigidDiaphragm::RigidDiaphragm - ignoring constrained Node 316005 as no node in domain
RigidDiaphragm::RigidDiaphragm - ignoring constrained Node 317005 as no node in domain
RigidDiaphragm::RigidDiaphragm - ignoring constrained Node 318005 as no node in domain
RigidDiaphragm::RigidDiaphragm - ignoring constrained Node 319005 as no node in domain
RigidDiaphragm::RigidDiaphragm - ignoring constrained Node 322005 as no node in domain
RigidDiaphragm::RigidDiaphragm - ignoring constrained Node 323005 as no node in domain
RigidDiaphragm::RigidDiaphragm - ignoring constrained Node 326005 as no node in domain
RigidDiaphragm::RigidDiaphragm - ignoring constrained Node 327005 as no node in domain
RigidDiaphragm::RigidDiaphragm - ignoring constrained Node 330005 as no node in domain
RigidDiaphragm::RigidDiaphragm - ignoring constrained Node 331005 as no node in domain
RigidDiaphragm::RigidDiaphragm - ignoring constrained Node 340005 as no node in domain
RigidDiaphragm::RigidDiaphragm - ignoring constrained Node 341005 as no node in domain
RigidDiaphragm::RigidDiaphragm - ignoring constrained Node 342005 as no node in domain
RigidDiaphragm::RigidDiaphragm - ignoring constrained Node 343005 as no node in domain
RigidDiaphragm::RigidDiaphragm - ignoring constrained Node 344005 as no node in domain
RigidDiaphragm::RigidDiaphragm - ignoring constrained Node 345005 as no node in domain
RigidDiaphragm::RigidDiaphragm - ignoring constrained Node 346005 as no node in domain
RigidDiaphragm::RigidDiaphragm - ignoring constrained Node 347005 as no node in domain
RigidDiaphragm::RigidDiaphragm - ignoring constrained Node 374005 as no node in domain
RigidDiaphragm::RigidDiaphragm - ignoring constrained Node 375005 as no node in domain
RigidDiaphragm::RigidDiaphragm - ignoring constrained Node 376005 as no node in domain
RigidDiaphragm::RigidDiaphragm - ignoring constrained Node 377005 as no node in domain
RigidDiaphragm::RigidDiaphragm - ignoring constrained Node 378005 as no node in domain
RigidDiaphragm::RigidDiaphragm - ignoring constrained Node 379005 as no node in domain
RigidDiaphragm::RigidDiaphragm - ignoring constrained Node 380005 as no node in domain
RigidDiaphragm::RigidDiaphragm - ignoring constrained Node 381005 as no node in domain
RigidDiaphragm::RigidDiaphragm - ignoring constrained Node 382005 as no node in domain
RigidDiaphragm::RigidDiaphragm - ignoring constrained Node 383005 as no node in domain
RigidDiaphragm::RigidDiaphragm - ignoring constrained Node 384005 as no node in domain
RigidDiaphragm::RigidDiaphragm - ignoring constrained Node 385005 as no node in domain
RigidDiaphragm::RigidDiaphragm - ignoring constrained Node 386005 as no node in domain
RigidDiaphragm::RigidDiaphragm - ignoring constrained Node 387005 as no node in domain
RigidDiaphragm::RigidDiaphragm - ignoring constrained Node 388005 as no node in domain
RigidDiaphragm::RigidDiaphragm - ignoring constrained Node 389005 as no node in domain
RigidDiaphragm::RigidDiaphragm - ignoring constrained Node 390005 as no node in domain
RigidDiaphragm::RigidDiaphragm - ignoring constrained Node 391005 as no node in domain
RigidDiaphragm::RigidDiaphragm - ignoring constrained Node 392005 as no node in domain
RigidDiaphragm::RigidDiaphragm - ignoring constrained Node 393005 as no node in domain
RigidDiaphragm::RigidDiaphragm - ignoring constrained Node 394005 as no node in domain
RigidDiaphragm::RigidDiaphragm - ignoring constrained Node 395005 as no node in domain
RigidDiaphragm::RigidDiaphragm - ignoring constrained Node 396005 as no node in domain
RigidDiaphragm::RigidDiaphragm - ignoring constrained Node 397005 as no node in domain
RigidDiaphragm::RigidDiaphragm - ignoring constrained Node 398005 as no node in domain
RigidDiaphragm::RigidDiaphragm - ignoring constrained Node 399005 as no node in domain
RigidDiaphragm::RigidDiaphragm - ignoring constrained Node 400005 as no node in domain
RigidDiaphragm::RigidDiaphragm - ignoring constrained Node 401005 as no node in domain
RigidDiaphragm::RigidDiaphragm - ignoring constrained Node 428005 as no node in domain
RigidDiaphragm::RigidDiaphragm - ignoring constrained Node 429005 as no node in domain
RigidDiaphragm::RigidDiaphragm - ignoring constrained Node 430005 as no node in domain
RigidDiaphragm::RigidDiaphragm - ignoring constrained Node 448005 as no node in domain
RigidDiaphragm::RigidDiaphragm - ignoring constrained Node 449005 as no node in domain
RigidDiaphragm::RigidDiaphragm - ignoring constrained Node 450005 as no node in domain
RigidDiaphragm::RigidDiaphragm - ignoring constrained Node 451005 as no node in domain
RigidDiaphragm::RigidDiaphragm - ignoring constrained Node 452005 as no node in domain
RigidDiaphragm::RigidDiaphragm - ignoring constrained Node 453005 as no node in domain
RigidDiaphragm::RigidDiaphragm - ignoring constrained Node 474005 as no node in domain
RigidDiaphragm::RigidDiaphragm - ignoring constrained Node 475005 as no node in domain
RigidDiaphragm::RigidDiaphragm - ignoring constrained Node 478005 as no node in domain
RigidDiaphragm::RigidDiaphragm - ignoring constrained Node 479005 as no node in domain
RigidDiaphragm::RigidDiaphragm - ignoring constrained Node 522005 as no node in domain
RigidDiaphragm::RigidDiaphragm - ignoring constrained Node 523005 as no node in domain
RigidDiaphragm::RigidDiaphragm - ignoring constrained Node 524005 as no node in domain
RigidDiaphragm::RigidDiaphragm - ignoring constrained Node 525005 as no node in domain
RigidDiaphragm::RigidDiaphragm - ignoring constrained Node 640005 as no node in domain
RigidDiaphragm::RigidDiaphragm - ignoring constrained Node 642005 as no node in domain
RigidDiaphragm::RigidDiaphragm - ignoring constrained Node 644005 as no node in domain
RigidDiaphragm::RigidDiaphragm - ignoring constrained Node 646005 as no node in domain
RigidDiaphragm::RigidDiaphragm - ignoring constrained Node 648005 as no node in domain
RigidDiaphragm::RigidDiaphragm - ignoring constrained Node 650005 as no node in domain
RigidDiaphragm::RigidDiaphragm - ignoring constrained Node 652005 as no node in domain
RigidDiaphragm::RigidDiaphragm - ignoring constrained Node 653005 as no node in domain
RigidDiaphragm::RigidDiaphragm - ignoring constrained Node 654005 as no node in domain
RigidDiaphragm::RigidDiaphragm - ignoring constrained Node 655005 as no node in domain
RigidDiaphragm::RigidDiaphragm - ignoring constrained Node 656005 as no node in domain
RigidDiaphragm::RigidDiaphragm - ignoring constrained Node 657005 as no node in domain
RigidDiaphragm::RigidDiaphragm - ignoring constrained Node 658005 as no node in domain
RigidDiaphragm::RigidDiaphragm - ignoring constrained Node 659005 as no node in domain
RigidDiaphragm::RigidDiaphragm - ignoring constrained Node 660005 as no node in domain
RigidDiaphragm::RigidDiaphragm - ignoring constrained Node 661005 as no node in domain
RigidDiaphragm::RigidDiaphragm - ignoring constrained Node 662005 as no node in domain
RigidDiaphragm::RigidDiaphragm - ignoring constrained Node 663005 as no node in domain
RigidDiaphragm::RigidDiaphragm - ignoring constrained Node 664005 as no node in domain
RigidDiaphragm::RigidDiaphragm - ignoring constrained Node 665005 as no node in domain
RigidDiaphragm::RigidDiaphragm - ignoring constrained Node 666005 as no node in domain
RigidDiaphragm::RigidDiaphragm - ignoring constrained Node 667005 as no node in domain
RigidDiaphragm::RigidDiaphragm - ignoring constrained Node 668005 as no node in domain
RigidDiaphragm::RigidDiaphragm - ignoring constrained Node 675005 as no node in domain
RigidDiaphragm::RigidDiaphragm - ignoring constrained Node 678005 as no node in domain
RigidDiaphragm::RigidDiaphragm - ignoring constrained Node 681005 as no node in domain
RigidDiaphragm::RigidDiaphragm - ignoring constrained Node 684005 as no node in domain
RigidDiaphragm::RigidDiaphragm - ignoring constrained Node 687005 as no node in domain
RigidDiaphragm::RigidDiaphragm - ignoring constrained Node 690005 as no node in domain
RigidDiaphragm::RigidDiaphragm - ignoring constrained Node 693005 as no node in domain
RigidDiaphragm::RigidDiaphragm - ignoring constrained Node 696005 as no node in domain
RigidDiaphragm::RigidDiaphragm - ignoring constrained Node 699005 as no node in domain
RigidDiaphragm::RigidDiaphragm - ignoring constrained Node 702005 as no node in domain
RigidDiaphragm::RigidDiaphragm - ignoring constrained Node 705005 as no node in domain
RigidDiaphragm::RigidDiaphragm - ignoring constrained Node 708005 as no node in domain
RigidDiaphragm::RigidDiaphragm - ignoring constrained Node 711005 as no node in domain
RigidDiaphragm::RigidDiaphragm - ignoring constrained Node 714005 as no node in domain
RigidDiaphragm::RigidDiaphragm - ignoring constrained Node 717005 as no node in domain
RigidDiaphragm::RigidDiaphragm - ignoring constrained Node 720005 as no node in domain
RigidDiaphragm::RigidDiaphragm - ignoring constrained Node 723005 as no node in domain
RigidDiaphragm::RigidDiaphragm - ignoring constrained Node 726005 as no node in domain
RigidDiaphragm::RigidDiaphragm - ignoring constrained Node 729005 as no node in domain
RigidDiaphragm::RigidDiaphragm - ignoring constrained Node 732005 as no node in domain
RigidDiaphragm::RigidDiaphragm - ignoring constrained Node 734005 as no node in domain
RigidDiaphragm::RigidDiaphragm - ignoring constrained Node 736005 as no node in domain
RigidDiaphragm::RigidDiaphragm - ignoring constrained Node 738005 as no node in domain
RigidDiaphragm::RigidDiaphragm - ignoring constrained Node 740005 as no node in domain
RigidDiaphragm::RigidDiaphragm - ignoring constrained Node 742005 as no node in domain
RigidDiaphragm::RigidDiaphragm - ignoring constrained Node 744005 as no node in domain
RigidDiaphragm::RigidDiaphragm - ignoring constrained Node 746005 as no node in domain
RigidDiaphragm::RigidDiaphragm - ignoring constrained Node 748005 as no node in domain
RigidDiaphragm::RigidDiaphragm - ignoring constrained Node 750005 as no node in domain
RigidDiaphragm::RigidDiaphragm - ignoring constrained Node 752005 as no node in domain
RigidDiaphragm::RigidDiaphragm - ignoring constrained Node 754005 as no node in domain
RigidDiaphragm::RigidDiaphragm - ignoring constrained Node 756005 as no node in domain
RigidDiaphragm::RigidDiaphragm - ignoring constrained Node 758005 as no node in domain
RigidDiaphragm::RigidDiaphragm - ignoring constrained Node 760005 as no node in domain
RigidDiaphragm::RigidDiaphragm - ignoring constrained Node 762005 as no node in domain
RigidDiaphragm::RigidDiaphragm - ignoring constrained Node 764005 as no node in domain
RigidDiaphragm::RigidDiaphragm - ignoring constrained Node 766005 as no node in domain
RigidDiaphragm::RigidDiaphragm - ignoring constrained Node 768005 as no node in domain
RigidDiaphragm::RigidDiaphragm - ignoring constrained Node 770005 as no node in domain
RigidDiaphragm::RigidDiaphragm - ignoring constrained Node 772005 as no node in domain
RigidDiaphragm::RigidDiaphragm - ignoring constrained Node 774005 as no node in domain
RigidDiaphragm::RigidDiaphragm - ignoring constrained Node 775005 as no node in domain
RigidDiaphragm::RigidDiaphragm - ignoring constrained Node 776005 as no node in domain
RigidDiaphragm::RigidDiaphragm - ignoring constrained Node 777005 as no node in domain
RigidDiaphragm::RigidDiaphragm - ignoring constrained Node 778005 as no node in domain
RigidDiaphragm::RigidDiaphragm - ignoring constrained Node 779005 as no node in domain
RigidDiaphragm::RigidDiaphragm - ignoring constrained Node 780005 as no node in domain
RigidDiaphragm::RigidDiaphragm - ignoring constrained Node 781005 as no node in domain
RigidDiaphragm::RigidDiaphragm - ignoring constrained Node 782005 as no node in domain
RigidDiaphragm::RigidDiaphragm - ignoring constrained Node 783005 as no node in domain
RigidDiaphragm::RigidDiaphragm - ignoring constrained Node 784005 as no node in domain
RigidDiaphragm::RigidDiaphragm - ignoring constrained Node 785005 as no node in domain
RigidDiaphragm::RigidDiaphragm - ignoring constrained Node 786005 as no node in domain
RigidDiaphragm::RigidDiaphragm - ignoring constrained Node 787005 as no node in domain
RigidDiaphragm::RigidDiaphragm - ignoring constrained Node 788005 as no node in domain
RigidDiaphragm::RigidDiaphragm - ignoring constrained Node 789005 as no node in domain
RigidDiaphragm::RigidDiaphragm - ignoring constrained Node 790005 as no node in domain
RigidDiaphragm::RigidDiaphragm - ignoring constrained Node 791005 as no node in domain
RigidDiaphragm::RigidDiaphragm - ignoring constrained Node 792005 as no node in domain
RigidDiaphragm::RigidDiaphragm - ignoring constrained Node 793005 as no node in domain
RigidDiaphragm::RigidDiaphragm - ignoring constrained Node 794005 as no node in domain
RigidDiaphragm::RigidDiaphragm - ignoring constrained Node 795005 as no node in domain
RigidDiaphragm::RigidDiaphragm - ignoring constrained Node 796005 as no node in domain
RigidDiaphragm::RigidDiaphragm - ignoring constrained Node 797005 as no node in domain
RigidDiaphragm::RigidDiaphragm - ignoring constrained Node 798005 as no node in domain
RigidDiaphragm::RigidDiaphragm - ignoring constrained Node 799005 as no node in domain
RigidDiaphragm::RigidDiaphragm - ignoring constrained Node 800005 as no node in domain
RigidDiaphragm::RigidDiaphragm - ignoring constrained Node 801005 as no node in domain
RigidDiaphragm::RigidDiaphragm - ignoring constrained Node 802005 as no node in domain
RigidDiaphragm::RigidDiaphragm - ignoring constrained Node 803005 as no node in domain
RigidDiaphragm::RigidDiaphragm - ignoring constrained Node 804005 as no node in domain
RigidDiaphragm::RigidDiaphragm - ignoring constrained Node 873005 as no node in domain
RigidDiaphragm::RigidDiaphragm - ignoring constrained Node 875005 as no node in domain
RigidDiaphragm::RigidDiaphragm - ignoring constrained Node 877005 as no node in domain
RigidDiaphragm::RigidDiaphragm - ignoring constrained Node 879005 as no node in domain
RigidDiaphragm::RigidDiaphragm - ignoring constrained Node 881005 as no node in domain
RigidDiaphragm::RigidDiaphragm - ignoring constrained Node 883005 as no node in domain
RigidDiaphragm::RigidDiaphragm - ignoring constrained Node 1006 as no node in domain
RigidDiaphragm::RigidDiaphragm - ignoring constrained Node 3006 as no node in domain
RigidDiaphragm::RigidDiaphragm - ignoring constrained Node 4006 as no node in domain
RigidDiaphragm::RigidDiaphragm - ignoring constrained Node 5006 as no node in domain
RigidDiaphragm::RigidDiaphragm - ignoring constrained Node 6006 as no node in domain
RigidDiaphragm::RigidDiaphragm - ignoring constrained Node 7006 as no node in domain
RigidDiaphragm::RigidDiaphragm - ignoring constrained Node 8006 as no node in domain
RigidDiaphragm::RigidDiaphragm - ignoring constrained Node 9006 as no node in domain
RigidDiaphragm::RigidDiaphragm - ignoring constrained Node 10006 as no node in domain
RigidDiaphragm::RigidDiaphragm - ignoring constrained Node 11006 as no node in domain
RigidDiaphragm::RigidDiaphragm - ignoring constrained Node 12006 as no node in domain
RigidDiaphragm::RigidDiaphragm - ignoring constrained Node 13006 as no node in domain
RigidDiaphragm::RigidDiaphragm - ignoring constrained Node 14006 as no node in domain
RigidDiaphragm::RigidDiaphragm - ignoring constrained Node 15006 as no node in domain
RigidDiaphragm::RigidDiaphragm - ignoring constrained Node 16006 as no node in domain
RigidDiaphragm::RigidDiaphragm - ignoring constrained Node 17006 as no node in domain
RigidDiaphragm::RigidDiaphragm - ignoring constrained Node 18006 as no node in domain
RigidDiaphragm::RigidDiaphragm - ignoring constrained Node 19006 as no node in domain
RigidDiaphragm::RigidDiaphragm - ignoring constrained Node 20006 as no node in domain
RigidDiaphragm::RigidDiaphragm - ignoring constrained Node 21006 as no node in domain
RigidDiaphragm::RigidDiaphragm - ignoring constrained Node 50006 as no node in domain
RigidDiaphragm::RigidDiaphragm - ignoring constrained Node 51006 as no node in domain
RigidDiaphragm::RigidDiaphragm - ignoring constrained Node 52006 as no node in domain
RigidDiaphragm::RigidDiaphragm - ignoring constrained Node 56006 as no node in domain
RigidDiaphragm::RigidDiaphragm - ignoring constrained Node 57006 as no node in domain
RigidDiaphragm::RigidDiaphragm - ignoring constrained Node 58006 as no node in domain
RigidDiaphragm::RigidDiaphragm - ignoring constrained Node 72006 as no node in domain
RigidDiaphragm::RigidDiaphragm - ignoring constrained Node 74006 as no node in domain
RigidDiaphragm::RigidDiaphragm - ignoring constrained Node 78006 as no node in domain
RigidDiaphragm::RigidDiaphragm - ignoring constrained Node 82006 as no node in domain
RigidDiaphragm::RigidDiaphragm - ignoring constrained Node 86006 as no node in domain
RigidDiaphragm::RigidDiaphragm - ignoring constrained Node 90006 as no node in domain
RigidDiaphragm::RigidDiaphragm - ignoring constrained Node 94006 as no node in domain
RigidDiaphragm::RigidDiaphragm - ignoring constrained Node 98006 as no node in domain
RigidDiaphragm::RigidDiaphragm - ignoring constrained Node 102006 as no node in domain
RigidDiaphragm::RigidDiaphragm - ignoring constrained Node 103006 as no node in domain
RigidDiaphragm::RigidDiaphragm - ignoring constrained Node 106006 as no node in domain
RigidDiaphragm::RigidDiaphragm - ignoring constrained Node 107006 as no node in domain
RigidDiaphragm::RigidDiaphragm - ignoring constrained Node 110006 as no node in domain
RigidDiaphragm::RigidDiaphragm - ignoring constrained Node 111006 as no node in domain
RigidDiaphragm::RigidDiaphragm - ignoring constrained Node 114006 as no node in domain
RigidDiaphragm::RigidDiaphragm - ignoring constrained Node 115006 as no node in domain
RigidDiaphragm::RigidDiaphragm - ignoring constrained Node 118006 as no node in domain
RigidDiaphragm::RigidDiaphragm - ignoring constrained Node 119006 as no node in domain
RigidDiaphragm::RigidDiaphragm - ignoring constrained Node 122006 as no node in domain
RigidDiaphragm::RigidDiaphragm - ignoring constrained Node 123006 as no node in domain
RigidDiaphragm::RigidDiaphragm - ignoring constrained Node 126006 as no node in domain
RigidDiaphragm::RigidDiaphragm - ignoring constrained Node 127006 as no node in domain
RigidDiaphragm::RigidDiaphragm - ignoring constrained Node 130006 as no node in domain
RigidDiaphragm::RigidDiaphragm - ignoring constrained Node 131006 as no node in domain
RigidDiaphragm::RigidDiaphragm - ignoring constrained Node 134006 as no node in domain
RigidDiaphragm::RigidDiaphragm - ignoring constrained Node 135006 as no node in domain
RigidDiaphragm::RigidDiaphragm - ignoring constrained Node 138006 as no node in domain
RigidDiaphragm::RigidDiaphragm - ignoring constrained Node 139006 as no node in domain
RigidDiaphragm::RigidDiaphragm - ignoring constrained Node 142006 as no node in domain
RigidDiaphragm::RigidDiaphragm - ignoring constrained Node 146006 as no node in domain
RigidDiaphragm::RigidDiaphragm - ignoring constrained Node 150006 as no node in domain
RigidDiaphragm::RigidDiaphragm - ignoring constrained Node 154006 as no node in domain
RigidDiaphragm::RigidDiaphragm - ignoring constrained Node 158006 as no node in domain
RigidDiaphragm::RigidDiaphragm - ignoring constrained Node 162006 as no node in domain
RigidDiaphragm::RigidDiaphragm - ignoring constrained Node 166006 as no node in domain
RigidDiaphragm::RigidDiaphragm - ignoring constrained Node 167006 as no node in domain
RigidDiaphragm::RigidDiaphragm - ignoring constrained Node 170006 as no node in domain
RigidDiaphragm::RigidDiaphragm - ignoring constrained Node 171006 as no node in domain
RigidDiaphragm::RigidDiaphragm - ignoring constrained Node 174006 as no node in domain
RigidDiaphragm::RigidDiaphragm - ignoring constrained Node 175006 as no node in domain
RigidDiaphragm::RigidDiaphragm - ignoring constrained Node 178006 as no node in domain
RigidDiaphragm::RigidDiaphragm - ignoring constrained Node 179006 as no node in domain
RigidDiaphragm::RigidDiaphragm - ignoring constrained Node 194006 as no node in domain
RigidDiaphragm::RigidDiaphragm - ignoring constrained Node 195006 as no node in domain
RigidDiaphragm::RigidDiaphragm - ignoring constrained Node 198006 as no node in domain
RigidDiaphragm::RigidDiaphragm - ignoring constrained Node 199006 as no node in domain
RigidDiaphragm::RigidDiaphragm - ignoring constrained Node 202006 as no node in domain
RigidDiaphragm::RigidDiaphragm - ignoring constrained Node 203006 as no node in domain
RigidDiaphragm::RigidDiaphragm - ignoring constrained Node 206006 as no node in domain
RigidDiaphragm::RigidDiaphragm - ignoring constrained Node 207006 as no node in domain
RigidDiaphragm::RigidDiaphragm - ignoring constrained Node 210006 as no node in domain
RigidDiaphragm::RigidDiaphragm - ignoring constrained Node 211006 as no node in domain
RigidDiaphragm::RigidDiaphragm - ignoring constrained Node 214006 as no node in domain
RigidDiaphragm::RigidDiaphragm - ignoring constrained Node 215006 as no node in domain
RigidDiaphragm::RigidDiaphragm - ignoring constrained Node 218006 as no node in domain
RigidDiaphragm::RigidDiaphragm - ignoring constrained Node 219006 as no node in domain
RigidDiaphragm::RigidDiaphragm - ignoring constrained Node 222006 as no node in domain
RigidDiaphragm::RigidDiaphragm - ignoring constrained Node 223006 as no node in domain
RigidDiaphragm::RigidDiaphragm - ignoring constrained Node 226006 as no node in domain
RigidDiaphragm::RigidDiaphragm - ignoring constrained Node 227006 as no node in domain
RigidDiaphragm::RigidDiaphragm - ignoring constrained Node 230006 as no node in domain
RigidDiaphragm::RigidDiaphragm - ignoring constrained Node 231006 as no node in domain
RigidDiaphragm::RigidDiaphragm - ignoring constrained Node 234006 as no node in domain
RigidDiaphragm::RigidDiaphragm - ignoring constrained Node 235006 as no node in domain
RigidDiaphragm::RigidDiaphragm - ignoring constrained Node 238006 as no node in domain
RigidDiaphragm::RigidDiaphragm - ignoring constrained Node 239006 as no node in domain
RigidDiaphragm::RigidDiaphragm - ignoring constrained Node 246006 as no node in domain
RigidDiaphragm::RigidDiaphragm - ignoring constrained Node 247006 as no node in domain
RigidDiaphragm::RigidDiaphragm - ignoring constrained Node 248006 as no node in domain
RigidDiaphragm::RigidDiaphragm - ignoring constrained Node 249006 as no node in domain
RigidDiaphragm::RigidDiaphragm - ignoring constrained Node 250006 as no node in domain
RigidDiaphragm::RigidDiaphragm - ignoring constrained Node 251006 as no node in domain
RigidDiaphragm::RigidDiaphragm - ignoring constrained Node 252006 as no node in domain
RigidDiaphragm::RigidDiaphragm - ignoring constrained Node 253006 as no node in domain
RigidDiaphragm::RigidDiaphragm - ignoring constrained Node 254006 as no node in domain
RigidDiaphragm::RigidDiaphragm - ignoring constrained Node 255006 as no node in domain
RigidDiaphragm::RigidDiaphragm - ignoring constrained Node 256006 as no node in domain
RigidDiaphragm::RigidDiaphragm - ignoring constrained Node 257006 as no node in domain
RigidDiaphragm::RigidDiaphragm - ignoring constrained Node 258006 as no node in domain
RigidDiaphragm::RigidDiaphragm - ignoring constrained Node 259006 as no node in domain
RigidDiaphragm::RigidDiaphragm - ignoring constrained Node 260006 as no node in domain
RigidDiaphragm::RigidDiaphragm - ignoring constrained Node 261006 as no node in domain
RigidDiaphragm::RigidDiaphragm - ignoring constrained Node 264006 as no node in domain
RigidDiaphragm::RigidDiaphragm - ignoring constrained Node 265006 as no node in domain
RigidDiaphragm::RigidDiaphragm - ignoring constrained Node 268006 as no node in domain
RigidDiaphragm::RigidDiaphragm - ignoring constrained Node 269006 as no node in domain
RigidDiaphragm::RigidDiaphragm - ignoring constrained Node 272006 as no node in domain
RigidDiaphragm::RigidDiaphragm - ignoring constrained Node 273006 as no node in domain
RigidDiaphragm::RigidDiaphragm - ignoring constrained Node 276006 as no node in domain
RigidDiaphragm::RigidDiaphragm - ignoring constrained Node 277006 as no node in domain
RigidDiaphragm::RigidDiaphragm - ignoring constrained Node 280006 as no node in domain
RigidDiaphragm::RigidDiaphragm - ignoring constrained Node 281006 as no node in domain
RigidDiaphragm::RigidDiaphragm - ignoring constrained Node 284006 as no node in domain
RigidDiaphragm::RigidDiaphragm - ignoring constrained Node 285006 as no node in domain
RigidDiaphragm::RigidDiaphragm - ignoring constrained Node 320006 as no node in domain
RigidDiaphragm::RigidDiaphragm - ignoring constrained Node 321006 as no node in domain
RigidDiaphragm::RigidDiaphragm - ignoring constrained Node 324006 as no node in domain
RigidDiaphragm::RigidDiaphragm - ignoring constrained Node 325006 as no node in domain
RigidDiaphragm::RigidDiaphragm - ignoring constrained Node 328006 as no node in domain
RigidDiaphragm::RigidDiaphragm - ignoring constrained Node 329006 as no node in domain
RigidDiaphragm::RigidDiaphragm - ignoring constrained Node 332006 as no node in domain
RigidDiaphragm::RigidDiaphragm - ignoring constrained Node 333006 as no node in domain
RigidDiaphragm::RigidDiaphragm - ignoring constrained Node 334006 as no node in domain
RigidDiaphragm::RigidDiaphragm - ignoring constrained Node 335006 as no node in domain
RigidDiaphragm::RigidDiaphragm - ignoring constrained Node 336006 as no node in domain
RigidDiaphragm::RigidDiaphragm - ignoring constrained Node 337006 as no node in domain
RigidDiaphragm::RigidDiaphragm - ignoring constrained Node 338006 as no node in domain
RigidDiaphragm::RigidDiaphragm - ignoring constrained Node 339006 as no node in domain
RigidDiaphragm::RigidDiaphragm - ignoring constrained Node 348006 as no node in domain
RigidDiaphragm::RigidDiaphragm - ignoring constrained Node 349006 as no node in domain
RigidDiaphragm::RigidDiaphragm - ignoring constrained Node 350006 as no node in domain
RigidDiaphragm::RigidDiaphragm - ignoring constrained Node 351006 as no node in domain
RigidDiaphragm::RigidDiaphragm - ignoring constrained Node 352006 as no node in domain
RigidDiaphragm::RigidDiaphragm - ignoring constrained Node 353006 as no node in domain
RigidDiaphragm::RigidDiaphragm - ignoring constrained Node 354006 as no node in domain
RigidDiaphragm::RigidDiaphragm - ignoring constrained Node 355006 as no node in domain
RigidDiaphragm::RigidDiaphragm - ignoring constrained Node 356006 as no node in domain
RigidDiaphragm::RigidDiaphragm - ignoring constrained Node 357006 as no node in domain
RigidDiaphragm::RigidDiaphragm - ignoring constrained Node 358006 as no node in domain
RigidDiaphragm::RigidDiaphragm - ignoring constrained Node 359006 as no node in domain
RigidDiaphragm::RigidDiaphragm - ignoring constrained Node 360006 as no node in domain
RigidDiaphragm::RigidDiaphragm - ignoring constrained Node 361006 as no node in domain
RigidDiaphragm::RigidDiaphragm - ignoring constrained Node 362006 as no node in domain
RigidDiaphragm::RigidDiaphragm - ignoring constrained Node 363006 as no node in domain
RigidDiaphragm::RigidDiaphragm - ignoring constrained Node 364006 as no node in domain
RigidDiaphragm::RigidDiaphragm - ignoring constrained Node 365006 as no node in domain
RigidDiaphragm::RigidDiaphragm - ignoring constrained Node 366006 as no node in domain
RigidDiaphragm::RigidDiaphragm - ignoring constrained Node 367006 as no node in domain
RigidDiaphragm::RigidDiaphragm - ignoring constrained Node 368006 as no node in domain
RigidDiaphragm::RigidDiaphragm - ignoring constrained Node 369006 as no node in domain
RigidDiaphragm::RigidDiaphragm - ignoring constrained Node 370006 as no node in domain
RigidDiaphragm::RigidDiaphragm - ignoring constrained Node 371006 as no node in domain
RigidDiaphragm::RigidDiaphragm - ignoring constrained Node 372006 as no node in domain
RigidDiaphragm::RigidDiaphragm - ignoring constrained Node 373006 as no node in domain
RigidDiaphragm::RigidDiaphragm - ignoring constrained Node 433006 as no node in domain
================================================================================
Testing full model build with MODEL_translator
================================================================================

Force reloading modules...
Modules reloaded.


Building model with stage='all'...
[MODEL_translator] Step 1: Creating nodes...
[define_nodes] Created 4717 nodes from out/story_graph.json
[define_nodes] Z range: [0.000, 34.225]
[define_nodes] Points below z=10.00: 519
[define_nodes]   00_CimS1_m150: 645 nodes
[define_nodes]   Base: 33 nodes
[MODEL_translator] After define_nodes(): 4717 nodes in domain
[MODEL_translator] Step 2: Applying point restraints...
[supports] Skip: node 19015 has springs - will be handled by spring implementation
[supports] Skip: node 72015 has springs - will be handled by spring implementation
[supports] Skip: node 513015 has springs - will be handled by spring implementation
[supports] ... and 60 more nodes skipped due to springs
[supports] Total: 0 restraints applied, 63 deferred to springs
[supports] Wrote out\supports.json
[MODEL_translator] After restraints: 4717 nodes in domain
[MODEL_translator] Step 3: Defining spring supports...
[MODEL_translator] After springs: 5399 nodes in domain
[MODEL_translator] Step 4: Defining rigid diaphragms...
[diaphragms] Initialized OpenSees model: ndm=3, ndf=6
[diaphragms] master node 1 @ (65.652,15.070,34.225) for story '12_P7'
[diaphragms] rigidDiaphragm(3, 1, 51000, 52000, 53000, 54000, 56000, 57000, 59000, 60000, 70000, 71000, 73000, 75000, 76000, 77000, 332000, 333000, 334000, 335000, 336000, 337000, 338000, 339000, 340000, 341000, 342000, 343000, 344000, 345000, 360000, 362000, 364000, 366000, 368000, 370000, 372000, 386000, 388000, 390000, 392000, 394000, 396000, 398000, 432000, 441000, 442000, 443000, 444000, 445000, 446000, 447000, 448000, 449000, 450000, 451000, 452000, 453000, 454000, 455000, 456000, 457000, 458000, 459000, 460000, 461000, 462000, 471000, 639000, 640000, 641000, 642000, 643000, 644000, 645000, 646000, 647000, 648000, 649000, 650000, 651000, 652000)
[diaphragms] master node 2 @ (31.015,14.469,30.625) for story '11_P6'
[diaphragms] rigidDiaphragm(3, 2, 1001, 3001, 5001, 7001, 9001, 11001, 13001, 15001, 17001, 19001, 20001, 21001, 22001, 23001, 24001, 25001, 26001, 27001, 28001, 29001, 30001, 31001, 32001, 33001, 34001, 35001, 36001, 37001, 38001, 39001, 40001, 41001, 42001, 43001, 44001, 45001, 46001, 47001, 48001, 51001, 52001, 53001, 54001, 55001, 56001, 57001, 59001, 60001, 61001, 62001, 63001, 64001, 65001, 66001, 67001, 68001, 69001, 70001, 71001, 72001, 73001, 74001, 75001, 76001, 77001, 78001, 80001, 81001, 82001, 84001, 85001, 86001, 88001, 89001, 90001, 92001, 93001, 94001, 96001, 97001, 98001, 100001, 101001, 102001, 104001, 105001, 106001, 108001, 109001, 110001, 112001, 113001, 114001, 116001, 117001, 118001, 120001, 121001, 122001, 124001, 125001, 126001, 128001, 129001, 130001, 132001, 133001, 134001, 136001, 137001, 138001, 140001, 141001, 142001, 144001, 145001, 146001, 148001, 149001, 150001, 152001, 153001, 154001, 156001, 157001, 158001, 160001, 161001, 162001, 164001, 165001, 166001, 168001, 169001, 170001, 172001, 173001, 174001, 176001, 177001, 178001, 180001, 181001, 182001, 183001, 184001, 185001, 194001, 196001, 197001, 198001, 200001, 201001, 202001, 204001, 205001, 206001, 208001, 209001, 210001, 212001, 213001, 214001, 216001, 217001, 218001, 220001, 221001, 222001, 224001, 225001, 226001, 228001, 229001, 230001, 232001, 233001, 234001, 236001, 237001, 238001, 240001, 241001, 247001, 249001, 251001, 253001, 255001, 257001, 259001, 261001, 264001, 265001, 268001, 269001, 272001, 273001, 276001, 277001, 280001, 281001, 284001, 285001, 288001, 289001, 292001, 293001, 296001, 297001, 300001, 301001, 304001, 305001, 308001, 309001, 311001, 313001, 315001, 316001, 317001, 318001, 319001, 320001, 322001, 323001, 324001, 326001, 327001, 328001, 330001, 331001, 332001, 333001, 334001, 335001, 336001, 337001, 338001, 339001, 340001, 341001, 342001, 343001, 344001, 345001, 346001, 347001, 348001, 350001, 352001, 354001, 356001, 358001, 360001, 362001, 364001, 366001, 368001, 370001, 372001, 374001, 375001, 376001, 377001, 378001, 379001, 380001, 381001, 382001, 383001, 384001, 385001, 386001, 387001, 388001, 389001, 390001, 391001, 392001, 393001, 394001, 395001, 396001, 397001, 398001, 399001, 400001, 401001, 402001, 403001, 404001, 405001, 406001, 407001, 408001, 409001, 410001, 411001, 412001, 413001, 414001, 415001, 416001, 417001, 418001, 419001, 420001, 421001, 422001, 423001, 424001, 425001, 426001, 427001, 428001, 429001, 430001, 431001, 432001, 433001, 434001, 435001, 436001, 437001, 438001, 439001, 440001, 448001, 449001, 450001, 451001, 452001, 453001, 454001, 455001, 456001, 457001, 458001, 459001, 460001, 461001, 462001, 471001, 480001, 481001, 482001, 483001, 484001, 485001, 486001, 487001, 508001, 509001, 510001, 511001, 512001, 513001, 514001, 515001, 516001, 517001, 518001, 519001, 520001, 521001, 522001, 523001, 524001, 525001, 526001, 531001, 536001, 537001, 538001, 539001, 540001, 541001, 542001, 543001, 544001, 545001, 546001, 547001, 548001, 549001, 550001, 551001, 552001, 553001, 554001, 555001, 556001, 557001, 558001, 559001, 639001, 640001, 641001, 642001, 643001, 644001, 645001, 646001, 647001, 648001, 649001, 650001, 651001, 652001, 653001, 654001, 655001, 656001, 657001, 658001, 659001, 660001, 661001, 662001, 663001, 664001, 665001, 666001, 667001, 668001, 669001, 670001, 671001, 672001, 673001, 674001, 675001, 676001, 677001, 678001, 679001, 680001, 681001, 682001, 683001, 684001, 685001, 686001, 687001, 688001, 689001, 690001, 691001, 692001, 693001, 694001, 695001, 696001, 697001, 698001, 699001, 700001, 701001, 702001, 703001, 704001, 705001, 706001, 707001, 708001, 709001, 710001, 711001, 712001, 713001, 714001, 715001, 716001, 717001, 718001, 719001, 720001, 721001, 722001, 723001, 724001, 725001, 726001, 727001, 728001, 729001, 730001, 731001, 732001, 733001, 734001, 735001, 736001, 737001, 738001, 739001, 740001, 741001, 742001, 743001, 744001, 745001, 746001, 747001, 748001, 749001, 750001, 751001, 752001, 753001, 754001, 755001, 756001, 757001, 758001, 759001, 760001, 761001, 762001, 763001, 764001, 765001, 766001, 767001, 768001, 769001, 770001, 771001, 772001, 773001, 774001, 775001, 776001, 777001, 778001, 779001, 780001, 781001, 782001, 783001, 784001, 785001, 786001, 787001, 788001, 789001, 790001, 791001, 792001, 793001, 794001, 795001, 796001, 797001, 798001, 799001, 800001, 801001, 802001, 803001, 804001, 805001, 806001, 807001, 808001, 809001, 810001, 811001, 812001, 813001, 814001, 815001, 816001, 817001, 818001, 819001, 820001, 821001, 822001, 823001, 824001, 825001, 826001, 827001, 828001, 829001, 830001, 831001, 832001, 833001, 834001, 835001, 836001, 837001, 838001, 839001, 840001, 841001, 842001, 843001, 844001, 845001, 846001, 847001, 848001, 849001, 850001, 851001, 852001, 853001, 854001, 855001, 856001, 857001, 858001, 859001, 860001, 861001, 862001, 863001, 864001, 865001, 872001, 873001, 874001, 875001, 876001, 877001, 878001, 879001, 880001, 881001, 882001, 883001)
[diaphragms] master node 3 @ (3.850,13.081,29.000) for story '11a_FONDO_PISC'
[diaphragms] rigidDiaphragm(3, 3, 19002, 21002, 22002, 24002, 45002, 69002, 72002, 74002)
[diaphragms] 10_P5: filtered out 33 DISCONNECTED + 3 None from 318 candidates
[diaphragms] master node 4 @ (35.609,22.038,27.525) for story '10_P5'
RigidDiaphragm::RigidDiaphragm - ignoring constrained Node 434006 as no node in domain
RigidDiaphragm::RigidDiaphragm - ignoring constrained Node 435006 as no node in domain
RigidDiaphragm::RigidDiaphragm - ignoring constrained Node 436006 as no node in domain
RigidDiaphragm::RigidDiaphragm - ignoring constrained Node 437006 as no node in domain
RigidDiaphragm::RigidDiaphragm - ignoring constrained Node 455006 as no node in domain
RigidDiaphragm::RigidDiaphragm - ignoring constrained Node 456006 as no node in domain
RigidDiaphragm::RigidDiaphragm - ignoring constrained Node 457006 as no node in domain
RigidDiaphragm::RigidDiaphragm - ignoring constrained Node 458006 as no node in domain
RigidDiaphragm::RigidDiaphragm - ignoring constrained Node 459006 as no node in domain
RigidDiaphragm::RigidDiaphragm - ignoring constrained Node 460006 as no node in domain
RigidDiaphragm::RigidDiaphragm - ignoring constrained Node 461006 as no node in domain
RigidDiaphragm::RigidDiaphragm - ignoring constrained Node 462006 as no node in domain
RigidDiaphragm::RigidDiaphragm - ignoring constrained Node 472006 as no node in domain
RigidDiaphragm::RigidDiaphragm - ignoring constrained Node 473006 as no node in domain
RigidDiaphragm::RigidDiaphragm - ignoring constrained Node 476006 as no node in domain
RigidDiaphragm::RigidDiaphragm - ignoring constrained Node 477006 as no node in domain
RigidDiaphragm::RigidDiaphragm - ignoring constrained Node 512006 as no node in domain
RigidDiaphragm::RigidDiaphragm - ignoring constrained Node 513006 as no node in domain
RigidDiaphragm::RigidDiaphragm - ignoring constrained Node 514006 as no node in domain
RigidDiaphragm::RigidDiaphragm - ignoring constrained Node 515006 as no node in domain
RigidDiaphragm::RigidDiaphragm - ignoring constrained Node 516006 as no node in domain
RigidDiaphragm::RigidDiaphragm - ignoring constrained Node 517006 as no node in domain
RigidDiaphragm::RigidDiaphragm - ignoring constrained Node 518006 as no node in domain
RigidDiaphragm::RigidDiaphragm - ignoring constrained Node 519006 as no node in domain
RigidDiaphragm::RigidDiaphragm - ignoring constrained Node 520006 as no node in domain
RigidDiaphragm::RigidDiaphragm - ignoring constrained Node 521006 as no node in domain
RigidDiaphragm::RigidDiaphragm - ignoring constrained Node 639006 as no node in domain
RigidDiaphragm::RigidDiaphragm - ignoring constrained Node 641006 as no node in domain
RigidDiaphragm::RigidDiaphragm - ignoring constrained Node 643006 as no node in domain
RigidDiaphragm::RigidDiaphragm - ignoring constrained Node 645006 as no node in domain
RigidDiaphragm::RigidDiaphragm - ignoring constrained Node 647006 as no node in domain
RigidDiaphragm::RigidDiaphragm - ignoring constrained Node 649006 as no node in domain
RigidDiaphragm::RigidDiaphragm - ignoring constrained Node 651006 as no node in domain
RigidDiaphragm::RigidDiaphragm - ignoring constrained Node 673006 as no node in domain
RigidDiaphragm::RigidDiaphragm - ignoring constrained Node 674006 as no node in domain
RigidDiaphragm::RigidDiaphragm - ignoring constrained Node 676006 as no node in domain
RigidDiaphragm::RigidDiaphragm - ignoring constrained Node 677006 as no node in domain
RigidDiaphragm::RigidDiaphragm - ignoring constrained Node 679006 as no node in domain
RigidDiaphragm::RigidDiaphragm - ignoring constrained Node 680006 as no node in domain
RigidDiaphragm::RigidDiaphragm - ignoring constrained Node 682006 as no node in domain
RigidDiaphragm::RigidDiaphragm - ignoring constrained Node 683006 as no node in domain
RigidDiaphragm::RigidDiaphragm - ignoring constrained Node 685006 as no node in domain
RigidDiaphragm::RigidDiaphragm - ignoring constrained Node 686006 as no node in domain
RigidDiaphragm::RigidDiaphragm - ignoring constrained Node 688006 as no node in domain
RigidDiaphragm::RigidDiaphragm - ignoring constrained Node 689006 as no node in domain
RigidDiaphragm::RigidDiaphragm - ignoring constrained Node 691006 as no node in domain
RigidDiaphragm::RigidDiaphragm - ignoring constrained Node 692006 as no node in domain
RigidDiaphragm::RigidDiaphragm - ignoring constrained Node 694006 as no node in domain
RigidDiaphragm::RigidDiaphragm - ignoring constrained Node 695006 as no node in domain
RigidDiaphragm::RigidDiaphragm - ignoring constrained Node 697006 as no node in domain
RigidDiaphragm::RigidDiaphragm - ignoring constrained Node 698006 as no node in domain
RigidDiaphragm::RigidDiaphragm - ignoring constrained Node 700006 as no node in domain
RigidDiaphragm::RigidDiaphragm - ignoring constrained Node 701006 as no node in domain
RigidDiaphragm::RigidDiaphragm - ignoring constrained Node 703006 as no node in domain
RigidDiaphragm::RigidDiaphragm - ignoring constrained Node 704006 as no node in domain
RigidDiaphragm::RigidDiaphragm - ignoring constrained Node 706006 as no node in domain
RigidDiaphragm::RigidDiaphragm - ignoring constrained Node 707006 as no node in domain
RigidDiaphragm::RigidDiaphragm - ignoring constrained Node 709006 as no node in domain
RigidDiaphragm::RigidDiaphragm - ignoring constrained Node 710006 as no node in domain
RigidDiaphragm::RigidDiaphragm - ignoring constrained Node 712006 as no node in domain
RigidDiaphragm::RigidDiaphragm - ignoring constrained Node 713006 as no node in domain
RigidDiaphragm::RigidDiaphragm - ignoring constrained Node 715006 as no node in domain
RigidDiaphragm::RigidDiaphragm - ignoring constrained Node 716006 as no node in domain
RigidDiaphragm::RigidDiaphragm - ignoring constrained Node 718006 as no node in domain
RigidDiaphragm::RigidDiaphragm - ignoring constrained Node 719006 as no node in domain
RigidDiaphragm::RigidDiaphragm - ignoring constrained Node 721006 as no node in domain
RigidDiaphragm::RigidDiaphragm - ignoring constrained Node 722006 as no node in domain
RigidDiaphragm::RigidDiaphragm - ignoring constrained Node 724006 as no node in domain
RigidDiaphragm::RigidDiaphragm - ignoring constrained Node 725006 as no node in domain
RigidDiaphragm::RigidDiaphragm - ignoring constrained Node 727006 as no node in domain
RigidDiaphragm::RigidDiaphragm - ignoring constrained Node 728006 as no node in domain
RigidDiaphragm::RigidDiaphragm - ignoring constrained Node 730006 as no node in domain
RigidDiaphragm::RigidDiaphragm - ignoring constrained Node 731006 as no node in domain
RigidDiaphragm::RigidDiaphragm - ignoring constrained Node 733006 as no node in domain
RigidDiaphragm::RigidDiaphragm - ignoring constrained Node 735006 as no node in domain
RigidDiaphragm::RigidDiaphragm - ignoring constrained Node 737006 as no node in domain
RigidDiaphragm::RigidDiaphragm - ignoring constrained Node 739006 as no node in domain
RigidDiaphragm::RigidDiaphragm - ignoring constrained Node 741006 as no node in domain
RigidDiaphragm::RigidDiaphragm - ignoring constrained Node 743006 as no node in domain
RigidDiaphragm::RigidDiaphragm - ignoring constrained Node 745006 as no node in domain
RigidDiaphragm::RigidDiaphragm - ignoring constrained Node 747006 as no node in domain
RigidDiaphragm::RigidDiaphragm - ignoring constrained Node 749006 as no node in domain
RigidDiaphragm::RigidDiaphragm - ignoring constrained Node 751006 as no node in domain
RigidDiaphragm::RigidDiaphragm - ignoring constrained Node 753006 as no node in domain
RigidDiaphragm::RigidDiaphragm - ignoring constrained Node 755006 as no node in domain
RigidDiaphragm::RigidDiaphragm - ignoring constrained Node 757006 as no node in domain
RigidDiaphragm::RigidDiaphragm - ignoring constrained Node 759006 as no node in domain
RigidDiaphragm::RigidDiaphragm - ignoring constrained Node 761006 as no node in domain
RigidDiaphragm::RigidDiaphragm - ignoring constrained Node 763006 as no node in domain
RigidDiaphragm::RigidDiaphragm - ignoring constrained Node 765006 as no node in domain
RigidDiaphragm::RigidDiaphragm - ignoring constrained Node 767006 as no node in domain
RigidDiaphragm::RigidDiaphragm - ignoring constrained Node 769006 as no node in domain
RigidDiaphragm::RigidDiaphragm - ignoring constrained Node 771006 as no node in domain
RigidDiaphragm::RigidDiaphragm - ignoring constrained Node 773006 as no node in domain
RigidDiaphragm::RigidDiaphragm - ignoring constrained Node 812006 as no node in domain
RigidDiaphragm::RigidDiaphragm - ignoring constrained Node 813006 as no node in domain
RigidDiaphragm::RigidDiaphragm - ignoring constrained Node 814006 as no node in domain
RigidDiaphragm::RigidDiaphragm - ignoring constrained Node 815006 as no node in domain
RigidDiaphragm::RigidDiaphragm - ignoring constrained Node 816006 as no node in domain
RigidDiaphragm::RigidDiaphragm - ignoring constrained Node 817006 as no node in domain
RigidDiaphragm::RigidDiaphragm - ignoring constrained Node 818006 as no node in domain
RigidDiaphragm::RigidDiaphragm - ignoring constrained Node 819006 as no node in domain
RigidDiaphragm::RigidDiaphragm - ignoring constrained Node 820006 as no node in domain
RigidDiaphragm::RigidDiaphragm - ignoring constrained Node 821006 as no node in domain
RigidDiaphragm::RigidDiaphragm - ignoring constrained Node 822006 as no node in domain
RigidDiaphragm::RigidDiaphragm - ignoring constrained Node 823006 as no node in domain
RigidDiaphragm::RigidDiaphragm - ignoring constrained Node 824006 as no node in domain
RigidDiaphragm::RigidDiaphragm - ignoring constrained Node 825006 as no node in domain
RigidDiaphragm::RigidDiaphragm - ignoring constrained Node 826006 as no node in domain
RigidDiaphragm::RigidDiaphragm - ignoring constrained Node 827006 as no node in domain
RigidDiaphragm::RigidDiaphragm - ignoring constrained Node 828006 as no node in domain
RigidDiaphragm::RigidDiaphragm - ignoring constrained Node 829006 as no node in domain
RigidDiaphragm::RigidDiaphragm - ignoring constrained Node 830006 as no node in domain
RigidDiaphragm::RigidDiaphragm - ignoring constrained Node 831006 as no node in domain
RigidDiaphragm::RigidDiaphragm - ignoring constrained Node 832006 as no node in domain
RigidDiaphragm::RigidDiaphragm - ignoring constrained Node 833006 as no node in domain
RigidDiaphragm::RigidDiaphragm - ignoring constrained Node 834006 as no node in domain
RigidDiaphragm::RigidDiaphragm - ignoring constrained Node 835006 as no node in domain
RigidDiaphragm::RigidDiaphragm - ignoring constrained Node 836006 as no node in domain
RigidDiaphragm::RigidDiaphragm - ignoring constrained Node 837006 as no node in domain
RigidDiaphragm::RigidDiaphragm - ignoring constrained Node 838006 as no node in domain
RigidDiaphragm::RigidDiaphragm - ignoring constrained Node 839006 as no node in domain
RigidDiaphragm::RigidDiaphragm - ignoring constrained Node 840006 as no node in domain
RigidDiaphragm::RigidDiaphragm - ignoring constrained Node 841006 as no node in domain
RigidDiaphragm::RigidDiaphragm - ignoring constrained Node 842006 as no node in domain
RigidDiaphragm::RigidDiaphragm - ignoring constrained Node 843006 as no node in domain
RigidDiaphragm::RigidDiaphragm - ignoring constrained Node 844006 as no node in domain
RigidDiaphragm::RigidDiaphragm - ignoring constrained Node 845006 as no node in domain
RigidDiaphragm::RigidDiaphragm - ignoring constrained Node 846006 as no node in domain
RigidDiaphragm::RigidDiaphragm - ignoring constrained Node 847006 as no node in domain
RigidDiaphragm::RigidDiaphragm - ignoring constrained Node 848006 as no node in domain
RigidDiaphragm::RigidDiaphragm - ignoring constrained Node 849006 as no node in domain
RigidDiaphragm::RigidDiaphragm - ignoring constrained Node 850006 as no node in domain
RigidDiaphragm::RigidDiaphragm - ignoring constrained Node 851006 as no node in domain
RigidDiaphragm::RigidDiaphragm - ignoring constrained Node 852006 as no node in domain
RigidDiaphragm::RigidDiaphragm - ignoring constrained Node 853006 as no node in domain
RigidDiaphragm::RigidDiaphragm - ignoring constrained Node 854006 as no node in domain
RigidDiaphragm::RigidDiaphragm - ignoring constrained Node 855006 as no node in domain
RigidDiaphragm::RigidDiaphragm - ignoring constrained Node 856006 as no node in domain
RigidDiaphragm::RigidDiaphragm - ignoring constrained Node 857006 as no node in domain
RigidDiaphragm::RigidDiaphragm - ignoring constrained Node 858006 as no node in domain
RigidDiaphragm::RigidDiaphragm - ignoring constrained Node 859006 as no node in domain
RigidDiaphragm::RigidDiaphragm - ignoring constrained Node 860006 as no node in domain
RigidDiaphragm::RigidDiaphragm - ignoring constrained Node 861006 as no node in domain
RigidDiaphragm::RigidDiaphragm - ignoring constrained Node 862006 as no node in domain
RigidDiaphragm::RigidDiaphragm - ignoring constrained Node 863006 as no node in domain
RigidDiaphragm::RigidDiaphragm - ignoring constrained Node 864006 as no node in domain
RigidDiaphragm::RigidDiaphragm - ignoring constrained Node 865006 as no node in domain
RigidDiaphragm::RigidDiaphragm - ignoring constrained Node 866006 as no node in domain
RigidDiaphragm::RigidDiaphragm - ignoring constrained Node 867006 as no node in domain
RigidDiaphragm::RigidDiaphragm - ignoring constrained Node 868006 as no node in domain
RigidDiaphragm::RigidDiaphragm - ignoring constrained Node 869006 as no node in domain
RigidDiaphragm::RigidDiaphragm - ignoring constrained Node 870006 as no node in domain
RigidDiaphragm::RigidDiaphragm - ignoring constrained Node 871006 as no node in domain
RigidDiaphragm::RigidDiaphragm - ignoring constrained Node 872006 as no node in domain
RigidDiaphragm::RigidDiaphragm - ignoring constrained Node 874006 as no node in domain
RigidDiaphragm::RigidDiaphragm - ignoring constrained Node 876006 as no node in domain
RigidDiaphragm::RigidDiaphragm - ignoring constrained Node 878006 as no node in domain
RigidDiaphragm::RigidDiaphragm - ignoring constrained Node 880006 as no node in domain
RigidDiaphragm::RigidDiaphragm - ignoring constrained Node 882006 as no node in domain
RigidDiaphragm::RigidDiaphragm - ignoring constrained Node 23007 as no node in domain
RigidDiaphragm::RigidDiaphragm - ignoring constrained Node 24007 as no node in domain
RigidDiaphragm::RigidDiaphragm - ignoring constrained Node 25007 as no node in domain
RigidDiaphragm::RigidDiaphragm - ignoring constrained Node 26007 as no node in domain
RigidDiaphragm::RigidDiaphragm - ignoring constrained Node 27007 as no node in domain
RigidDiaphragm::RigidDiaphragm - ignoring constrained Node 28007 as no node in domain
RigidDiaphragm::RigidDiaphragm - ignoring constrained Node 29007 as no node in domain
RigidDiaphragm::RigidDiaphragm - ignoring constrained Node 30007 as no node in domain
RigidDiaphragm::RigidDiaphragm - ignoring constrained Node 31007 as no node in domain
RigidDiaphragm::RigidDiaphragm - ignoring constrained Node 32007 as no node in domain
RigidDiaphragm::RigidDiaphragm - ignoring constrained Node 33007 as no node in domain
RigidDiaphragm::RigidDiaphragm - ignoring constrained Node 34007 as no node in domain
RigidDiaphragm::RigidDiaphragm - ignoring constrained Node 35007 as no node in domain
RigidDiaphragm::RigidDiaphragm - ignoring constrained Node 36007 as no node in domain
RigidDiaphragm::RigidDiaphragm - ignoring constrained Node 37007 as no node in domain
RigidDiaphragm::RigidDiaphragm - ignoring constrained Node 38007 as no node in domain
RigidDiaphragm::RigidDiaphragm - ignoring constrained Node 39007 as no node in domain
RigidDiaphragm::RigidDiaphragm - ignoring constrained Node 40007 as no node in domain
RigidDiaphragm::RigidDiaphragm - ignoring constrained Node 41007 as no node in domain
RigidDiaphragm::RigidDiaphragm - ignoring constrained Node 42007 as no node in domain
RigidDiaphragm::RigidDiaphragm - ignoring constrained Node 43007 as no node in domain
RigidDiaphragm::RigidDiaphragm - ignoring constrained Node 44007 as no node in domain
RigidDiaphragm::RigidDiaphragm - ignoring constrained Node 45007 as no node in domain
RigidDiaphragm::RigidDiaphragm - ignoring constrained Node 46007 as no node in domain
RigidDiaphragm::RigidDiaphragm - ignoring constrained Node 47007 as no node in domain
RigidDiaphragm::RigidDiaphragm - ignoring constrained Node 48007 as no node in domain
RigidDiaphragm::RigidDiaphragm - ignoring constrained Node 53007 as no node in domain
RigidDiaphragm::RigidDiaphragm - ignoring constrained Node 54007 as no node in domain
RigidDiaphragm::RigidDiaphragm - ignoring constrained Node 55007 as no node in domain
RigidDiaphragm::RigidDiaphragm - ignoring constrained Node 59007 as no node in domain
RigidDiaphragm::RigidDiaphragm - ignoring constrained Node 60007 as no node in domain
RigidDiaphragm::RigidDiaphragm - ignoring constrained Node 61007 as no node in domain
RigidDiaphragm::RigidDiaphragm - ignoring constrained Node 69007 as no node in domain
RigidDiaphragm::RigidDiaphragm - ignoring constrained Node 81007 as no node in domain
RigidDiaphragm::RigidDiaphragm - ignoring constrained Node 85007 as no node in domain
RigidDiaphragm::RigidDiaphragm - ignoring constrained Node 89007 as no node in domain
RigidDiaphragm::RigidDiaphragm - ignoring constrained Node 93007 as no node in domain
RigidDiaphragm::RigidDiaphragm - ignoring constrained Node 97007 as no node in domain
RigidDiaphragm::RigidDiaphragm - ignoring constrained Node 101007 as no node in domain
RigidDiaphragm::RigidDiaphragm - ignoring constrained Node 104007 as no node in domain
RigidDiaphragm::RigidDiaphragm - ignoring constrained Node 105007 as no node in domain
RigidDiaphragm::RigidDiaphragm - ignoring constrained Node 108007 as no node in domain
RigidDiaphragm::RigidDiaphragm - ignoring constrained Node 109007 as no node in domain
RigidDiaphragm::RigidDiaphragm - ignoring constrained Node 112007 as no node in domain
RigidDiaphragm::RigidDiaphragm - ignoring constrained Node 113007 as no node in domain
RigidDiaphragm::RigidDiaphragm - ignoring constrained Node 116007 as no node in domain
RigidDiaphragm::RigidDiaphragm - ignoring constrained Node 117007 as no node in domain
RigidDiaphragm::RigidDiaphragm - ignoring constrained Node 120007 as no node in domain
RigidDiaphragm::RigidDiaphragm - ignoring constrained Node 121007 as no node in domain
RigidDiaphragm::RigidDiaphragm - ignoring constrained Node 124007 as no node in domain
RigidDiaphragm::RigidDiaphragm - ignoring constrained Node 125007 as no node in domain
RigidDiaphragm::RigidDiaphragm - ignoring constrained Node 128007 as no node in domain
RigidDiaphragm::RigidDiaphragm - ignoring constrained Node 129007 as no node in domain
RigidDiaphragm::RigidDiaphragm - ignoring constrained Node 132007 as no node in domain
RigidDiaphragm::RigidDiaphragm - ignoring constrained Node 133007 as no node in domain
RigidDiaphragm::RigidDiaphragm - ignoring constrained Node 136007 as no node in domain
RigidDiaphragm::RigidDiaphragm - ignoring constrained Node 137007 as no node in domain
RigidDiaphragm::RigidDiaphragm - ignoring constrained Node 140007 as no node in domain
RigidDiaphragm::RigidDiaphragm - ignoring constrained Node 141007 as no node in domain
RigidDiaphragm::RigidDiaphragm - ignoring constrained Node 145007 as no node in domain
RigidDiaphragm::RigidDiaphragm - ignoring constrained Node 149007 as no node in domain
RigidDiaphragm::RigidDiaphragm - ignoring constrained Node 153007 as no node in domain
RigidDiaphragm::RigidDiaphragm - ignoring constrained Node 157007 as no node in domain
RigidDiaphragm::RigidDiaphragm - ignoring constrained Node 161007 as no node in domain
RigidDiaphragm::RigidDiaphragm - ignoring constrained Node 165007 as no node in domain
RigidDiaphragm::RigidDiaphragm - ignoring constrained Node 168007 as no node in domain
RigidDiaphragm::RigidDiaphragm - ignoring constrained Node 169007 as no node in domain
RigidDiaphragm::RigidDiaphragm - ignoring constrained Node 172007 as no node in domain
RigidDiaphragm::RigidDiaphragm - ignoring constrained Node 173007 as no node in domain
RigidDiaphragm::RigidDiaphragm - ignoring constrained Node 176007 as no node in domain
RigidDiaphragm::RigidDiaphragm - ignoring constrained Node 177007 as no node in domain
RigidDiaphragm::RigidDiaphragm - ignoring constrained Node 180007 as no node in domain
RigidDiaphragm::RigidDiaphragm - ignoring constrained Node 181007 as no node in domain
RigidDiaphragm::RigidDiaphragm - ignoring constrained Node 182007 as no node in domain
RigidDiaphragm::RigidDiaphragm - ignoring constrained Node 183007 as no node in domain
RigidDiaphragm::RigidDiaphragm - ignoring constrained Node 184007 as no node in domain
RigidDiaphragm::RigidDiaphragm - ignoring constrained Node 185007 as no node in domain
RigidDiaphragm::RigidDiaphragm - ignoring constrained Node 196007 as no node in domain
RigidDiaphragm::RigidDiaphragm - ignoring constrained Node 197007 as no node in domain
RigidDiaphragm::RigidDiaphragm - ignoring constrained Node 200007 as no node in domain
RigidDiaphragm::RigidDiaphragm - ignoring constrained Node 201007 as no node in domain
RigidDiaphragm::RigidDiaphragm - ignoring constrained Node 204007 as no node in domain
RigidDiaphragm::RigidDiaphragm - ignoring constrained Node 205007 as no node in domain
RigidDiaphragm::RigidDiaphragm - ignoring constrained Node 208007 as no node in domain
RigidDiaphragm::RigidDiaphragm - ignoring constrained Node 209007 as no node in domain
RigidDiaphragm::RigidDiaphragm - ignoring constrained Node 212007 as no node in domain
RigidDiaphragm::RigidDiaphragm - ignoring constrained Node 213007 as no node in domain
RigidDiaphragm::RigidDiaphragm - ignoring constrained Node 216007 as no node in domain
RigidDiaphragm::RigidDiaphragm - ignoring constrained Node 217007 as no node in domain
RigidDiaphragm::RigidDiaphragm - ignoring constrained Node 220007 as no node in domain
RigidDiaphragm::RigidDiaphragm - ignoring constrained Node 221007 as no node in domain
RigidDiaphragm::RigidDiaphragm - ignoring constrained Node 224007 as no node in domain
RigidDiaphragm::RigidDiaphragm - ignoring constrained Node 225007 as no node in domain
RigidDiaphragm::RigidDiaphragm - ignoring constrained Node 228007 as no node in domain
RigidDiaphragm::RigidDiaphragm - ignoring constrained Node 229007 as no node in domain
RigidDiaphragm::RigidDiaphragm - ignoring constrained Node 232007 as no node in domain
RigidDiaphragm::RigidDiaphragm - ignoring constrained Node 233007 as no node in domain
RigidDiaphragm::RigidDiaphragm - ignoring constrained Node 236007 as no node in domain
RigidDiaphragm::RigidDiaphragm - ignoring constrained Node 237007 as no node in domain
RigidDiaphragm::RigidDiaphragm - ignoring constrained Node 240007 as no node in domain
RigidDiaphragm::RigidDiaphragm - ignoring constrained Node 241007 as no node in domain
RigidDiaphragm::RigidDiaphragm - ignoring constrained Node 288007 as no node in domain
RigidDiaphragm::RigidDiaphragm - ignoring constrained Node 289007 as no node in domain
RigidDiaphragm::RigidDiaphragm - ignoring constrained Node 292007 as no node in domain
RigidDiaphragm::RigidDiaphragm - ignoring constrained Node 293007 as no node in domain
RigidDiaphragm::RigidDiaphragm - ignoring constrained Node 296007 as no node in domain
RigidDiaphragm::RigidDiaphragm - ignoring constrained Node 297007 as no node in domain
RigidDiaphragm::RigidDiaphragm - ignoring constrained Node 300007 as no node in domain
RigidDiaphragm::RigidDiaphragm - ignoring constrained Node 301007 as no node in domain
RigidDiaphragm::RigidDiaphragm - ignoring constrained Node 304007 as no node in domain
RigidDiaphragm::RigidDiaphragm - ignoring constrained Node 305007 as no node in domain
RigidDiaphragm::RigidDiaphragm - ignoring constrained Node 308007 as no node in domain
RigidDiaphragm::RigidDiaphragm - ignoring constrained Node 309007 as no node in domain
RigidDiaphragm::RigidDiaphragm - ignoring constrained Node 310007 as no node in domain
RigidDiaphragm::RigidDiaphragm - ignoring constrained Node 311007 as no node in domain
RigidDiaphragm::RigidDiaphragm - ignoring constrained Node 312007 as no node in domain
RigidDiaphragm::RigidDiaphragm - ignoring constrained Node 313007 as no node in domain
RigidDiaphragm::RigidDiaphragm - ignoring constrained Node 314007 as no node in domain
RigidDiaphragm::RigidDiaphragm - ignoring constrained Node 315007 as no node in domain
RigidDiaphragm::RigidDiaphragm - ignoring constrained Node 316007 as no node in domain
RigidDiaphragm::RigidDiaphragm - ignoring constrained Node 317007 as no node in domain
RigidDiaphragm::RigidDiaphragm - ignoring constrained Node 318007 as no node in domain
RigidDiaphragm::RigidDiaphragm - ignoring constrained Node 319007 as no node in domain
RigidDiaphragm::RigidDiaphragm - ignoring constrained Node 322007 as no node in domain
RigidDiaphragm::RigidDiaphragm - ignoring constrained Node 323007 as no node in domain
RigidDiaphragm::RigidDiaphragm - ignoring constrained Node 326007 as no node in domain
RigidDiaphragm::RigidDiaphragm - ignoring constrained Node 327007 as no node in domain
RigidDiaphragm::RigidDiaphragm - ignoring constrained Node 330007 as no node in domain
RigidDiaphragm::RigidDiaphragm - ignoring constrained Node 331007 as no node in domain
RigidDiaphragm::RigidDiaphragm - ignoring constrained Node 340007 as no node in domain
RigidDiaphragm::RigidDiaphragm - ignoring constrained Node 341007 as no node in domain
RigidDiaphragm::RigidDiaphragm - ignoring constrained Node 342007 as no node in domain
RigidDiaphragm::RigidDiaphragm - ignoring constrained Node 343007 as no node in domain
RigidDiaphragm::RigidDiaphragm - ignoring constrained Node 344007 as no node in domain
RigidDiaphragm::RigidDiaphragm - ignoring constrained Node 345007 as no node in domain
RigidDiaphragm::RigidDiaphragm - ignoring constrained Node 346007 as no node in domain
RigidDiaphragm::RigidDiaphragm - ignoring constrained Node 347007 as no node in domain
RigidDiaphragm::RigidDiaphragm - ignoring constrained Node 374007 as no node in domain
RigidDiaphragm::RigidDiaphragm - ignoring constrained Node 375007 as no node in domain
RigidDiaphragm::RigidDiaphragm - ignoring constrained Node 376007 as no node in domain
RigidDiaphragm::RigidDiaphragm - ignoring constrained Node 377007 as no node in domain
RigidDiaphragm::RigidDiaphragm - ignoring constrained Node 378007 as no node in domain
RigidDiaphragm::RigidDiaphragm - ignoring constrained Node 379007 as no node in domain
RigidDiaphragm::RigidDiaphragm - ignoring constrained Node 380007 as no node in domain
RigidDiaphragm::RigidDiaphragm - ignoring constrained Node 381007 as no node in domain
RigidDiaphragm::RigidDiaphragm - ignoring constrained Node 382007 as no node in domain
RigidDiaphragm::RigidDiaphragm - ignoring constrained Node 383007 as no node in domain
RigidDiaphragm::RigidDiaphragm - ignoring constrained Node 384007 as no node in domain
RigidDiaphragm::RigidDiaphragm - ignoring constrained Node 385007 as no node in domain
RigidDiaphragm::RigidDiaphragm - ignoring constrained Node 386007 as no node in domain
RigidDiaphragm::RigidDiaphragm - ignoring constrained Node 387007 as no node in domain
RigidDiaphragm::RigidDiaphragm - ignoring constrained Node 388007 as no node in domain
RigidDiaphragm::RigidDiaphragm - ignoring constrained Node 389007 as no node in domain
RigidDiaphragm::RigidDiaphragm - ignoring constrained Node 390007 as no node in domain
RigidDiaphragm::RigidDiaphragm - ignoring constrained Node 391007 as no node in domain
RigidDiaphragm::RigidDiaphragm - ignoring constrained Node 392007 as no node in domain
RigidDiaphragm::RigidDiaphragm - ignoring constrained Node 393007 as no node in domain
RigidDiaphragm::RigidDiaphragm - ignoring constrained Node 394007 as no node in domain
RigidDiaphragm::RigidDiaphragm - ignoring constrained Node 395007 as no node in domain
RigidDiaphragm::RigidDiaphragm - ignoring constrained Node 396007 as no node in domain
RigidDiaphragm::RigidDiaphragm - ignoring constrained Node 397007 as no node in domain
RigidDiaphragm::RigidDiaphragm - ignoring constrained Node 398007 as no node in domain
RigidDiaphragm::RigidDiaphragm - ignoring constrained Node 399007 as no node in domain
RigidDiaphragm::RigidDiaphragm - ignoring constrained Node 400007 as no node in domain
RigidDiaphragm::RigidDiaphragm - ignoring constrained Node 401007 as no node in domain
RigidDiaphragm::RigidDiaphragm - ignoring constrained Node 428007 as no node in domain
RigidDiaphragm::RigidDiaphragm - ignoring constrained Node 429007 as no node in domain
RigidDiaphragm::RigidDiaphragm - ignoring constrained Node 430007 as no node in domain
RigidDiaphragm::RigidDiaphragm - ignoring constrained Node 448007 as no node in domain
RigidDiaphragm::RigidDiaphragm - ignoring constrained Node 449007 as no node in domain
RigidDiaphragm::RigidDiaphragm - ignoring constrained Node 450007 as no node in domain
RigidDiaphragm::RigidDiaphragm - ignoring constrained Node 451007 as no node in domain
RigidDiaphragm::RigidDiaphragm - ignoring constrained Node 452007 as no node in domain
RigidDiaphragm::RigidDiaphragm - ignoring constrained Node 453007 as no node in domain
RigidDiaphragm::RigidDiaphragm - ignoring constrained Node 474007 as no node in domain
RigidDiaphragm::RigidDiaphragm - ignoring constrained Node 475007 as no node in domain
RigidDiaphragm::RigidDiaphragm - ignoring constrained Node 478007 as no node in domain
RigidDiaphragm::RigidDiaphragm - ignoring constrained Node 479007 as no node in domain
RigidDiaphragm::RigidDiaphragm - ignoring constrained Node 522007 as no node in domain
RigidDiaphragm::RigidDiaphragm - ignoring constrained Node 523007 as no node in domain
RigidDiaphragm::RigidDiaphragm - ignoring constrained Node 524007 as no node in domain
RigidDiaphragm::RigidDiaphragm - ignoring constrained Node 525007 as no node in domain
RigidDiaphragm::RigidDiaphragm - ignoring constrained Node 640007 as no node in domain
RigidDiaphragm::RigidDiaphragm - ignoring constrained Node 642007 as no node in domain
RigidDiaphragm::RigidDiaphragm - ignoring constrained Node 644007 as no node in domain
RigidDiaphragm::RigidDiaphragm - ignoring constrained Node 646007 as no node in domain
RigidDiaphragm::RigidDiaphragm - ignoring constrained Node 648007 as no node in domain
RigidDiaphragm::RigidDiaphragm - ignoring constrained Node 650007 as no node in domain
RigidDiaphragm::RigidDiaphragm - ignoring constrained Node 652007 as no node in domain
RigidDiaphragm::RigidDiaphragm - ignoring constrained Node 653007 as no node in domain
RigidDiaphragm::RigidDiaphragm - ignoring constrained Node 654007 as no node in domain
RigidDiaphragm::RigidDiaphragm - ignoring constrained Node 655007 as no node in domain
RigidDiaphragm::RigidDiaphragm - ignoring constrained Node 656007 as no node in domain
RigidDiaphragm::RigidDiaphragm - ignoring constrained Node 657007 as no node in domain
RigidDiaphragm::RigidDiaphragm - ignoring constrained Node 658007 as no node in domain
RigidDiaphragm::RigidDiaphragm - ignoring constrained Node 659007 as no node in domain
RigidDiaphragm::RigidDiaphragm - ignoring constrained Node 660007 as no node in domain
RigidDiaphragm::RigidDiaphragm - ignoring constrained Node 661007 as no node in domain
RigidDiaphragm::RigidDiaphragm - ignoring constrained Node 662007 as no node in domain
RigidDiaphragm::RigidDiaphragm - ignoring constrained Node 663007 as no node in domain
RigidDiaphragm::RigidDiaphragm - ignoring constrained Node 664007 as no node in domain
RigidDiaphragm::RigidDiaphragm - ignoring constrained Node 665007 as no node in domain
RigidDiaphragm::RigidDiaphragm - ignoring constrained Node 666007 as no node in domain
RigidDiaphragm::RigidDiaphragm - ignoring constrained Node 667007 as no node in domain
RigidDiaphragm::RigidDiaphragm - ignoring constrained Node 668007 as no node in domain
RigidDiaphragm::RigidDiaphragm - ignoring constrained Node 675007 as no node in domain
RigidDiaphragm::RigidDiaphragm - ignoring constrained Node 678007 as no node in domain
RigidDiaphragm::RigidDiaphragm - ignoring constrained Node 681007 as no node in domain
RigidDiaphragm::RigidDiaphragm - ignoring constrained Node 684007 as no node in domain
RigidDiaphragm::RigidDiaphragm - ignoring constrained Node 687007 as no node in domain
RigidDiaphragm::RigidDiaphragm - ignoring constrained Node 690007 as no node in domain
RigidDiaphragm::RigidDiaphragm - ignoring constrained Node 693007 as no node in domain
RigidDiaphragm::RigidDiaphragm - ignoring constrained Node 696007 as no node in domain
RigidDiaphragm::RigidDiaphragm - ignoring constrained Node 699007 as no node in domain
RigidDiaphragm::RigidDiaphragm - ignoring constrained Node 702007 as no node in domain
RigidDiaphragm::RigidDiaphragm - ignoring constrained Node 705007 as no node in domain
RigidDiaphragm::RigidDiaphragm - ignoring constrained Node 708007 as no node in domain
RigidDiaphragm::RigidDiaphragm - ignoring constrained Node 711007 as no node in domain
RigidDiaphragm::RigidDiaphragm - ignoring constrained Node 714007 as no node in domain
RigidDiaphragm::RigidDiaphragm - ignoring constrained Node 717007 as no node in domain
RigidDiaphragm::RigidDiaphragm - ignoring constrained Node 720007 as no node in domain
RigidDiaphragm::RigidDiaphragm - ignoring constrained Node 723007 as no node in domain
RigidDiaphragm::RigidDiaphragm - ignoring constrained Node 726007 as no node in domain
RigidDiaphragm::RigidDiaphragm - ignoring constrained Node 729007 as no node in domain
RigidDiaphragm::RigidDiaphragm - ignoring constrained Node 732007 as no node in domain
RigidDiaphragm::RigidDiaphragm - ignoring constrained Node 734007 as no node in domain
RigidDiaphragm::RigidDiaphragm - ignoring constrained Node 736007 as no node in domain
RigidDiaphragm::RigidDiaphragm - ignoring constrained Node 738007 as no node in domain
RigidDiaphragm::RigidDiaphragm - ignoring constrained Node 740007 as no node in domain
RigidDiaphragm::RigidDiaphragm - ignoring constrained Node 742007 as no node in domain
RigidDiaphragm::RigidDiaphragm - ignoring constrained Node 744007 as no node in domain
RigidDiaphragm::RigidDiaphragm - ignoring constrained Node 746007 as no node in domain
RigidDiaphragm::RigidDiaphragm - ignoring constrained Node 748007 as no node in domain
RigidDiaphragm::RigidDiaphragm - ignoring constrained Node 750007 as no node in domain
RigidDiaphragm::RigidDiaphragm - ignoring constrained Node 752007 as no node in domain
RigidDiaphragm::RigidDiaphragm - ignoring constrained Node 754007 as no node in domain
RigidDiaphragm::RigidDiaphragm - ignoring constrained Node 756007 as no node in domain
RigidDiaphragm::RigidDiaphragm - ignoring constrained Node 758007 as no node in domain
RigidDiaphragm::RigidDiaphragm - ignoring constrained Node 760007 as no node in domain
RigidDiaphragm::RigidDiaphragm - ignoring constrained Node 762007 as no node in domain
RigidDiaphragm::RigidDiaphragm - ignoring constrained Node 764007 as no node in domain
RigidDiaphragm::RigidDiaphragm - ignoring constrained Node 766007 as no node in domain
RigidDiaphragm::RigidDiaphragm - ignoring constrained Node 768007 as no node in domain
RigidDiaphragm::RigidDiaphragm - ignoring constrained Node 770007 as no node in domain
RigidDiaphragm::RigidDiaphragm - ignoring constrained Node 772007 as no node in domain
RigidDiaphragm::RigidDiaphragm - ignoring constrained Node 774007 as no node in domain
RigidDiaphragm::RigidDiaphragm - ignoring constrained Node 775007 as no node in domain
RigidDiaphragm::RigidDiaphragm - ignoring constrained Node 776007 as no node in domain
RigidDiaphragm::RigidDiaphragm - ignoring constrained Node 777007 as no node in domain
RigidDiaphragm::RigidDiaphragm - ignoring constrained Node 778007 as no node in domain
RigidDiaphragm::RigidDiaphragm - ignoring constrained Node 779007 as no node in domain
RigidDiaphragm::RigidDiaphragm - ignoring constrained Node 780007 as no node in domain
RigidDiaphragm::RigidDiaphragm - ignoring constrained Node 781007 as no node in domain
RigidDiaphragm::RigidDiaphragm - ignoring constrained Node 782007 as no node in domain
RigidDiaphragm::RigidDiaphragm - ignoring constrained Node 783007 as no node in domain
RigidDiaphragm::RigidDiaphragm - ignoring constrained Node 784007 as no node in domain
RigidDiaphragm::RigidDiaphragm - ignoring constrained Node 785007 as no node in domain
RigidDiaphragm::RigidDiaphragm - ignoring constrained Node 786007 as no node in domain
RigidDiaphragm::RigidDiaphragm - ignoring constrained Node 787007 as no node in domain
RigidDiaphragm::RigidDiaphragm - ignoring constrained Node 788007 as no node in domain
RigidDiaphragm::RigidDiaphragm - ignoring constrained Node 789007 as no node in domain
RigidDiaphragm::RigidDiaphragm - ignoring constrained Node 790007 as no node in domain
RigidDiaphragm::RigidDiaphragm - ignoring constrained Node 791007 as no node in domain
RigidDiaphragm::RigidDiaphragm - ignoring constrained Node 792007 as no node in domain
RigidDiaphragm::RigidDiaphragm - ignoring constrained Node 793007 as no node in domain
RigidDiaphragm::RigidDiaphragm - ignoring constrained Node 794007 as no node in domain
RigidDiaphragm::RigidDiaphragm - ignoring constrained Node 795007 as no node in domain
RigidDiaphragm::RigidDiaphragm - ignoring constrained Node 796007 as no node in domain
RigidDiaphragm::RigidDiaphragm - ignoring constrained Node 797007 as no node in domain
RigidDiaphragm::RigidDiaphragm - ignoring constrained Node 798007 as no node in domain
RigidDiaphragm::RigidDiaphragm - ignoring constrained Node 799007 as no node in domain
RigidDiaphragm::RigidDiaphragm - ignoring constrained Node 800007 as no node in domain
RigidDiaphragm::RigidDiaphragm - ignoring constrained Node 801007 as no node in domain
RigidDiaphragm::RigidDiaphragm - ignoring constrained Node 802007 as no node in domain
RigidDiaphragm::RigidDiaphragm - ignoring constrained Node 803007 as no node in domain
RigidDiaphragm::RigidDiaphragm - ignoring constrained Node 804007 as no node in domain
RigidDiaphragm::RigidDiaphragm - ignoring constrained Node 873007 as no node in domain
RigidDiaphragm::RigidDiaphragm - ignoring constrained Node 875007 as no node in domain
RigidDiaphragm::RigidDiaphragm - ignoring constrained Node 877007 as no node in domain
RigidDiaphragm::RigidDiaphragm - ignoring constrained Node 879007 as no node in domain
RigidDiaphragm::RigidDiaphragm - ignoring constrained Node 881007 as no node in domain
RigidDiaphragm::RigidDiaphragm - ignoring constrained Node 883007 as no node in domain
RigidDiaphragm::RigidDiaphragm - ignoring constrained Node 1008 as no node in domain
RigidDiaphragm::RigidDiaphragm - ignoring constrained Node 3008 as no node in domain
RigidDiaphragm::RigidDiaphragm - ignoring constrained Node 4008 as no node in domain
RigidDiaphragm::RigidDiaphragm - ignoring constrained Node 5008 as no node in domain
RigidDiaphragm::RigidDiaphragm - ignoring constrained Node 6008 as no node in domain
RigidDiaphragm::RigidDiaphragm - ignoring constrained Node 7008 as no node in domain
RigidDiaphragm::RigidDiaphragm - ignoring constrained Node 8008 as no node in domain
RigidDiaphragm::RigidDiaphragm - ignoring constrained Node 9008 as no node in domain
RigidDiaphragm::RigidDiaphragm - ignoring constrained Node 10008 as no node in domain
RigidDiaphragm::RigidDiaphragm - ignoring constrained Node 11008 as no node in domain
RigidDiaphragm::RigidDiaphragm - ignoring constrained Node 12008 as no node in domain
RigidDiaphragm::RigidDiaphragm - ignoring constrained Node 13008 as no node in domain
RigidDiaphragm::RigidDiaphragm - ignoring constrained Node 14008 as no node in domain
RigidDiaphragm::RigidDiaphragm - ignoring constrained Node 15008 as no node in domain
RigidDiaphragm::RigidDiaphragm - ignoring constrained Node 16008 as no node in domain
RigidDiaphragm::RigidDiaphragm - ignoring constrained Node 17008 as no node in domain
RigidDiaphragm::RigidDiaphragm - ignoring constrained Node 18008 as no node in domain
RigidDiaphragm::RigidDiaphragm - ignoring constrained Node 19008 as no node in domain
RigidDiaphragm::RigidDiaphragm - ignoring constrained Node 20008 as no node in domain
RigidDiaphragm::RigidDiaphragm - ignoring constrained Node 21008 as no node in domain
RigidDiaphragm::RigidDiaphragm - ignoring constrained Node 50008 as no node in domain
RigidDiaphragm::RigidDiaphragm - ignoring constrained Node 51008 as no node in domain
RigidDiaphragm::RigidDiaphragm - ignoring constrained Node 52008 as no node in domain
RigidDiaphragm::RigidDiaphragm - ignoring constrained Node 56008 as no node in domain
RigidDiaphragm::RigidDiaphragm - ignoring constrained Node 57008 as no node in domain
RigidDiaphragm::RigidDiaphragm - ignoring constrained Node 58008 as no node in domain
RigidDiaphragm::RigidDiaphragm - ignoring constrained Node 72008 as no node in domain
RigidDiaphragm::RigidDiaphragm - ignoring constrained Node 74008 as no node in domain
RigidDiaphragm::RigidDiaphragm - ignoring constrained Node 78008 as no node in domain
RigidDiaphragm::RigidDiaphragm - ignoring constrained Node 82008 as no node in domain
RigidDiaphragm::RigidDiaphragm - ignoring constrained Node 86008 as no node in domain
RigidDiaphragm::RigidDiaphragm - ignoring constrained Node 90008 as no node in domain
RigidDiaphragm::RigidDiaphragm - ignoring constrained Node 94008 as no node in domain
RigidDiaphragm::RigidDiaphragm - ignoring constrained Node 98008 as no node in domain
RigidDiaphragm::RigidDiaphragm - ignoring constrained Node 102008 as no node in domain
RigidDiaphragm::RigidDiaphragm - ignoring constrained Node 103008 as no node in domain
RigidDiaphragm::RigidDiaphragm - ignoring constrained Node 106008 as no node in domain
RigidDiaphragm::RigidDiaphragm - ignoring constrained Node 107008 as no node in domain
RigidDiaphragm::RigidDiaphragm - ignoring constrained Node 110008 as no node in domain
RigidDiaphragm::RigidDiaphragm - ignoring constrained Node 111008 as no node in domain
RigidDiaphragm::RigidDiaphragm - ignoring constrained Node 114008 as no node in domain
RigidDiaphragm::RigidDiaphragm - ignoring constrained Node 115008 as no node in domain
RigidDiaphragm::RigidDiaphragm - ignoring constrained Node 118008 as no node in domain
RigidDiaphragm::RigidDiaphragm - ignoring constrained Node 119008 as no node in domain
RigidDiaphragm::RigidDiaphragm - ignoring constrained Node 122008 as no node in domain
RigidDiaphragm::RigidDiaphragm - ignoring constrained Node 123008 as no node in domain
RigidDiaphragm::RigidDiaphragm - ignoring constrained Node 126008 as no node in domain
RigidDiaphragm::RigidDiaphragm - ignoring constrained Node 127008 as no node in domain
RigidDiaphragm::RigidDiaphragm - ignoring constrained Node 130008 as no node in domain
RigidDiaphragm::RigidDiaphragm - ignoring constrained Node 131008 as no node in domain
RigidDiaphragm::RigidDiaphragm - ignoring constrained Node 134008 as no node in domain
RigidDiaphragm::RigidDiaphragm - ignoring constrained Node 135008 as no node in domain
RigidDiaphragm::RigidDiaphragm - ignoring constrained Node 138008 as no node in domain
RigidDiaphragm::RigidDiaphragm - ignoring constrained Node 139008 as no node in domain
RigidDiaphragm::RigidDiaphragm - ignoring constrained Node 142008 as no node in domain
RigidDiaphragm::RigidDiaphragm - ignoring constrained Node 146008 as no node in domain
RigidDiaphragm::RigidDiaphragm - ignoring constrained Node 150008 as no node in domain
RigidDiaphragm::RigidDiaphragm - ignoring constrained Node 154008 as no node in domain
RigidDiaphragm::RigidDiaphragm - ignoring constrained Node 158008 as no node in domain
RigidDiaphragm::RigidDiaphragm - ignoring constrained Node 162008 as no node in domain
RigidDiaphragm::RigidDiaphragm - ignoring constrained Node 166008 as no node in domain
RigidDiaphragm::RigidDiaphragm - ignoring constrained Node 167008 as no node in domain
RigidDiaphragm::RigidDiaphragm - ignoring constrained Node 170008 as no node in domain
RigidDiaphragm::RigidDiaphragm - ignoring constrained Node 171008 as no node in domain
RigidDiaphragm::RigidDiaphragm - ignoring constrained Node 174008 as no node in domain
RigidDiaphragm::RigidDiaphragm - ignoring constrained Node 175008 as no node in domain
RigidDiaphragm::RigidDiaphragm - ignoring constrained Node 178008 as no node in domain
RigidDiaphragm::RigidDiaphragm - ignoring constrained Node 179008 as no node in domain
RigidDiaphragm::RigidDiaphragm - ignoring constrained Node 194008 as no node in domain
RigidDiaphragm::RigidDiaphragm - ignoring constrained Node 195008 as no node in domain
RigidDiaphragm::RigidDiaphragm - ignoring constrained Node 198008 as no node in domain
RigidDiaphragm::RigidDiaphragm - ignoring constrained Node 199008 as no node in domain
RigidDiaphragm::RigidDiaphragm - ignoring constrained Node 202008 as no node in domain
RigidDiaphragm::RigidDiaphragm - ignoring constrained Node 203008 as no node in domain
RigidDiaphragm::RigidDiaphragm - ignoring constrained Node 206008 as no node in domain
RigidDiaphragm::RigidDiaphragm - ignoring constrained Node 207008 as no node in domain
RigidDiaphragm::RigidDiaphragm - ignoring constrained Node 210008 as no node in domain
RigidDiaphragm::RigidDiaphragm - ignoring constrained Node 211008 as no node in domain
RigidDiaphragm::RigidDiaphragm - ignoring constrained Node 214008 as no node in domain
RigidDiaphragm::RigidDiaphragm - ignoring constrained Node 215008 as no node in domain
RigidDiaphragm::RigidDiaphragm - ignoring constrained Node 218008 as no node in domain
RigidDiaphragm::RigidDiaphragm - ignoring constrained Node 219008 as no node in domain
RigidDiaphragm::RigidDiaphragm - ignoring constrained Node 222008 as no node in domain
RigidDiaphragm::RigidDiaphragm - ignoring constrained Node 223008 as no node in domain
RigidDiaphragm::RigidDiaphragm - ignoring constrained Node 226008 as no node in domain
RigidDiaphragm::RigidDiaphragm - ignoring constrained Node 227008 as no node in domain
RigidDiaphragm::RigidDiaphragm - ignoring constrained Node 230008 as no node in domain
RigidDiaphragm::RigidDiaphragm - ignoring constrained Node 231008 as no node in domain
RigidDiaphragm::RigidDiaphragm - ignoring constrained Node 234008 as no node in domain
RigidDiaphragm::RigidDiaphragm - ignoring constrained Node 235008 as no node in domain
RigidDiaphragm::RigidDiaphragm - ignoring constrained Node 238008 as no node in domain
RigidDiaphragm::RigidDiaphragm - ignoring constrained Node 239008 as no node in domain
RigidDiaphragm::RigidDiaphragm - ignoring constrained Node 246008 as no node in domain
RigidDiaphragm::RigidDiaphragm - ignoring constrained Node 247008 as no node in domain
RigidDiaphragm::RigidDiaphragm - ignoring constrained Node 248008 as no node in domain
RigidDiaphragm::RigidDiaphragm - ignoring constrained Node 249008 as no node in domain
RigidDiaphragm::RigidDiaphragm - ignoring constrained Node 250008 as no node in domain
RigidDiaphragm::RigidDiaphragm - ignoring constrained Node 251008 as no node in domain
RigidDiaphragm::RigidDiaphragm - ignoring constrained Node 252008 as no node in domain
RigidDiaphragm::RigidDiaphragm - ignoring constrained Node 253008 as no node in domain
RigidDiaphragm::RigidDiaphragm - ignoring constrained Node 254008 as no node in domain
RigidDiaphragm::RigidDiaphragm - ignoring constrained Node 255008 as no node in domain
RigidDiaphragm::RigidDiaphragm - ignoring constrained Node 256008 as no node in domain
RigidDiaphragm::RigidDiaphragm - ignoring constrained Node 257008 as no node in domain
RigidDiaphragm::RigidDiaphragm - ignoring constrained Node 258008 as no node in domain
RigidDiaphragm::RigidDiaphragm - ignoring constrained Node 259008 as no node in domain
RigidDiaphragm::RigidDiaphragm - ignoring constrained Node 260008 as no node in domain
RigidDiaphragm::RigidDiaphragm - ignoring constrained Node 261008 as no node in domain
RigidDiaphragm::RigidDiaphragm - ignoring constrained Node 264008 as no node in domain
RigidDiaphragm::RigidDiaphragm - ignoring constrained Node 265008 as no node in domain
RigidDiaphragm::RigidDiaphragm - ignoring constrained Node 268008 as no node in domain
RigidDiaphragm::RigidDiaphragm - ignoring constrained Node 269008 as no node in domain
RigidDiaphragm::RigidDiaphragm - ignoring constrained Node 272008 as no node in domain
RigidDiaphragm::RigidDiaphragm - ignoring constrained Node 273008 as no node in domain
RigidDiaphragm::RigidDiaphragm - ignoring constrained Node 276008 as no node in domain
RigidDiaphragm::RigidDiaphragm - ignoring constrained Node 277008 as no node in domain
RigidDiaphragm::RigidDiaphragm - ignoring constrained Node 280008 as no node in domain
RigidDiaphragm::RigidDiaphragm - ignoring constrained Node 281008 as no node in domain
RigidDiaphragm::RigidDiaphragm - ignoring constrained Node 284008 as no node in domain
RigidDiaphragm::RigidDiaphragm - ignoring constrained Node 285008 as no node in domain
RigidDiaphragm::RigidDiaphragm - ignoring constrained Node 320008 as no node in domain
RigidDiaphragm::RigidDiaphragm - ignoring constrained Node 321008 as no node in domain
RigidDiaphragm::RigidDiaphragm - ignoring constrained Node 324008 as no node in domain
RigidDiaphragm::RigidDiaphragm - ignoring constrained Node 325008 as no node in domain
RigidDiaphragm::RigidDiaphragm - ignoring constrained Node 328008 as no node in domain
RigidDiaphragm::RigidDiaphragm - ignoring constrained Node 329008 as no node in domain
RigidDiaphragm::RigidDiaphragm - ignoring constrained Node 332008 as no node in domain
RigidDiaphragm::RigidDiaphragm - ignoring constrained Node 333008 as no node in domain
RigidDiaphragm::RigidDiaphragm - ignoring constrained Node 334008 as no node in domain
RigidDiaphragm::RigidDiaphragm - ignoring constrained Node 335008 as no node in domain
RigidDiaphragm::RigidDiaphragm - ignoring constrained Node 336008 as no node in domain
RigidDiaphragm::RigidDiaphragm - ignoring constrained Node 337008 as no node in domain
RigidDiaphragm::RigidDiaphragm - ignoring constrained Node 338008 as no node in domain
RigidDiaphragm::RigidDiaphragm - ignoring constrained Node 339008 as no node in domain
RigidDiaphragm::RigidDiaphragm - ignoring constrained Node 348008 as no node in domain
RigidDiaphragm::RigidDiaphragm - ignoring constrained Node 349008 as no node in domain
RigidDiaphragm::RigidDiaphragm - ignoring constrained Node 350008 as no node in domain
RigidDiaphragm::RigidDiaphragm - ignoring constrained Node 351008 as no node in domain
RigidDiaphragm::RigidDiaphragm - ignoring constrained Node 352008 as no node in domain
RigidDiaphragm::RigidDiaphragm - ignoring constrained Node 353008 as no node in domain
RigidDiaphragm::RigidDiaphragm - ignoring constrained Node 354008 as no node in domain
RigidDiaphragm::RigidDiaphragm - ignoring constrained Node 355008 as no node in domain
RigidDiaphragm::RigidDiaphragm - ignoring constrained Node 356008 as no node in domain
RigidDiaphragm::RigidDiaphragm - ignoring constrained Node 357008 as no node in domain
RigidDiaphragm::RigidDiaphragm - ignoring constrained Node 358008 as no node in domain
RigidDiaphragm::RigidDiaphragm - ignoring constrained Node 359008 as no node in domain
RigidDiaphragm::RigidDiaphragm - ignoring constrained Node 360008 as no node in domain
RigidDiaphragm::RigidDiaphragm - ignoring constrained Node 361008 as no node in domain
RigidDiaphragm::RigidDiaphragm - ignoring constrained Node 362008 as no node in domain
RigidDiaphragm::RigidDiaphragm - ignoring constrained Node 363008 as no node in domain
RigidDiaphragm::RigidDiaphragm - ignoring constrained Node 364008 as no node in domain
RigidDiaphragm::RigidDiaphragm - ignoring constrained Node 365008 as no node in domain
RigidDiaphragm::RigidDiaphragm - ignoring constrained Node 366008 as no node in domain
RigidDiaphragm::RigidDiaphragm - ignoring constrained Node 367008 as no node in domain
RigidDiaphragm::RigidDiaphragm - ignoring constrained Node 368008 as no node in domain
RigidDiaphragm::RigidDiaphragm - ignoring constrained Node 369008 as no node in domain
RigidDiaphragm::RigidDiaphragm - ignoring constrained Node 370008 as no node in domain
RigidDiaphragm::RigidDiaphragm - ignoring constrained Node 371008 as no node in domain
RigidDiaphragm::RigidDiaphragm - ignoring constrained Node 372008 as no node in domain
RigidDiaphragm::RigidDiaphragm - ignoring constrained Node 373008 as no node in domain
RigidDiaphragm::RigidDiaphragm - ignoring constrained Node 433008 as no node in domain
RigidDiaphragm::RigidDiaphragm - ignoring constrained Node 434008 as no node in domain
RigidDiaphragm::RigidDiaphragm - ignoring constrained Node 435008 as no node in domain
RigidDiaphragm::RigidDiaphragm - ignoring constrained Node 436008 as no node in domain
RigidDiaphragm::RigidDiaphragm - ignoring constrained Node 437008 as no node in domain
RigidDiaphragm::RigidDiaphragm - ignoring constrained Node 455008 as no node in domain
RigidDiaphragm::RigidDiaphragm - ignoring constrained Node 456008 as no node in domain
RigidDiaphragm::RigidDiaphragm - ignoring constrained Node 457008 as no node in domain
RigidDiaphragm::RigidDiaphragm - ignoring constrained Node 458008 as no node in domain
RigidDiaphragm::RigidDiaphragm - ignoring constrained Node 459008 as no node in domain
RigidDiaphragm::RigidDiaphragm - ignoring constrained Node 460008 as no node in domain
RigidDiaphragm::RigidDiaphragm - ignoring constrained Node 461008 as no node in domain
RigidDiaphragm::RigidDiaphragm - ignoring constrained Node 462008 as no node in domain
RigidDiaphragm::RigidDiaphragm - ignoring constrained Node 472008 as no node in domain
RigidDiaphragm::RigidDiaphragm - ignoring constrained Node 473008 as no node in domain
RigidDiaphragm::RigidDiaphragm - ignoring constrained Node 476008 as no node in domain
RigidDiaphragm::RigidDiaphragm - ignoring constrained Node 477008 as no node in domain
RigidDiaphragm::RigidDiaphragm - ignoring constrained Node 512008 as no node in domain
RigidDiaphragm::RigidDiaphragm - ignoring constrained Node 513008 as no node in domain
RigidDiaphragm::RigidDiaphragm - ignoring constrained Node 514008 as no node in domain
RigidDiaphragm::RigidDiaphragm - ignoring constrained Node 515008 as no node in domain
RigidDiaphragm::RigidDiaphragm - ignoring constrained Node 516008 as no node in domain
RigidDiaphragm::RigidDiaphragm - ignoring constrained Node 517008 as no node in domain
RigidDiaphragm::RigidDiaphragm - ignoring constrained Node 518008 as no node in domain
RigidDiaphragm::RigidDiaphragm - ignoring constrained Node 519008 as no node in domain
RigidDiaphragm::RigidDiaphragm - ignoring constrained Node 520008 as no node in domain
RigidDiaphragm::RigidDiaphragm - ignoring constrained Node 521008 as no node in domain
RigidDiaphragm::RigidDiaphragm - ignoring constrained Node 639008 as no node in domain
RigidDiaphragm::RigidDiaphragm - ignoring constrained Node 641008 as no node in domain
RigidDiaphragm::RigidDiaphragm - ignoring constrained Node 643008 as no node in domain
RigidDiaphragm::RigidDiaphragm - ignoring constrained Node 645008 as no node in domain
RigidDiaphragm::RigidDiaphragm - ignoring constrained Node 647008 as no node in domain
RigidDiaphragm::RigidDiaphragm - ignoring constrained Node 649008 as no node in domain
RigidDiaphragm::RigidDiaphragm - ignoring constrained Node 651008 as no node in domain
RigidDiaphragm::RigidDiaphragm - ignoring constrained Node 673008 as no node in domain
RigidDiaphragm::RigidDiaphragm - ignoring constrained Node 674008 as no node in domain
RigidDiaphragm::RigidDiaphragm - ignoring constrained Node 676008 as no node in domain
RigidDiaphragm::RigidDiaphragm - ignoring constrained Node 677008 as no node in domain
RigidDiaphragm::RigidDiaphragm - ignoring constrained Node 679008 as no node in domain
RigidDiaphragm::RigidDiaphragm - ignoring constrained Node 680008 as no node in domain
RigidDiaphragm::RigidDiaphragm - ignoring constrained Node 682008 as no node in domain
RigidDiaphragm::RigidDiaphragm - ignoring constrained Node 683008 as no node in domain
RigidDiaphragm::RigidDiaphragm - ignoring constrained Node 685008 as no node in domain
RigidDiaphragm::RigidDiaphragm - ignoring constrained Node 686008 as no node in domain
RigidDiaphragm::RigidDiaphragm - ignoring constrained Node 688008 as no node in domain
RigidDiaphragm::RigidDiaphragm - ignoring constrained Node 689008 as no node in domain
RigidDiaphragm::RigidDiaphragm - ignoring constrained Node 691008 as no node in domain
RigidDiaphragm::RigidDiaphragm - ignoring constrained Node 692008 as no node in domain
RigidDiaphragm::RigidDiaphragm - ignoring constrained Node 694008 as no node in domain
RigidDiaphragm::RigidDiaphragm - ignoring constrained Node 695008 as no node in domain
RigidDiaphragm::RigidDiaphragm - ignoring constrained Node 697008 as no node in domain
RigidDiaphragm::RigidDiaphragm - ignoring constrained Node 698008 as no node in domain
RigidDiaphragm::RigidDiaphragm - ignoring constrained Node 700008 as no node in domain
RigidDiaphragm::RigidDiaphragm - ignoring constrained Node 701008 as no node in domain
RigidDiaphragm::RigidDiaphragm - ignoring constrained Node 703008 as no node in domain
RigidDiaphragm::RigidDiaphragm - ignoring constrained Node 704008 as no node in domain
RigidDiaphragm::RigidDiaphragm - ignoring constrained Node 706008 as no node in domain
RigidDiaphragm::RigidDiaphragm - ignoring constrained Node 707008 as no node in domain
RigidDiaphragm::RigidDiaphragm - ignoring constrained Node 709008 as no node in domain
RigidDiaphragm::RigidDiaphragm - ignoring constrained Node 710008 as no node in domain
RigidDiaphragm::RigidDiaphragm - ignoring constrained Node 712008 as no node in domain
RigidDiaphragm::RigidDiaphragm - ignoring constrained Node 713008 as no node in domain
RigidDiaphragm::RigidDiaphragm - ignoring constrained Node 715008 as no node in domain
RigidDiaphragm::RigidDiaphragm - ignoring constrained Node 716008 as no node in domain
RigidDiaphragm::RigidDiaphragm - ignoring constrained Node 718008 as no node in domain
RigidDiaphragm::RigidDiaphragm - ignoring constrained Node 719008 as no node in domain
RigidDiaphragm::RigidDiaphragm - ignoring constrained Node 721008 as no node in domain
RigidDiaphragm::RigidDiaphragm - ignoring constrained Node 722008 as no node in domain
RigidDiaphragm::RigidDiaphragm - ignoring constrained Node 724008 as no node in domain
RigidDiaphragm::RigidDiaphragm - ignoring constrained Node 725008 as no node in domain
RigidDiaphragm::RigidDiaphragm - ignoring constrained Node 727008 as no node in domain
RigidDiaphragm::RigidDiaphragm - ignoring constrained Node 728008 as no node in domain
RigidDiaphragm::RigidDiaphragm - ignoring constrained Node 730008 as no node in domain
RigidDiaphragm::RigidDiaphragm - ignoring constrained Node 731008 as no node in domain
RigidDiaphragm::RigidDiaphragm - ignoring constrained Node 733008 as no node in domain
RigidDiaphragm::RigidDiaphragm - ignoring constrained Node 735008 as no node in domain
RigidDiaphragm::RigidDiaphragm - ignoring constrained Node 737008 as no node in domain
RigidDiaphragm::RigidDiaphragm - ignoring constrained Node 739008 as no node in domain
RigidDiaphragm::RigidDiaphragm - ignoring constrained Node 741008 as no node in domain
RigidDiaphragm::RigidDiaphragm - ignoring constrained Node 743008 as no node in domain
RigidDiaphragm::RigidDiaphragm - ignoring constrained Node 745008 as no node in domain
RigidDiaphragm::RigidDiaphragm - ignoring constrained Node 747008 as no node in domain
RigidDiaphragm::RigidDiaphragm - ignoring constrained Node 749008 as no node in domain
RigidDiaphragm::RigidDiaphragm - ignoring constrained Node 751008 as no node in domain
RigidDiaphragm::RigidDiaphragm - ignoring constrained Node 753008 as no node in domain
RigidDiaphragm::RigidDiaphragm - ignoring constrained Node 755008 as no node in domain
RigidDiaphragm::RigidDiaphragm - ignoring constrained Node 757008 as no node in domain
RigidDiaphragm::RigidDiaphragm - ignoring constrained Node 759008 as no node in domain
RigidDiaphragm::RigidDiaphragm - ignoring constrained Node 761008 as no node in domain
RigidDiaphragm::RigidDiaphragm - ignoring constrained Node 763008 as no node in domain
RigidDiaphragm::RigidDiaphragm - ignoring constrained Node 765008 as no node in domain
RigidDiaphragm::RigidDiaphragm - ignoring constrained Node 767008 as no node in domain
RigidDiaphragm::RigidDiaphragm - ignoring constrained Node 769008 as no node in domain
RigidDiaphragm::RigidDiaphragm - ignoring constrained Node 771008 as no node in domain
RigidDiaphragm::RigidDiaphragm - ignoring constrained Node 773008 as no node in domain
RigidDiaphragm::RigidDiaphragm - ignoring constrained Node 812008 as no node in domain
RigidDiaphragm::RigidDiaphragm - ignoring constrained Node 813008 as no node in domain
RigidDiaphragm::RigidDiaphragm - ignoring constrained Node 814008 as no node in domain
RigidDiaphragm::RigidDiaphragm - ignoring constrained Node 815008 as no node in domain
RigidDiaphragm::RigidDiaphragm - ignoring constrained Node 816008 as no node in domain
RigidDiaphragm::RigidDiaphragm - ignoring constrained Node 817008 as no node in domain
RigidDiaphragm::RigidDiaphragm - ignoring constrained Node 818008 as no node in domain
RigidDiaphragm::RigidDiaphragm - ignoring constrained Node 819008 as no node in domain
RigidDiaphragm::RigidDiaphragm - ignoring constrained Node 820008 as no node in domain
RigidDiaphragm::RigidDiaphragm - ignoring constrained Node 821008 as no node in domain
RigidDiaphragm::RigidDiaphragm - ignoring constrained Node 822008 as no node in domain
RigidDiaphragm::RigidDiaphragm - ignoring constrained Node 823008 as no node in domain
RigidDiaphragm::RigidDiaphragm - ignoring constrained Node 824008 as no node in domain
RigidDiaphragm::RigidDiaphragm - ignoring constrained Node 825008 as no node in domain
RigidDiaphragm::RigidDiaphragm - ignoring constrained Node 826008 as no node in domain
RigidDiaphragm::RigidDiaphragm - ignoring constrained Node 827008 as no node in domain
RigidDiaphragm::RigidDiaphragm - ignoring constrained Node 828008 as no node in domain
RigidDiaphragm::RigidDiaphragm - ignoring constrained Node 829008 as no node in domain
RigidDiaphragm::RigidDiaphragm - ignoring constrained Node 830008 as no node in domain
RigidDiaphragm::RigidDiaphragm - ignoring constrained Node 831008 as no node in domain
RigidDiaphragm::RigidDiaphragm - ignoring constrained Node 832008 as no node in domain
RigidDiaphragm::RigidDiaphragm - ignoring constrained Node 833008 as no node in domain
RigidDiaphragm::RigidDiaphragm - ignoring constrained Node 834008 as no node in domain
RigidDiaphragm::RigidDiaphragm - ignoring constrained Node 835008 as no node in domain
RigidDiaphragm::RigidDiaphragm - ignoring constrained Node 836008 as no node in domain
RigidDiaphragm::RigidDiaphragm - ignoring constrained Node 837008 as no node in domain
RigidDiaphragm::RigidDiaphragm - ignoring constrained Node 838008 as no node in domain
RigidDiaphragm::RigidDiaphragm - ignoring constrained Node 839008 as no node in domain
RigidDiaphragm::RigidDiaphragm - ignoring constrained Node 840008 as no node in domain
RigidDiaphragm::RigidDiaphragm - ignoring constrained Node 841008 as no node in domain
RigidDiaphragm::RigidDiaphragm - ignoring constrained Node 842008 as no node in domain
RigidDiaphragm::RigidDiaphragm - ignoring constrained Node 843008 as no node in domain
RigidDiaphragm::RigidDiaphragm - ignoring constrained Node 844008 as no node in domain
RigidDiaphragm::RigidDiaphragm - ignoring constrained Node 845008 as no node in domain
RigidDiaphragm::RigidDiaphragm - ignoring constrained Node 846008 as no node in domain
RigidDiaphragm::RigidDiaphragm - ignoring constrained Node 847008 as no node in domain
RigidDiaphragm::RigidDiaphragm - ignoring constrained Node 848008 as no node in domain
RigidDiaphragm::RigidDiaphragm - ignoring constrained Node 849008 as no node in domain
RigidDiaphragm::RigidDiaphragm - ignoring constrained Node 850008 as no node in domain
RigidDiaphragm::RigidDiaphragm - ignoring constrained Node 851008 as no node in domain
RigidDiaphragm::RigidDiaphragm - ignoring constrained Node 852008 as no node in domain
RigidDiaphragm::RigidDiaphragm - ignoring constrained Node 853008 as no node in domain
RigidDiaphragm::RigidDiaphragm - ignoring constrained Node 854008 as no node in domain
RigidDiaphragm::RigidDiaphragm - ignoring constrained Node 855008 as no node in domain
RigidDiaphragm::RigidDiaphragm - ignoring constrained Node 856008 as no node in domain
RigidDiaphragm::RigidDiaphragm - ignoring constrained Node 857008 as no node in domain
RigidDiaphragm::RigidDiaphragm - ignoring constrained Node 858008 as no node in domain
RigidDiaphragm::RigidDiaphragm - ignoring constrained Node 859008 as no node in domain
RigidDiaphragm::RigidDiaphragm - ignoring constrained Node 860008 as no node in domain
RigidDiaphragm::RigidDiaphragm - ignoring constrained Node 861008 as no node in domain
RigidDiaphragm::RigidDiaphragm - ignoring constrained Node 862008 as no node in domain
RigidDiaphragm::RigidDiaphragm - ignoring constrained Node 863008 as no node in domain
RigidDiaphragm::RigidDiaphragm - ignoring constrained Node 864008 as no node in domain
RigidDiaphragm::RigidDiaphragm - ignoring constrained Node 865008 as no node in domain
RigidDiaphragm::RigidDiaphragm - ignoring constrained Node 866008 as no node in domain
RigidDiaphragm::RigidDiaphragm - ignoring constrained Node 867008 as no node in domain
RigidDiaphragm::RigidDiaphragm - ignoring constrained Node 868008 as no node in domain
RigidDiaphragm::RigidDiaphragm - ignoring constrained Node 869008 as no node in domain
RigidDiaphragm::RigidDiaphragm - ignoring constrained Node 870008 as no node in domain
RigidDiaphragm::RigidDiaphragm - ignoring constrained Node 871008 as no node in domain
RigidDiaphragm::RigidDiaphragm - ignoring constrained Node 872008 as no node in domain
RigidDiaphragm::RigidDiaphragm - ignoring constrained Node 874008 as no node in domain
RigidDiaphragm::RigidDiaphragm - ignoring constrained Node 876008 as no node in domain
RigidDiaphragm::RigidDiaphragm - ignoring constrained Node 878008 as no node in domain
RigidDiaphragm::RigidDiaphragm - ignoring constrained Node 880008 as no node in domain
RigidDiaphragm::RigidDiaphragm - ignoring constrained Node 882008 as no node in domain
RigidDiaphragm::RigidDiaphragm - ignoring constrained Node 23009 as no node in domain
RigidDiaphragm::RigidDiaphragm - ignoring constrained Node 24009 as no node in domain
RigidDiaphragm::RigidDiaphragm - ignoring constrained Node 25009 as no node in domain
RigidDiaphragm::RigidDiaphragm - ignoring constrained Node 26009 as no node in domain
RigidDiaphragm::RigidDiaphragm - ignoring constrained Node 27009 as no node in domain
RigidDiaphragm::RigidDiaphragm - ignoring constrained Node 28009 as no node in domain
RigidDiaphragm::RigidDiaphragm - ignoring constrained Node 29009 as no node in domain
RigidDiaphragm::RigidDiaphragm - ignoring constrained Node 30009 as no node in domain
RigidDiaphragm::RigidDiaphragm - ignoring constrained Node 31009 as no node in domain
RigidDiaphragm::RigidDiaphragm - ignoring constrained Node 32009 as no node in domain
RigidDiaphragm::RigidDiaphragm - ignoring constrained Node 33009 as no node in domain
RigidDiaphragm::RigidDiaphragm - ignoring constrained Node 34009 as no node in domain
RigidDiaphragm::RigidDiaphragm - ignoring constrained Node 35009 as no node in domain
RigidDiaphragm::RigidDiaphragm - ignoring constrained Node 36009 as no node in domain
RigidDiaphragm::RigidDiaphragm - ignoring constrained Node 37009 as no node in domain
RigidDiaphragm::RigidDiaphragm - ignoring constrained Node 38009 as no node in domain
RigidDiaphragm::RigidDiaphragm - ignoring constrained Node 39009 as no node in domain
RigidDiaphragm::RigidDiaphragm - ignoring constrained Node 40009 as no node in domain
RigidDiaphragm::RigidDiaphragm - ignoring constrained Node 41009 as no node in domain
RigidDiaphragm::RigidDiaphragm - ignoring constrained Node 42009 as no node in domain
RigidDiaphragm::RigidDiaphragm - ignoring constrained Node 43009 as no node in domain
RigidDiaphragm::RigidDiaphragm - ignoring constrained Node 44009 as no node in domain
RigidDiaphragm::RigidDiaphragm - ignoring constrained Node 45009 as no node in domain
RigidDiaphragm::RigidDiaphragm - ignoring constrained Node 46009 as no node in domain
RigidDiaphragm::RigidDiaphragm - ignoring constrained Node 47009 as no node in domain
RigidDiaphragm::RigidDiaphragm - ignoring constrained Node 48009 as no node in domain
RigidDiaphragm::RigidDiaphragm - ignoring constrained Node 53009 as no node in domain
RigidDiaphragm::RigidDiaphragm - ignoring constrained Node 54009 as no node in domain
RigidDiaphragm::RigidDiaphragm - ignoring constrained Node 55009 as no node in domain
RigidDiaphragm::RigidDiaphragm - ignoring constrained Node 59009 as no node in domain
RigidDiaphragm::RigidDiaphragm - ignoring constrained Node 60009 as no node in domain
RigidDiaphragm::RigidDiaphragm - ignoring constrained Node 61009 as no node in domain
RigidDiaphragm::RigidDiaphragm - ignoring constrained Node 69009 as no node in domain
RigidDiaphragm::RigidDiaphragm - ignoring constrained Node 81009 as no node in domain
RigidDiaphragm::RigidDiaphragm - ignoring constrained Node 85009 as no node in domain
RigidDiaphragm::RigidDiaphragm - ignoring constrained Node 89009 as no node in domain
RigidDiaphragm::RigidDiaphragm - ignoring constrained Node 93009 as no node in domain
RigidDiaphragm::RigidDiaphragm - ignoring constrained Node 97009 as no node in domain
RigidDiaphragm::RigidDiaphragm - ignoring constrained Node 101009 as no node in domain
RigidDiaphragm::RigidDiaphragm - ignoring constrained Node 104009 as no node in domain
RigidDiaphragm::RigidDiaphragm - ignoring constrained Node 105009 as no node in domain
RigidDiaphragm::RigidDiaphragm - ignoring constrained Node 108009 as no node in domain
RigidDiaphragm::RigidDiaphragm - ignoring constrained Node 109009 as no node in domain
RigidDiaphragm::RigidDiaphragm - ignoring constrained Node 112009 as no node in domain
RigidDiaphragm::RigidDiaphragm - ignoring constrained Node 113009 as no node in domain
RigidDiaphragm::RigidDiaphragm - ignoring constrained Node 116009 as no node in domain
RigidDiaphragm::RigidDiaphragm - ignoring constrained Node 117009 as no node in domain
RigidDiaphragm::RigidDiaphragm - ignoring constrained Node 120009 as no node in domain
RigidDiaphragm::RigidDiaphragm - ignoring constrained Node 121009 as no node in domain
RigidDiaphragm::RigidDiaphragm - ignoring constrained Node 124009 as no node in domain
RigidDiaphragm::RigidDiaphragm - ignoring constrained Node 125009 as no node in domain
RigidDiaphragm::RigidDiaphragm - ignoring constrained Node 128009 as no node in domain
RigidDiaphragm::RigidDiaphragm - ignoring constrained Node 129009 as no node in domain
RigidDiaphragm::RigidDiaphragm - ignoring constrained Node 132009 as no node in domain
RigidDiaphragm::RigidDiaphragm - ignoring constrained Node 133009 as no node in domain
RigidDiaphragm::RigidDiaphragm - ignoring constrained Node 136009 as no node in domain
RigidDiaphragm::RigidDiaphragm - ignoring constrained Node 137009 as no node in domain
RigidDiaphragm::RigidDiaphragm - ignoring constrained Node 140009 as no node in domain
RigidDiaphragm::RigidDiaphragm - ignoring constrained Node 141009 as no node in domain
RigidDiaphragm::RigidDiaphragm - ignoring constrained Node 145009 as no node in domain
RigidDiaphragm::RigidDiaphragm - ignoring constrained Node 149009 as no node in domain
RigidDiaphragm::RigidDiaphragm - ignoring constrained Node 153009 as no node in domain
RigidDiaphragm::RigidDiaphragm - ignoring constrained Node 157009 as no node in domain
RigidDiaphragm::RigidDiaphragm - ignoring constrained Node 161009 as no node in domain
RigidDiaphragm::RigidDiaphragm - ignoring constrained Node 165009 as no node in domain
RigidDiaphragm::RigidDiaphragm - ignoring constrained Node 168009 as no node in domain
RigidDiaphragm::RigidDiaphragm - ignoring constrained Node 169009 as no node in domain
RigidDiaphragm::RigidDiaphragm - ignoring constrained Node 172009 as no node in domain
RigidDiaphragm::RigidDiaphragm - ignoring constrained Node 173009 as no node in domain
RigidDiaphragm::RigidDiaphragm - ignoring constrained Node 176009 as no node in domain
RigidDiaphragm::RigidDiaphragm - ignoring constrained Node 177009 as no node in domain
RigidDiaphragm::RigidDiaphragm - ignoring constrained Node 180009 as no node in domain
RigidDiaphragm::RigidDiaphragm - ignoring constrained Node 181009 as no node in domain
RigidDiaphragm::RigidDiaphragm - ignoring constrained Node 182009 as no node in domain
RigidDiaphragm::RigidDiaphragm - ignoring constrained Node 183009 as no node in domain
RigidDiaphragm::RigidDiaphragm - ignoring constrained Node 184009 as no node in domain
RigidDiaphragm::RigidDiaphragm - ignoring constrained Node 185009 as no node in domain
RigidDiaphragm::RigidDiaphragm - ignoring constrained Node 196009 as no node in domain
RigidDiaphragm::RigidDiaphragm - ignoring constrained Node 197009 as no node in domain
RigidDiaphragm::RigidDiaphragm - ignoring constrained Node 200009 as no node in domain
RigidDiaphragm::RigidDiaphragm - ignoring constrained Node 201009 as no node in domain
RigidDiaphragm::RigidDiaphragm - ignoring constrained Node 204009 as no node in domain
RigidDiaphragm::RigidDiaphragm - ignoring constrained Node 205009 as no node in domain
RigidDiaphragm::RigidDiaphragm - ignoring constrained Node 208009 as no node in domain
RigidDiaphragm::RigidDiaphragm - ignoring constrained Node 209009 as no node in domain
RigidDiaphragm::RigidDiaphragm - ignoring constrained Node 212009 as no node in domain
RigidDiaphragm::RigidDiaphragm - ignoring constrained Node 213009 as no node in domain
RigidDiaphragm::RigidDiaphragm - ignoring constrained Node 216009 as no node in domain
RigidDiaphragm::RigidDiaphragm - ignoring constrained Node 217009 as no node in domain
RigidDiaphragm::RigidDiaphragm - ignoring constrained Node 220009 as no node in domain
RigidDiaphragm::RigidDiaphragm - ignoring constrained Node 221009 as no node in domain
RigidDiaphragm::RigidDiaphragm - ignoring constrained Node 224009 as no node in domain
RigidDiaphragm::RigidDiaphragm - ignoring constrained Node 225009 as no node in domain
RigidDiaphragm::RigidDiaphragm - ignoring constrained Node 228009 as no node in domain
RigidDiaphragm::RigidDiaphragm - ignoring constrained Node 229009 as no node in domain
RigidDiaphragm::RigidDiaphragm - ignoring constrained Node 232009 as no node in domain
RigidDiaphragm::RigidDiaphragm - ignoring constrained Node 233009 as no node in domain
RigidDiaphragm::RigidDiaphragm - ignoring constrained Node 236009 as no node in domain
RigidDiaphragm::RigidDiaphragm - ignoring constrained Node 237009 as no node in domain
RigidDiaphragm::RigidDiaphragm - ignoring constrained Node 240009 as no node in domain
RigidDiaphragm::RigidDiaphragm - ignoring constrained Node 241009 as no node in domain
RigidDiaphragm::RigidDiaphragm - ignoring constrained Node 288009 as no node in domain
RigidDiaphragm::RigidDiaphragm - ignoring constrained Node 289009 as no node in domain
RigidDiaphragm::RigidDiaphragm - ignoring constrained Node 292009 as no node in domain
RigidDiaphragm::RigidDiaphragm - ignoring constrained Node 293009 as no node in domain
RigidDiaphragm::RigidDiaphragm - ignoring constrained Node 296009 as no node in domain
RigidDiaphragm::RigidDiaphragm - ignoring constrained Node 297009 as no node in domain
RigidDiaphragm::RigidDiaphragm - ignoring constrained Node 300009 as no node in domain
RigidDiaphragm::RigidDiaphragm - ignoring constrained Node 301009 as no node in domain
RigidDiaphragm::RigidDiaphragm - ignoring constrained Node 304009 as no node in domain
RigidDiaphragm::RigidDiaphragm - ignoring constrained Node 305009 as no node in domain
RigidDiaphragm::RigidDiaphragm - ignoring constrained Node 308009 as no node in domain
RigidDiaphragm::RigidDiaphragm - ignoring constrained Node 309009 as no node in domain
RigidDiaphragm::RigidDiaphragm - ignoring constrained Node 310009 as no node in domain
RigidDiaphragm::RigidDiaphragm - ignoring constrained Node 311009 as no node in domain
RigidDiaphragm::RigidDiaphragm - ignoring constrained Node 312009 as no node in domain
RigidDiaphragm::RigidDiaphragm - ignoring constrained Node 313009 as no node in domain
RigidDiaphragm::RigidDiaphragm - ignoring constrained Node 314009 as no node in domain
RigidDiaphragm::RigidDiaphragm - ignoring constrained Node 315009 as no node in domain
RigidDiaphragm::RigidDiaphragm - ignoring constrained Node 316009 as no node in domain
RigidDiaphragm::RigidDiaphragm - ignoring constrained Node 317009 as no node in domain
RigidDiaphragm::RigidDiaphragm - ignoring constrained Node 318009 as no node in domain
RigidDiaphragm::RigidDiaphragm - ignoring constrained Node 319009 as no node in domain
RigidDiaphragm::RigidDiaphragm - ignoring constrained Node 322009 as no node in domain
RigidDiaphragm::RigidDiaphragm - ignoring constrained Node 323009 as no node in domain
RigidDiaphragm::RigidDiaphragm - ignoring constrained Node 326009 as no node in domain
RigidDiaphragm::RigidDiaphragm - ignoring constrained Node 327009 as no node in domain
RigidDiaphragm::RigidDiaphragm - ignoring constrained Node 330009 as no node in domain
RigidDiaphragm::RigidDiaphragm - ignoring constrained Node 331009 as no node in domain
RigidDiaphragm::RigidDiaphragm - ignoring constrained Node 340009 as no node in domain
RigidDiaphragm::RigidDiaphragm - ignoring constrained Node 341009 as no node in domain
RigidDiaphragm::RigidDiaphragm - ignoring constrained Node 342009 as no node in domain
RigidDiaphragm::RigidDiaphragm - ignoring constrained Node 343009 as no node in domain
RigidDiaphragm::RigidDiaphragm - ignoring constrained Node 344009 as no node in domain
RigidDiaphragm::RigidDiaphragm - ignoring constrained Node 345009 as no node in domain
RigidDiaphragm::RigidDiaphragm - ignoring constrained Node 346009 as no node in domain
RigidDiaphragm::RigidDiaphragm - ignoring constrained Node 347009 as no node in domain
RigidDiaphragm::RigidDiaphragm - ignoring constrained Node 374009 as no node in domain
RigidDiaphragm::RigidDiaphragm - ignoring constrained Node 375009 as no node in domain
RigidDiaphragm::RigidDiaphragm - ignoring constrained Node 376009 as no node in domain
RigidDiaphragm::RigidDiaphragm - ignoring constrained Node 377009 as no node in domain
RigidDiaphragm::RigidDiaphragm - ignoring constrained Node 378009 as no node in domain
RigidDiaphragm::RigidDiaphragm - ignoring constrained Node 379009 as no node in domain
RigidDiaphragm::RigidDiaphragm - ignoring constrained Node 380009 as no node in domain
RigidDiaphragm::RigidDiaphragm - ignoring constrained Node 381009 as no node in domain
RigidDiaphragm::RigidDiaphragm - ignoring constrained Node 382009 as no node in domain
RigidDiaphragm::RigidDiaphragm - ignoring constrained Node 383009 as no node in domain
RigidDiaphragm::RigidDiaphragm - ignoring constrained Node 384009 as no node in domain
RigidDiaphragm::RigidDiaphragm - ignoring constrained Node 385009 as no node in domain
RigidDiaphragm::RigidDiaphragm - ignoring constrained Node 386009 as no node in domain
RigidDiaphragm::RigidDiaphragm - ignoring constrained Node 387009 as no node in domain
RigidDiaphragm::RigidDiaphragm - ignoring constrained Node 388009 as no node in domain
RigidDiaphragm::RigidDiaphragm - ignoring constrained Node 389009 as no node in domain
RigidDiaphragm::RigidDiaphragm - ignoring constrained Node 390009 as no node in domain
RigidDiaphragm::RigidDiaphragm - ignoring constrained Node 391009 as no node in domain
RigidDiaphragm::RigidDiaphragm - ignoring constrained Node 392009 as no node in domain
RigidDiaphragm::RigidDiaphragm - ignoring constrained Node 393009 as no node in domain
RigidDiaphragm::RigidDiaphragm - ignoring constrained Node 394009 as no node in domain
RigidDiaphragm::RigidDiaphragm - ignoring constrained Node 395009 as no node in domain
RigidDiaphragm::RigidDiaphragm - ignoring constrained Node 396009 as no node in domain
RigidDiaphragm::RigidDiaphragm - ignoring constrained Node 397009 as no node in domain
RigidDiaphragm::RigidDiaphragm - ignoring constrained Node 398009 as no node in domain
RigidDiaphragm::RigidDiaphragm - ignoring constrained Node 399009 as no node in domain
RigidDiaphragm::RigidDiaphragm - ignoring constrained Node 400009 as no node in domain
RigidDiaphragm::RigidDiaphragm - ignoring constrained Node 401009 as no node in domain
RigidDiaphragm::RigidDiaphragm - ignoring constrained Node 428009 as no node in domain
RigidDiaphragm::RigidDiaphragm - ignoring constrained Node 429009 as no node in domain
[diaphragms] rigidDiaphragm(3, 4, 23003, 24003, 25003, 26003, 27003, 28003, 29003, 30003, 31003, 32003, 33003, 34003, 35003, 36003, 37003, 38003, 39003, 40003, 41003, 42003, 43003, 44003, 45003, 46003, 47003, 48003, 53003, 54003, 55003, 59003, 60003, 61003, 69003, 81003, 85003, 89003, 93003, 97003, 101003, 104003, 105003, 108003, 109003, 112003, 113003, 116003, 117003, 120003, 121003, 124003, 125003, 128003, 129003, 132003, 133003, 136003, 137003, 140003, 141003, 145003, 149003, 153003, 157003, 161003, 165003, 168003, 169003, 172003, 173003, 176003, 177003, 180003, 181003, 182003, 183003, 184003, 185003, 196003, 197003, 200003, 201003, 204003, 205003, 208003, 209003, 212003, 213003, 216003, 217003, 220003, 221003, 224003, 225003, 228003, 229003, 232003, 233003, 236003, 237003, 240003, 241003, 288003, 289003, 292003, 293003, 296003, 297003, 300003, 301003, 304003, 305003, 308003, 309003, 310003, 311003, 312003, 313003, 314003, 315003, 316003, 317003, 318003, 319003, 322003, 323003, 326003, 327003, 330003, 331003, 340003, 341003, 342003, 343003, 344003, 345003, 346003, 347003, 374003, 375003, 376003, 377003, 378003, 379003, 380003, 381003, 382003, 383003, 384003, 385003, 386003, 387003, 388003, 389003, 390003, 391003, 392003, 393003, 394003, 395003, 396003, 397003, 398003, 399003, 400003, 401003, 428003, 429003, 430003, 448003, 449003, 450003, 451003, 452003, 453003, 474003, 475003, 478003, 479003, 522003, 523003, 524003, 525003, 640003, 642003, 644003, 646003, 648003, 650003, 652003, 653003, 654003, 655003, 656003, 657003, 658003, 659003, 660003, 661003, 662003, 663003, 664003, 665003, 666003, 667003, 668003, 675003, 678003, 681003, 684003, 687003, 690003, 693003, 696003, 699003, 702003, 705003, 708003, 711003, 714003, 717003, 720003, 723003, 726003, 729003, 732003, 734003, 736003, 738003, 740003, 742003, 744003, 746003, 748003, 750003, 752003, 754003, 756003, 758003, 760003, 762003, 764003, 766003, 768003, 770003, 772003, 774003, 775003, 776003, 777003, 778003, 779003, 780003, 781003, 782003, 783003, 784003, 785003, 786003, 787003, 788003, 789003, 790003, 791003, 792003, 793003, 794003, 795003, 796003, 797003, 798003, 799003, 800003, 801003, 802003, 803003, 804003, 873003, 875003, 877003, 879003, 881003, 883003)
[diaphragms] 09_P5_m150: filtered out 33 DISCONNECTED + 0 None from 354 candidates
[diaphragms] master node 5 @ (32.839,8.009,26.025) for story '09_P5_m150'
[diaphragms] rigidDiaphragm(3, 5, 1004, 3004, 4004, 5004, 6004, 7004, 8004, 9004, 10004, 11004, 12004, 13004, 14004, 15004, 16004, 17004, 18004, 19004, 20004, 21004, 50004, 51004, 52004, 56004, 57004, 58004, 72004, 74004, 78004, 82004, 86004, 90004, 94004, 98004, 102004, 103004, 106004, 107004, 110004, 111004, 114004, 115004, 118004, 119004, 122004, 123004, 126004, 127004, 130004, 131004, 134004, 135004, 138004, 139004, 142004, 146004, 150004, 154004, 158004, 162004, 166004, 167004, 170004, 171004, 174004, 175004, 178004, 179004, 194004, 195004, 198004, 199004, 202004, 203004, 206004, 207004, 210004, 211004, 214004, 215004, 218004, 219004, 222004, 223004, 226004, 227004, 230004, 231004, 234004, 235004, 238004, 239004, 246004, 247004, 248004, 249004, 250004, 251004, 252004, 253004, 254004, 255004, 256004, 257004, 258004, 259004, 260004, 261004, 264004, 265004, 268004, 269004, 272004, 273004, 276004, 277004, 280004, 281004, 284004, 285004, 320004, 321004, 324004, 325004, 328004, 329004, 332004, 333004, 334004, 335004, 336004, 337004, 338004, 339004, 348004, 349004, 350004, 351004, 352004, 353004, 354004, 355004, 356004, 357004, 358004, 359004, 360004, 361004, 362004, 363004, 364004, 365004, 366004, 367004, 368004, 369004, 370004, 371004, 372004, 373004, 433004, 434004, 435004, 436004, 437004, 455004, 456004, 457004, 458004, 459004, 460004, 461004, 462004, 472004, 473004, 476004, 477004, 512004, 513004, 514004, 515004, 516004, 517004, 518004, 519004, 520004, 521004, 639004, 641004, 643004, 645004, 647004, 649004, 651004, 673004, 674004, 676004, 677004, 679004, 680004, 682004, 683004, 685004, 686004, 688004, 689004, 691004, 692004, 694004, 695004, 697004, 698004, 700004, 701004, 703004, 704004, 706004, 707004, 709004, 710004, 712004, 713004, 715004, 716004, 718004, 719004, 721004, 722004, 724004, 725004, 727004, 728004, 730004, 731004, 733004, 735004, 737004, 739004, 741004, 743004, 745004, 747004, 749004, 751004, 753004, 755004, 757004, 759004, 761004, 763004, 765004, 767004, 769004, 771004, 773004, 812004, 813004, 814004, 815004, 816004, 817004, 818004, 819004, 820004, 821004, 822004, 823004, 824004, 825004, 826004, 827004, 828004, 829004, 830004, 831004, 832004, 833004, 834004, 835004, 836004, 837004, 838004, 839004, 840004, 841004, 842004, 843004, 844004, 845004, 846004, 847004, 848004, 849004, 850004, 851004, 852004, 853004, 854004, 855004, 856004, 857004, 858004, 859004, 860004, 861004, 862004, 863004, 864004, 865004, 866004, 867004, 868004, 869004, 870004, 871004, 872004, 874004, 876004, 878004, 880004, 882004)
[diaphragms] 08_P4: filtered out 33 DISCONNECTED + 3 None from 318 candidates
[diaphragms] master node 6 @ (35.609,22.038,24.425) for story '08_P4'
[diaphragms] rigidDiaphragm(3, 6, 23005, 24005, 25005, 26005, 27005, 28005, 29005, 30005, 31005, 32005, 33005, 34005, 35005, 36005, 37005, 38005, 39005, 40005, 41005, 42005, 43005, 44005, 45005, 46005, 47005, 48005, 53005, 54005, 55005, 59005, 60005, 61005, 69005, 81005, 85005, 89005, 93005, 97005, 101005, 104005, 105005, 108005, 109005, 112005, 113005, 116005, 117005, 120005, 121005, 124005, 125005, 128005, 129005, 132005, 133005, 136005, 137005, 140005, 141005, 145005, 149005, 153005, 157005, 161005, 165005, 168005, 169005, 172005, 173005, 176005, 177005, 180005, 181005, 182005, 183005, 184005, 185005, 196005, 197005, 200005, 201005, 204005, 205005, 208005, 209005, 212005, 213005, 216005, 217005, 220005, 221005, 224005, 225005, 228005, 229005, 232005, 233005, 236005, 237005, 240005, 241005, 288005, 289005, 292005, 293005, 296005, 297005, 300005, 301005, 304005, 305005, 308005, 309005, 310005, 311005, 312005, 313005, 314005, 315005, 316005, 317005, 318005, 319005, 322005, 323005, 326005, 327005, 330005, 331005, 340005, 341005, 342005, 343005, 344005, 345005, 346005, 347005, 374005, 375005, 376005, 377005, 378005, 379005, 380005, 381005, 382005, 383005, 384005, 385005, 386005, 387005, 388005, 389005, 390005, 391005, 392005, 393005, 394005, 395005, 396005, 397005, 398005, 399005, 400005, 401005, 428005, 429005, 430005, 448005, 449005, 450005, 451005, 452005, 453005, 474005, 475005, 478005, 479005, 522005, 523005, 524005, 525005, 640005, 642005, 644005, 646005, 648005, 650005, 652005, 653005, 654005, 655005, 656005, 657005, 658005, 659005, 660005, 661005, 662005, 663005, 664005, 665005, 666005, 667005, 668005, 675005, 678005, 681005, 684005, 687005, 690005, 693005, 696005, 699005, 702005, 705005, 708005, 711005, 714005, 717005, 720005, 723005, 726005, 729005, 732005, 734005, 736005, 738005, 740005, 742005, 744005, 746005, 748005, 750005, 752005, 754005, 756005, 758005, 760005, 762005, 764005, 766005, 768005, 770005, 772005, 774005, 775005, 776005, 777005, 778005, 779005, 780005, 781005, 782005, 783005, 784005, 785005, 786005, 787005, 788005, 789005, 790005, 791005, 792005, 793005, 794005, 795005, 796005, 797005, 798005, 799005, 800005, 801005, 802005, 803005, 804005, 873005, 875005, 877005, 879005, 881005, 883005)
[diaphragms] 07_P4_m150: filtered out 33 DISCONNECTED + 0 None from 354 candidates
[diaphragms] master node 7 @ (32.839,8.009,22.925) for story '07_P4_m150'
RigidDiaphragm::RigidDiaphragm - ignoring constrained Node 430009 as no node in domain
RigidDiaphragm::RigidDiaphragm - ignoring constrained Node 448009 as no node in domain
RigidDiaphragm::RigidDiaphragm - ignoring constrained Node 449009 as no node in domain
RigidDiaphragm::RigidDiaphragm - ignoring constrained Node 450009 as no node in domain
RigidDiaphragm::RigidDiaphragm - ignoring constrained Node 451009 as no node in domain
RigidDiaphragm::RigidDiaphragm - ignoring constrained Node 452009 as no node in domain
RigidDiaphragm::RigidDiaphragm - ignoring constrained Node 453009 as no node in domain
RigidDiaphragm::RigidDiaphragm - ignoring constrained Node 474009 as no node in domain
RigidDiaphragm::RigidDiaphragm - ignoring constrained Node 475009 as no node in domain
RigidDiaphragm::RigidDiaphragm - ignoring constrained Node 478009 as no node in domain
RigidDiaphragm::RigidDiaphragm - ignoring constrained Node 479009 as no node in domain
RigidDiaphragm::RigidDiaphragm - ignoring constrained Node 522009 as no node in domain
RigidDiaphragm::RigidDiaphragm - ignoring constrained Node 523009 as no node in domain
RigidDiaphragm::RigidDiaphragm - ignoring constrained Node 524009 as no node in domain
RigidDiaphragm::RigidDiaphragm - ignoring constrained Node 525009 as no node in domain
RigidDiaphragm::RigidDiaphragm - ignoring constrained Node 640009 as no node in domain
RigidDiaphragm::RigidDiaphragm - ignoring constrained Node 642009 as no node in domain
RigidDiaphragm::RigidDiaphragm - ignoring constrained Node 644009 as no node in domain
RigidDiaphragm::RigidDiaphragm - ignoring constrained Node 646009 as no node in domain
RigidDiaphragm::RigidDiaphragm - ignoring constrained Node 648009 as no node in domain
RigidDiaphragm::RigidDiaphragm - ignoring constrained Node 650009 as no node in domain
RigidDiaphragm::RigidDiaphragm - ignoring constrained Node 652009 as no node in domain
RigidDiaphragm::RigidDiaphragm - ignoring constrained Node 653009 as no node in domain
RigidDiaphragm::RigidDiaphragm - ignoring constrained Node 654009 as no node in domain
RigidDiaphragm::RigidDiaphragm - ignoring constrained Node 655009 as no node in domain
RigidDiaphragm::RigidDiaphragm - ignoring constrained Node 656009 as no node in domain
RigidDiaphragm::RigidDiaphragm - ignoring constrained Node 657009 as no node in domain
RigidDiaphragm::RigidDiaphragm - ignoring constrained Node 658009 as no node in domain
RigidDiaphragm::RigidDiaphragm - ignoring constrained Node 659009 as no node in domain
RigidDiaphragm::RigidDiaphragm - ignoring constrained Node 660009 as no node in domain
RigidDiaphragm::RigidDiaphragm - ignoring constrained Node 661009 as no node in domain
RigidDiaphragm::RigidDiaphragm - ignoring constrained Node 662009 as no node in domain
RigidDiaphragm::RigidDiaphragm - ignoring constrained Node 663009 as no node in domain
RigidDiaphragm::RigidDiaphragm - ignoring constrained Node 664009 as no node in domain
RigidDiaphragm::RigidDiaphragm - ignoring constrained Node 665009 as no node in domain
RigidDiaphragm::RigidDiaphragm - ignoring constrained Node 666009 as no node in domain
RigidDiaphragm::RigidDiaphragm - ignoring constrained Node 667009 as no node in domain
RigidDiaphragm::RigidDiaphragm - ignoring constrained Node 668009 as no node in domain
RigidDiaphragm::RigidDiaphragm - ignoring constrained Node 675009 as no node in domain
RigidDiaphragm::RigidDiaphragm - ignoring constrained Node 678009 as no node in domain
RigidDiaphragm::RigidDiaphragm - ignoring constrained Node 681009 as no node in domain
RigidDiaphragm::RigidDiaphragm - ignoring constrained Node 684009 as no node in domain
RigidDiaphragm::RigidDiaphragm - ignoring constrained Node 687009 as no node in domain
RigidDiaphragm::RigidDiaphragm - ignoring constrained Node 690009 as no node in domain
RigidDiaphragm::RigidDiaphragm - ignoring constrained Node 693009 as no node in domain
RigidDiaphragm::RigidDiaphragm - ignoring constrained Node 696009 as no node in domain
RigidDiaphragm::RigidDiaphragm - ignoring constrained Node 699009 as no node in domain
RigidDiaphragm::RigidDiaphragm - ignoring constrained Node 702009 as no node in domain
RigidDiaphragm::RigidDiaphragm - ignoring constrained Node 705009 as no node in domain
RigidDiaphragm::RigidDiaphragm - ignoring constrained Node 708009 as no node in domain
RigidDiaphragm::RigidDiaphragm - ignoring constrained Node 711009 as no node in domain
RigidDiaphragm::RigidDiaphragm - ignoring constrained Node 714009 as no node in domain
RigidDiaphragm::RigidDiaphragm - ignoring constrained Node 717009 as no node in domain
RigidDiaphragm::RigidDiaphragm - ignoring constrained Node 720009 as no node in domain
RigidDiaphragm::RigidDiaphragm - ignoring constrained Node 723009 as no node in domain
RigidDiaphragm::RigidDiaphragm - ignoring constrained Node 726009 as no node in domain
RigidDiaphragm::RigidDiaphragm - ignoring constrained Node 729009 as no node in domain
RigidDiaphragm::RigidDiaphragm - ignoring constrained Node 732009 as no node in domain
RigidDiaphragm::RigidDiaphragm - ignoring constrained Node 734009 as no node in domain
RigidDiaphragm::RigidDiaphragm - ignoring constrained Node 736009 as no node in domain
RigidDiaphragm::RigidDiaphragm - ignoring constrained Node 738009 as no node in domain
RigidDiaphragm::RigidDiaphragm - ignoring constrained Node 740009 as no node in domain
RigidDiaphragm::RigidDiaphragm - ignoring constrained Node 742009 as no node in domain
RigidDiaphragm::RigidDiaphragm - ignoring constrained Node 744009 as no node in domain
RigidDiaphragm::RigidDiaphragm - ignoring constrained Node 746009 as no node in domain
RigidDiaphragm::RigidDiaphragm - ignoring constrained Node 748009 as no node in domain
RigidDiaphragm::RigidDiaphragm - ignoring constrained Node 750009 as no node in domain
RigidDiaphragm::RigidDiaphragm - ignoring constrained Node 752009 as no node in domain
RigidDiaphragm::RigidDiaphragm - ignoring constrained Node 754009 as no node in domain
RigidDiaphragm::RigidDiaphragm - ignoring constrained Node 756009 as no node in domain
RigidDiaphragm::RigidDiaphragm - ignoring constrained Node 758009 as no node in domain
RigidDiaphragm::RigidDiaphragm - ignoring constrained Node 760009 as no node in domain
RigidDiaphragm::RigidDiaphragm - ignoring constrained Node 762009 as no node in domain
RigidDiaphragm::RigidDiaphragm - ignoring constrained Node 764009 as no node in domain
RigidDiaphragm::RigidDiaphragm - ignoring constrained Node 766009 as no node in domain
RigidDiaphragm::RigidDiaphragm - ignoring constrained Node 768009 as no node in domain
RigidDiaphragm::RigidDiaphragm - ignoring constrained Node 770009 as no node in domain
RigidDiaphragm::RigidDiaphragm - ignoring constrained Node 772009 as no node in domain
RigidDiaphragm::RigidDiaphragm - ignoring constrained Node 774009 as no node in domain
RigidDiaphragm::RigidDiaphragm - ignoring constrained Node 775009 as no node in domain
RigidDiaphragm::RigidDiaphragm - ignoring constrained Node 776009 as no node in domain
RigidDiaphragm::RigidDiaphragm - ignoring constrained Node 777009 as no node in domain
RigidDiaphragm::RigidDiaphragm - ignoring constrained Node 778009 as no node in domain
RigidDiaphragm::RigidDiaphragm - ignoring constrained Node 779009 as no node in domain
RigidDiaphragm::RigidDiaphragm - ignoring constrained Node 780009 as no node in domain
RigidDiaphragm::RigidDiaphragm - ignoring constrained Node 781009 as no node in domain
RigidDiaphragm::RigidDiaphragm - ignoring constrained Node 782009 as no node in domain
RigidDiaphragm::RigidDiaphragm - ignoring constrained Node 783009 as no node in domain
RigidDiaphragm::RigidDiaphragm - ignoring constrained Node 784009 as no node in domain
RigidDiaphragm::RigidDiaphragm - ignoring constrained Node 785009 as no node in domain
RigidDiaphragm::RigidDiaphragm - ignoring constrained Node 786009 as no node in domain
RigidDiaphragm::RigidDiaphragm - ignoring constrained Node 787009 as no node in domain
RigidDiaphragm::RigidDiaphragm - ignoring constrained Node 788009 as no node in domain
RigidDiaphragm::RigidDiaphragm - ignoring constrained Node 789009 as no node in domain
RigidDiaphragm::RigidDiaphragm - ignoring constrained Node 790009 as no node in domain
RigidDiaphragm::RigidDiaphragm - ignoring constrained Node 791009 as no node in domain
RigidDiaphragm::RigidDiaphragm - ignoring constrained Node 792009 as no node in domain
RigidDiaphragm::RigidDiaphragm - ignoring constrained Node 793009 as no node in domain
RigidDiaphragm::RigidDiaphragm - ignoring constrained Node 794009 as no node in domain
RigidDiaphragm::RigidDiaphragm - ignoring constrained Node 795009 as no node in domain
RigidDiaphragm::RigidDiaphragm - ignoring constrained Node 796009 as no node in domain
RigidDiaphragm::RigidDiaphragm - ignoring constrained Node 797009 as no node in domain
RigidDiaphragm::RigidDiaphragm - ignoring constrained Node 798009 as no node in domain
RigidDiaphragm::RigidDiaphragm - ignoring constrained Node 799009 as no node in domain
RigidDiaphragm::RigidDiaphragm - ignoring constrained Node 800009 as no node in domain
RigidDiaphragm::RigidDiaphragm - ignoring constrained Node 801009 as no node in domain
RigidDiaphragm::RigidDiaphragm - ignoring constrained Node 802009 as no node in domain
RigidDiaphragm::RigidDiaphragm - ignoring constrained Node 803009 as no node in domain
RigidDiaphragm::RigidDiaphragm - ignoring constrained Node 804009 as no node in domain
RigidDiaphragm::RigidDiaphragm - ignoring constrained Node 873009 as no node in domain
RigidDiaphragm::RigidDiaphragm - ignoring constrained Node 875009 as no node in domain
RigidDiaphragm::RigidDiaphragm - ignoring constrained Node 877009 as no node in domain
RigidDiaphragm::RigidDiaphragm - ignoring constrained Node 879009 as no node in domain
RigidDiaphragm::RigidDiaphragm - ignoring constrained Node 881009 as no node in domain
RigidDiaphragm::RigidDiaphragm - ignoring constrained Node 883009 as no node in domain
RigidDiaphragm::RigidDiaphragm - ignoring constrained Node 1010 as no node in domain
RigidDiaphragm::RigidDiaphragm - ignoring constrained Node 3010 as no node in domain
RigidDiaphragm::RigidDiaphragm - ignoring constrained Node 4010 as no node in domain
RigidDiaphragm::RigidDiaphragm - ignoring constrained Node 5010 as no node in domain
RigidDiaphragm::RigidDiaphragm - ignoring constrained Node 6010 as no node in domain
RigidDiaphragm::RigidDiaphragm - ignoring constrained Node 7010 as no node in domain
RigidDiaphragm::RigidDiaphragm - ignoring constrained Node 8010 as no node in domain
RigidDiaphragm::RigidDiaphragm - ignoring constrained Node 9010 as no node in domain
RigidDiaphragm::RigidDiaphragm - ignoring constrained Node 10010 as no node in domain
RigidDiaphragm::RigidDiaphragm - ignoring constrained Node 11010 as no node in domain
RigidDiaphragm::RigidDiaphragm - ignoring constrained Node 12010 as no node in domain
RigidDiaphragm::RigidDiaphragm - ignoring constrained Node 13010 as no node in domain
RigidDiaphragm::RigidDiaphragm - ignoring constrained Node 14010 as no node in domain
RigidDiaphragm::RigidDiaphragm - ignoring constrained Node 15010 as no node in domain
RigidDiaphragm::RigidDiaphragm - ignoring constrained Node 16010 as no node in domain
RigidDiaphragm::RigidDiaphragm - ignoring constrained Node 17010 as no node in domain
RigidDiaphragm::RigidDiaphragm - ignoring constrained Node 18010 as no node in domain
RigidDiaphragm::RigidDiaphragm - ignoring constrained Node 19010 as no node in domain
RigidDiaphragm::RigidDiaphragm - ignoring constrained Node 20010 as no node in domain
RigidDiaphragm::RigidDiaphragm - ignoring constrained Node 21010 as no node in domain
RigidDiaphragm::RigidDiaphragm - ignoring constrained Node 50010 as no node in domain
RigidDiaphragm::RigidDiaphragm - ignoring constrained Node 51010 as no node in domain
RigidDiaphragm::RigidDiaphragm - ignoring constrained Node 52010 as no node in domain
RigidDiaphragm::RigidDiaphragm - ignoring constrained Node 56010 as no node in domain
RigidDiaphragm::RigidDiaphragm - ignoring constrained Node 57010 as no node in domain
RigidDiaphragm::RigidDiaphragm - ignoring constrained Node 58010 as no node in domain
RigidDiaphragm::RigidDiaphragm - ignoring constrained Node 72010 as no node in domain
RigidDiaphragm::RigidDiaphragm - ignoring constrained Node 74010 as no node in domain
RigidDiaphragm::RigidDiaphragm - ignoring constrained Node 78010 as no node in domain
RigidDiaphragm::RigidDiaphragm - ignoring constrained Node 82010 as no node in domain
RigidDiaphragm::RigidDiaphragm - ignoring constrained Node 86010 as no node in domain
RigidDiaphragm::RigidDiaphragm - ignoring constrained Node 90010 as no node in domain
RigidDiaphragm::RigidDiaphragm - ignoring constrained Node 94010 as no node in domain
RigidDiaphragm::RigidDiaphragm - ignoring constrained Node 98010 as no node in domain
RigidDiaphragm::RigidDiaphragm - ignoring constrained Node 102010 as no node in domain
RigidDiaphragm::RigidDiaphragm - ignoring constrained Node 103010 as no node in domain
RigidDiaphragm::RigidDiaphragm - ignoring constrained Node 106010 as no node in domain
RigidDiaphragm::RigidDiaphragm - ignoring constrained Node 107010 as no node in domain
RigidDiaphragm::RigidDiaphragm - ignoring constrained Node 110010 as no node in domain
RigidDiaphragm::RigidDiaphragm - ignoring constrained Node 111010 as no node in domain
RigidDiaphragm::RigidDiaphragm - ignoring constrained Node 114010 as no node in domain
RigidDiaphragm::RigidDiaphragm - ignoring constrained Node 115010 as no node in domain
RigidDiaphragm::RigidDiaphragm - ignoring constrained Node 118010 as no node in domain
RigidDiaphragm::RigidDiaphragm - ignoring constrained Node 119010 as no node in domain
RigidDiaphragm::RigidDiaphragm - ignoring constrained Node 122010 as no node in domain
RigidDiaphragm::RigidDiaphragm - ignoring constrained Node 123010 as no node in domain
RigidDiaphragm::RigidDiaphragm - ignoring constrained Node 126010 as no node in domain
RigidDiaphragm::RigidDiaphragm - ignoring constrained Node 127010 as no node in domain
RigidDiaphragm::RigidDiaphragm - ignoring constrained Node 130010 as no node in domain
RigidDiaphragm::RigidDiaphragm - ignoring constrained Node 131010 as no node in domain
RigidDiaphragm::RigidDiaphragm - ignoring constrained Node 134010 as no node in domain
RigidDiaphragm::RigidDiaphragm - ignoring constrained Node 135010 as no node in domain
RigidDiaphragm::RigidDiaphragm - ignoring constrained Node 138010 as no node in domain
RigidDiaphragm::RigidDiaphragm - ignoring constrained Node 139010 as no node in domain
RigidDiaphragm::RigidDiaphragm - ignoring constrained Node 142010 as no node in domain
RigidDiaphragm::RigidDiaphragm - ignoring constrained Node 146010 as no node in domain
RigidDiaphragm::RigidDiaphragm - ignoring constrained Node 150010 as no node in domain
RigidDiaphragm::RigidDiaphragm - ignoring constrained Node 154010 as no node in domain
RigidDiaphragm::RigidDiaphragm - ignoring constrained Node 158010 as no node in domain
RigidDiaphragm::RigidDiaphragm - ignoring constrained Node 162010 as no node in domain
RigidDiaphragm::RigidDiaphragm - ignoring constrained Node 166010 as no node in domain
RigidDiaphragm::RigidDiaphragm - ignoring constrained Node 167010 as no node in domain
RigidDiaphragm::RigidDiaphragm - ignoring constrained Node 170010 as no node in domain
RigidDiaphragm::RigidDiaphragm - ignoring constrained Node 171010 as no node in domain
RigidDiaphragm::RigidDiaphragm - ignoring constrained Node 174010 as no node in domain
RigidDiaphragm::RigidDiaphragm - ignoring constrained Node 175010 as no node in domain
RigidDiaphragm::RigidDiaphragm - ignoring constrained Node 178010 as no node in domain
RigidDiaphragm::RigidDiaphragm - ignoring constrained Node 179010 as no node in domain
RigidDiaphragm::RigidDiaphragm - ignoring constrained Node 194010 as no node in domain
RigidDiaphragm::RigidDiaphragm - ignoring constrained Node 195010 as no node in domain
RigidDiaphragm::RigidDiaphragm - ignoring constrained Node 198010 as no node in domain
RigidDiaphragm::RigidDiaphragm - ignoring constrained Node 199010 as no node in domain
RigidDiaphragm::RigidDiaphragm - ignoring constrained Node 202010 as no node in domain
RigidDiaphragm::RigidDiaphragm - ignoring constrained Node 203010 as no node in domain
RigidDiaphragm::RigidDiaphragm - ignoring constrained Node 206010 as no node in domain
RigidDiaphragm::RigidDiaphragm - ignoring constrained Node 207010 as no node in domain
RigidDiaphragm::RigidDiaphragm - ignoring constrained Node 210010 as no node in domain
RigidDiaphragm::RigidDiaphragm - ignoring constrained Node 211010 as no node in domain
RigidDiaphragm::RigidDiaphragm - ignoring constrained Node 214010 as no node in domain
RigidDiaphragm::RigidDiaphragm - ignoring constrained Node 215010 as no node in domain
RigidDiaphragm::RigidDiaphragm - ignoring constrained Node 218010 as no node in domain
RigidDiaphragm::RigidDiaphragm - ignoring constrained Node 219010 as no node in domain
RigidDiaphragm::RigidDiaphragm - ignoring constrained Node 222010 as no node in domain
RigidDiaphragm::RigidDiaphragm - ignoring constrained Node 223010 as no node in domain
RigidDiaphragm::RigidDiaphragm - ignoring constrained Node 226010 as no node in domain
RigidDiaphragm::RigidDiaphragm - ignoring constrained Node 227010 as no node in domain
RigidDiaphragm::RigidDiaphragm - ignoring constrained Node 230010 as no node in domain
RigidDiaphragm::RigidDiaphragm - ignoring constrained Node 231010 as no node in domain
RigidDiaphragm::RigidDiaphragm - ignoring constrained Node 234010 as no node in domain
RigidDiaphragm::RigidDiaphragm - ignoring constrained Node 235010 as no node in domain
RigidDiaphragm::RigidDiaphragm - ignoring constrained Node 238010 as no node in domain
RigidDiaphragm::RigidDiaphragm - ignoring constrained Node 239010 as no node in domain
RigidDiaphragm::RigidDiaphragm - ignoring constrained Node 246010 as no node in domain
RigidDiaphragm::RigidDiaphragm - ignoring constrained Node 247010 as no node in domain
RigidDiaphragm::RigidDiaphragm - ignoring constrained Node 248010 as no node in domain
RigidDiaphragm::RigidDiaphragm - ignoring constrained Node 249010 as no node in domain
RigidDiaphragm::RigidDiaphragm - ignoring constrained Node 250010 as no node in domain
RigidDiaphragm::RigidDiaphragm - ignoring constrained Node 251010 as no node in domain
RigidDiaphragm::RigidDiaphragm - ignoring constrained Node 252010 as no node in domain
RigidDiaphragm::RigidDiaphragm - ignoring constrained Node 253010 as no node in domain
RigidDiaphragm::RigidDiaphragm - ignoring constrained Node 254010 as no node in domain
RigidDiaphragm::RigidDiaphragm - ignoring constrained Node 255010 as no node in domain
RigidDiaphragm::RigidDiaphragm - ignoring constrained Node 256010 as no node in domain
RigidDiaphragm::RigidDiaphragm - ignoring constrained Node 257010 as no node in domain
RigidDiaphragm::RigidDiaphragm - ignoring constrained Node 258010 as no node in domain
RigidDiaphragm::RigidDiaphragm - ignoring constrained Node 259010 as no node in domain
RigidDiaphragm::RigidDiaphragm - ignoring constrained Node 260010 as no node in domain
RigidDiaphragm::RigidDiaphragm - ignoring constrained Node 261010 as no node in domain
RigidDiaphragm::RigidDiaphragm - ignoring constrained Node 264010 as no node in domain
RigidDiaphragm::RigidDiaphragm - ignoring constrained Node 265010 as no node in domain
RigidDiaphragm::RigidDiaphragm - ignoring constrained Node 268010 as no node in domain
RigidDiaphragm::RigidDiaphragm - ignoring constrained Node 269010 as no node in domain
RigidDiaphragm::RigidDiaphragm - ignoring constrained Node 272010 as no node in domain
RigidDiaphragm::RigidDiaphragm - ignoring constrained Node 273010 as no node in domain
RigidDiaphragm::RigidDiaphragm - ignoring constrained Node 276010 as no node in domain
RigidDiaphragm::RigidDiaphragm - ignoring constrained Node 277010 as no node in domain
RigidDiaphragm::RigidDiaphragm - ignoring constrained Node 280010 as no node in domain
RigidDiaphragm::RigidDiaphragm - ignoring constrained Node 281010 as no node in domain
RigidDiaphragm::RigidDiaphragm - ignoring constrained Node 284010 as no node in domain
RigidDiaphragm::RigidDiaphragm - ignoring constrained Node 285010 as no node in domain
RigidDiaphragm::RigidDiaphragm - ignoring constrained Node 320010 as no node in domain
RigidDiaphragm::RigidDiaphragm - ignoring constrained Node 321010 as no node in domain
RigidDiaphragm::RigidDiaphragm - ignoring constrained Node 324010 as no node in domain
RigidDiaphragm::RigidDiaphragm - ignoring constrained Node 325010 as no node in domain
RigidDiaphragm::RigidDiaphragm - ignoring constrained Node 328010 as no node in domain
RigidDiaphragm::RigidDiaphragm - ignoring constrained Node 329010 as no node in domain
RigidDiaphragm::RigidDiaphragm - ignoring constrained Node 332010 as no node in domain
RigidDiaphragm::RigidDiaphragm - ignoring constrained Node 333010 as no node in domain
RigidDiaphragm::RigidDiaphragm - ignoring constrained Node 334010 as no node in domain
RigidDiaphragm::RigidDiaphragm - ignoring constrained Node 335010 as no node in domain
RigidDiaphragm::RigidDiaphragm - ignoring constrained Node 336010 as no node in domain
RigidDiaphragm::RigidDiaphragm - ignoring constrained Node 337010 as no node in domain
RigidDiaphragm::RigidDiaphragm - ignoring constrained Node 338010 as no node in domain
RigidDiaphragm::RigidDiaphragm - ignoring constrained Node 339010 as no node in domain
RigidDiaphragm::RigidDiaphragm - ignoring constrained Node 348010 as no node in domain
RigidDiaphragm::RigidDiaphragm - ignoring constrained Node 349010 as no node in domain
RigidDiaphragm::RigidDiaphragm - ignoring constrained Node 350010 as no node in domain
RigidDiaphragm::RigidDiaphragm - ignoring constrained Node 351010 as no node in domain
RigidDiaphragm::RigidDiaphragm - ignoring constrained Node 352010 as no node in domain
RigidDiaphragm::RigidDiaphragm - ignoring constrained Node 353010 as no node in domain
RigidDiaphragm::RigidDiaphragm - ignoring constrained Node 354010 as no node in domain
RigidDiaphragm::RigidDiaphragm - ignoring constrained Node 355010 as no node in domain
RigidDiaphragm::RigidDiaphragm - ignoring constrained Node 356010 as no node in domain
RigidDiaphragm::RigidDiaphragm - ignoring constrained Node 357010 as no node in domain
RigidDiaphragm::RigidDiaphragm - ignoring constrained Node 358010 as no node in domain
RigidDiaphragm::RigidDiaphragm - ignoring constrained Node 359010 as no node in domain
RigidDiaphragm::RigidDiaphragm - ignoring constrained Node 360010 as no node in domain
RigidDiaphragm::RigidDiaphragm - ignoring constrained Node 361010 as no node in domain
RigidDiaphragm::RigidDiaphragm - ignoring constrained Node 362010 as no node in domain
RigidDiaphragm::RigidDiaphragm - ignoring constrained Node 363010 as no node in domain
RigidDiaphragm::RigidDiaphragm - ignoring constrained Node 364010 as no node in domain
RigidDiaphragm::RigidDiaphragm - ignoring constrained Node 365010 as no node in domain
RigidDiaphragm::RigidDiaphragm - ignoring constrained Node 366010 as no node in domain
RigidDiaphragm::RigidDiaphragm - ignoring constrained Node 367010 as no node in domain
RigidDiaphragm::RigidDiaphragm - ignoring constrained Node 368010 as no node in domain
RigidDiaphragm::RigidDiaphragm - ignoring constrained Node 369010 as no node in domain
RigidDiaphragm::RigidDiaphragm - ignoring constrained Node 370010 as no node in domain
RigidDiaphragm::RigidDiaphragm - ignoring constrained Node 371010 as no node in domain
RigidDiaphragm::RigidDiaphragm - ignoring constrained Node 372010 as no node in domain
RigidDiaphragm::RigidDiaphragm - ignoring constrained Node 373010 as no node in domain
RigidDiaphragm::RigidDiaphragm - ignoring constrained Node 433010 as no node in domain
RigidDiaphragm::RigidDiaphragm - ignoring constrained Node 434010 as no node in domain
RigidDiaphragm::RigidDiaphragm - ignoring constrained Node 435010 as no node in domain
RigidDiaphragm::RigidDiaphragm - ignoring constrained Node 436010 as no node in domain
RigidDiaphragm::RigidDiaphragm - ignoring constrained Node 437010 as no node in domain
RigidDiaphragm::RigidDiaphragm - ignoring constrained Node 455010 as no node in domain
RigidDiaphragm::RigidDiaphragm - ignoring constrained Node 456010 as no node in domain
RigidDiaphragm::RigidDiaphragm - ignoring constrained Node 457010 as no node in domain
RigidDiaphragm::RigidDiaphragm - ignoring constrained Node 458010 as no node in domain
RigidDiaphragm::RigidDiaphragm - ignoring constrained Node 459010 as no node in domain
RigidDiaphragm::RigidDiaphragm - ignoring constrained Node 460010 as no node in domain
RigidDiaphragm::RigidDiaphragm - ignoring constrained Node 461010 as no node in domain
RigidDiaphragm::RigidDiaphragm - ignoring constrained Node 462010 as no node in domain
RigidDiaphragm::RigidDiaphragm - ignoring constrained Node 472010 as no node in domain
RigidDiaphragm::RigidDiaphragm - ignoring constrained Node 473010 as no node in domain
RigidDiaphragm::RigidDiaphragm - ignoring constrained Node 476010 as no node in domain
RigidDiaphragm::RigidDiaphragm - ignoring constrained Node 477010 as no node in domain
RigidDiaphragm::RigidDiaphragm - ignoring constrained Node 512010 as no node in domain
RigidDiaphragm::RigidDiaphragm - ignoring constrained Node 513010 as no node in domain
RigidDiaphragm::RigidDiaphragm - ignoring constrained Node 514010 as no node in domain
RigidDiaphragm::RigidDiaphragm - ignoring constrained Node 515010 as no node in domain
RigidDiaphragm::RigidDiaphragm - ignoring constrained Node 516010 as no node in domain
RigidDiaphragm::RigidDiaphragm - ignoring constrained Node 517010 as no node in domain
RigidDiaphragm::RigidDiaphragm - ignoring constrained Node 518010 as no node in domain
RigidDiaphragm::RigidDiaphragm - ignoring constrained Node 519010 as no node in domain
RigidDiaphragm::RigidDiaphragm - ignoring constrained Node 520010 as no node in domain
RigidDiaphragm::RigidDiaphragm - ignoring constrained Node 521010 as no node in domain
RigidDiaphragm::RigidDiaphragm - ignoring constrained Node 639010 as no node in domain
RigidDiaphragm::RigidDiaphragm - ignoring constrained Node 641010 as no node in domain
RigidDiaphragm::RigidDiaphragm - ignoring constrained Node 643010 as no node in domain
RigidDiaphragm::RigidDiaphragm - ignoring constrained Node 645010 as no node in domain
RigidDiaphragm::RigidDiaphragm - ignoring constrained Node 647010 as no node in domain
RigidDiaphragm::RigidDiaphragm - ignoring constrained Node 649010 as no node in domain
RigidDiaphragm::RigidDiaphragm - ignoring constrained Node 651010 as no node in domain
RigidDiaphragm::RigidDiaphragm - ignoring constrained Node 673010 as no node in domain
RigidDiaphragm::RigidDiaphragm - ignoring constrained Node 674010 as no node in domain
RigidDiaphragm::RigidDiaphragm - ignoring constrained Node 676010 as no node in domain
RigidDiaphragm::RigidDiaphragm - ignoring constrained Node 677010 as no node in domain
RigidDiaphragm::RigidDiaphragm - ignoring constrained Node 679010 as no node in domain
RigidDiaphragm::RigidDiaphragm - ignoring constrained Node 680010 as no node in domain
RigidDiaphragm::RigidDiaphragm - ignoring constrained Node 682010 as no node in domain
RigidDiaphragm::RigidDiaphragm - ignoring constrained Node 683010 as no node in domain
RigidDiaphragm::RigidDiaphragm - ignoring constrained Node 685010 as no node in domain
RigidDiaphragm::RigidDiaphragm - ignoring constrained Node 686010 as no node in domain
RigidDiaphragm::RigidDiaphragm - ignoring constrained Node 688010 as no node in domain
RigidDiaphragm::RigidDiaphragm - ignoring constrained Node 689010 as no node in domain
RigidDiaphragm::RigidDiaphragm - ignoring constrained Node 691010 as no node in domain
RigidDiaphragm::RigidDiaphragm - ignoring constrained Node 692010 as no node in domain
RigidDiaphragm::RigidDiaphragm - ignoring constrained Node 694010 as no node in domain
RigidDiaphragm::RigidDiaphragm - ignoring constrained Node 695010 as no node in domain
RigidDiaphragm::RigidDiaphragm - ignoring constrained Node 697010 as no node in domain
RigidDiaphragm::RigidDiaphragm - ignoring constrained Node 698010 as no node in domain
RigidDiaphragm::RigidDiaphragm - ignoring constrained Node 700010 as no node in domain
RigidDiaphragm::RigidDiaphragm - ignoring constrained Node 701010 as no node in domain
RigidDiaphragm::RigidDiaphragm - ignoring constrained Node 703010 as no node in domain
RigidDiaphragm::RigidDiaphragm - ignoring constrained Node 704010 as no node in domain
RigidDiaphragm::RigidDiaphragm - ignoring constrained Node 706010 as no node in domain
RigidDiaphragm::RigidDiaphragm - ignoring constrained Node 707010 as no node in domain
RigidDiaphragm::RigidDiaphragm - ignoring constrained Node 709010 as no node in domain
RigidDiaphragm::RigidDiaphragm - ignoring constrained Node 710010 as no node in domain
RigidDiaphragm::RigidDiaphragm - ignoring constrained Node 712010 as no node in domain
RigidDiaphragm::RigidDiaphragm - ignoring constrained Node 713010 as no node in domain
RigidDiaphragm::RigidDiaphragm - ignoring constrained Node 715010 as no node in domain
RigidDiaphragm::RigidDiaphragm - ignoring constrained Node 716010 as no node in domain
RigidDiaphragm::RigidDiaphragm - ignoring constrained Node 718010 as no node in domain
RigidDiaphragm::RigidDiaphragm - ignoring constrained Node 719010 as no node in domain
RigidDiaphragm::RigidDiaphragm - ignoring constrained Node 721010 as no node in domain
RigidDiaphragm::RigidDiaphragm - ignoring constrained Node 722010 as no node in domain
RigidDiaphragm::RigidDiaphragm - ignoring constrained Node 724010 as no node in domain
RigidDiaphragm::RigidDiaphragm - ignoring constrained Node 725010 as no node in domain
RigidDiaphragm::RigidDiaphragm - ignoring constrained Node 727010 as no node in domain
RigidDiaphragm::RigidDiaphragm - ignoring constrained Node 728010 as no node in domain
RigidDiaphragm::RigidDiaphragm - ignoring constrained Node 730010 as no node in domain
RigidDiaphragm::RigidDiaphragm - ignoring constrained Node 731010 as no node in domain
RigidDiaphragm::RigidDiaphragm - ignoring constrained Node 733010 as no node in domain
RigidDiaphragm::RigidDiaphragm - ignoring constrained Node 735010 as no node in domain
RigidDiaphragm::RigidDiaphragm - ignoring constrained Node 737010 as no node in domain
RigidDiaphragm::RigidDiaphragm - ignoring constrained Node 739010 as no node in domain
RigidDiaphragm::RigidDiaphragm - ignoring constrained Node 741010 as no node in domain
RigidDiaphragm::RigidDiaphragm - ignoring constrained Node 743010 as no node in domain
RigidDiaphragm::RigidDiaphragm - ignoring constrained Node 745010 as no node in domain
RigidDiaphragm::RigidDiaphragm - ignoring constrained Node 747010 as no node in domain
RigidDiaphragm::RigidDiaphragm - ignoring constrained Node 749010 as no node in domain
RigidDiaphragm::RigidDiaphragm - ignoring constrained Node 751010 as no node in domain
RigidDiaphragm::RigidDiaphragm - ignoring constrained Node 753010 as no node in domain
RigidDiaphragm::RigidDiaphragm - ignoring constrained Node 755010 as no node in domain
RigidDiaphragm::RigidDiaphragm - ignoring constrained Node 757010 as no node in domain
RigidDiaphragm::RigidDiaphragm - ignoring constrained Node 759010 as no node in domain
RigidDiaphragm::RigidDiaphragm - ignoring constrained Node 761010 as no node in domain
RigidDiaphragm::RigidDiaphragm - ignoring constrained Node 763010 as no node in domain
RigidDiaphragm::RigidDiaphragm - ignoring constrained Node 765010 as no node in domain
RigidDiaphragm::RigidDiaphragm - ignoring constrained Node 767010 as no node in domain
RigidDiaphragm::RigidDiaphragm - ignoring constrained Node 769010 as no node in domain
RigidDiaphragm::RigidDiaphragm - ignoring constrained Node 771010 as no node in domain
RigidDiaphragm::RigidDiaphragm - ignoring constrained Node 773010 as no node in domain
RigidDiaphragm::RigidDiaphragm - ignoring constrained Node 812010 as no node in domain
RigidDiaphragm::RigidDiaphragm - ignoring constrained Node 813010 as no node in domain
RigidDiaphragm::RigidDiaphragm - ignoring constrained Node 814010 as no node in domain
RigidDiaphragm::RigidDiaphragm - ignoring constrained Node 815010 as no node in domain
RigidDiaphragm::RigidDiaphragm - ignoring constrained Node 816010 as no node in domain
RigidDiaphragm::RigidDiaphragm - ignoring constrained Node 817010 as no node in domain
RigidDiaphragm::RigidDiaphragm - ignoring constrained Node 818010 as no node in domain
RigidDiaphragm::RigidDiaphragm - ignoring constrained Node 819010 as no node in domain
RigidDiaphragm::RigidDiaphragm - ignoring constrained Node 820010 as no node in domain
RigidDiaphragm::RigidDiaphragm - ignoring constrained Node 821010 as no node in domain
RigidDiaphragm::RigidDiaphragm - ignoring constrained Node 822010 as no node in domain
RigidDiaphragm::RigidDiaphragm - ignoring constrained Node 823010 as no node in domain
RigidDiaphragm::RigidDiaphragm - ignoring constrained Node 824010 as no node in domain
RigidDiaphragm::RigidDiaphragm - ignoring constrained Node 825010 as no node in domain
RigidDiaphragm::RigidDiaphragm - ignoring constrained Node 826010 as no node in domain
RigidDiaphragm::RigidDiaphragm - ignoring constrained Node 827010 as no node in domain
RigidDiaphragm::RigidDiaphragm - ignoring constrained Node 828010 as no node in domain
RigidDiaphragm::RigidDiaphragm - ignoring constrained Node 829010 as no node in domain
RigidDiaphragm::RigidDiaphragm - ignoring constrained Node 830010 as no node in domain
RigidDiaphragm::RigidDiaphragm - ignoring constrained Node 831010 as no node in domain
RigidDiaphragm::RigidDiaphragm - ignoring constrained Node 832010 as no node in domain
RigidDiaphragm::RigidDiaphragm - ignoring constrained Node 833010 as no node in domain
RigidDiaphragm::RigidDiaphragm - ignoring constrained Node 834010 as no node in domain
RigidDiaphragm::RigidDiaphragm - ignoring constrained Node 835010 as no node in domain
RigidDiaphragm::RigidDiaphragm - ignoring constrained Node 836010 as no node in domain
RigidDiaphragm::RigidDiaphragm - ignoring constrained Node 837010 as no node in domain
RigidDiaphragm::RigidDiaphragm - ignoring constrained Node 838010 as no node in domain
RigidDiaphragm::RigidDiaphragm - ignoring constrained Node 839010 as no node in domain
RigidDiaphragm::RigidDiaphragm - ignoring constrained Node 840010 as no node in domain
RigidDiaphragm::RigidDiaphragm - ignoring constrained Node 841010 as no node in domain
RigidDiaphragm::RigidDiaphragm - ignoring constrained Node 842010 as no node in domain
RigidDiaphragm::RigidDiaphragm - ignoring constrained Node 843010 as no node in domain
RigidDiaphragm::RigidDiaphragm - ignoring constrained Node 844010 as no node in domain
RigidDiaphragm::RigidDiaphragm - ignoring constrained Node 845010 as no node in domain
RigidDiaphragm::RigidDiaphragm - ignoring constrained Node 846010 as no node in domain
RigidDiaphragm::RigidDiaphragm - ignoring constrained Node 847010 as no node in domain
RigidDiaphragm::RigidDiaphragm - ignoring constrained Node 848010 as no node in domain
RigidDiaphragm::RigidDiaphragm - ignoring constrained Node 849010 as no node in domain
RigidDiaphragm::RigidDiaphragm - ignoring constrained Node 850010 as no node in domain
RigidDiaphragm::RigidDiaphragm - ignoring constrained Node 851010 as no node in domain
RigidDiaphragm::RigidDiaphragm - ignoring constrained Node 852010 as no node in domain
RigidDiaphragm::RigidDiaphragm - ignoring constrained Node 853010 as no node in domain
RigidDiaphragm::RigidDiaphragm - ignoring constrained Node 854010 as no node in domain
RigidDiaphragm::RigidDiaphragm - ignoring constrained Node 855010 as no node in domain
RigidDiaphragm::RigidDiaphragm - ignoring constrained Node 856010 as no node in domain
RigidDiaphragm::RigidDiaphragm - ignoring constrained Node 857010 as no node in domain
RigidDiaphragm::RigidDiaphragm - ignoring constrained Node 858010 as no node in domain
RigidDiaphragm::RigidDiaphragm - ignoring constrained Node 859010 as no node in domain
RigidDiaphragm::RigidDiaphragm - ignoring constrained Node 860010 as no node in domain
RigidDiaphragm::RigidDiaphragm - ignoring constrained Node 861010 as no node in domain
RigidDiaphragm::RigidDiaphragm - ignoring constrained Node 862010 as no node in domain
RigidDiaphragm::RigidDiaphragm - ignoring constrained Node 863010 as no node in domain
RigidDiaphragm::RigidDiaphragm - ignoring constrained Node 864010 as no node in domain
RigidDiaphragm::RigidDiaphragm - ignoring constrained Node 865010 as no node in domain
RigidDiaphragm::RigidDiaphragm - ignoring constrained Node 866010 as no node in domain
RigidDiaphragm::RigidDiaphragm - ignoring constrained Node 867010 as no node in domain
RigidDiaphragm::RigidDiaphragm - ignoring constrained Node 868010 as no node in domain
RigidDiaphragm::RigidDiaphragm - ignoring constrained Node 869010 as no node in domain
RigidDiaphragm::RigidDiaphragm - ignoring constrained Node 870010 as no node in domain
RigidDiaphragm::RigidDiaphragm - ignoring constrained Node 871010 as no node in domain
RigidDiaphragm::RigidDiaphragm - ignoring constrained Node 872010 as no node in domain
RigidDiaphragm::RigidDiaphragm - ignoring constrained Node 874010 as no node in domain
RigidDiaphragm::RigidDiaphragm - ignoring constrained Node 876010 as no node in domain
RigidDiaphragm::RigidDiaphragm - ignoring constrained Node 878010 as no node in domain
RigidDiaphragm::RigidDiaphragm - ignoring constrained Node 880010 as no node in domain
RigidDiaphragm::RigidDiaphragm - ignoring constrained Node 882010 as no node in domain
RigidDiaphragm::RigidDiaphragm - ignoring constrained Node 23011 as no node in domain
RigidDiaphragm::RigidDiaphragm - ignoring constrained Node 24011 as no node in domain
RigidDiaphragm::RigidDiaphragm - ignoring constrained Node 25011 as no node in domain
RigidDiaphragm::RigidDiaphragm - ignoring constrained Node 26011 as no node in domain
RigidDiaphragm::RigidDiaphragm - ignoring constrained Node 27011 as no node in domain
RigidDiaphragm::RigidDiaphragm - ignoring constrained Node 28011 as no node in domain
RigidDiaphragm::RigidDiaphragm - ignoring constrained Node 29011 as no node in domain
RigidDiaphragm::RigidDiaphragm - ignoring constrained Node 30011 as no node in domain
RigidDiaphragm::RigidDiaphragm - ignoring constrained Node 31011 as no node in domain
RigidDiaphragm::RigidDiaphragm - ignoring constrained Node 32011 as no node in domain
RigidDiaphragm::RigidDiaphragm - ignoring constrained Node 33011 as no node in domain
RigidDiaphragm::RigidDiaphragm - ignoring constrained Node 34011 as no node in domain
RigidDiaphragm::RigidDiaphragm - ignoring constrained Node 35011 as no node in domain
RigidDiaphragm::RigidDiaphragm - ignoring constrained Node 36011 as no node in domain
RigidDiaphragm::RigidDiaphragm - ignoring constrained Node 37011 as no node in domain
RigidDiaphragm::RigidDiaphragm - ignoring constrained Node 38011 as no node in domain
RigidDiaphragm::RigidDiaphragm - ignoring constrained Node 39011 as no node in domain
RigidDiaphragm::RigidDiaphragm - ignoring constrained Node 40011 as no node in domain
RigidDiaphragm::RigidDiaphragm - ignoring constrained Node 41011 as no node in domain
RigidDiaphragm::RigidDiaphragm - ignoring constrained Node 42011 as no node in domain
RigidDiaphragm::RigidDiaphragm - ignoring constrained Node 43011 as no node in domain
RigidDiaphragm::RigidDiaphragm - ignoring constrained Node 44011 as no node in domain
RigidDiaphragm::RigidDiaphragm - ignoring constrained Node 45011 as no node in domain
RigidDiaphragm::RigidDiaphragm - ignoring constrained Node 46011 as no node in domain
RigidDiaphragm::RigidDiaphragm - ignoring constrained Node 47011 as no node in domain
RigidDiaphragm::RigidDiaphragm - ignoring constrained Node 48011 as no node in domain
RigidDiaphragm::RigidDiaphragm - ignoring constrained Node 49011 as no node in domain
RigidDiaphragm::RigidDiaphragm - ignoring constrained Node 53011 as no node in domain
RigidDiaphragm::RigidDiaphragm - ignoring constrained Node 54011 as no node in domain
RigidDiaphragm::RigidDiaphragm - ignoring constrained Node 55011 as no node in domain
RigidDiaphragm::RigidDiaphragm - ignoring constrained Node 59011 as no node in domain
RigidDiaphragm::RigidDiaphragm - ignoring constrained Node 60011 as no node in domain
RigidDiaphragm::RigidDiaphragm - ignoring constrained Node 69011 as no node in domain
RigidDiaphragm::RigidDiaphragm - ignoring constrained Node 81011 as no node in domain
RigidDiaphragm::RigidDiaphragm - ignoring constrained Node 85011 as no node in domain
RigidDiaphragm::RigidDiaphragm - ignoring constrained Node 89011 as no node in domain
RigidDiaphragm::RigidDiaphragm - ignoring constrained Node 93011 as no node in domain
RigidDiaphragm::RigidDiaphragm - ignoring constrained Node 97011 as no node in domain
RigidDiaphragm::RigidDiaphragm - ignoring constrained Node 101011 as no node in domain
RigidDiaphragm::RigidDiaphragm - ignoring constrained Node 104011 as no node in domain
RigidDiaphragm::RigidDiaphragm - ignoring constrained Node 105011 as no node in domain
RigidDiaphragm::RigidDiaphragm - ignoring constrained Node 108011 as no node in domain
RigidDiaphragm::RigidDiaphragm - ignoring constrained Node 109011 as no node in domain
RigidDiaphragm::RigidDiaphragm - ignoring constrained Node 112011 as no node in domain
RigidDiaphragm::RigidDiaphragm - ignoring constrained Node 113011 as no node in domain
RigidDiaphragm::RigidDiaphragm - ignoring constrained Node 116011 as no node in domain
RigidDiaphragm::RigidDiaphragm - ignoring constrained Node 117011 as no node in domain
RigidDiaphragm::RigidDiaphragm - ignoring constrained Node 120011 as no node in domain
RigidDiaphragm::RigidDiaphragm - ignoring constrained Node 121011 as no node in domain
RigidDiaphragm::RigidDiaphragm - ignoring constrained Node 124011 as no node in domain
RigidDiaphragm::RigidDiaphragm - ignoring constrained Node 125011 as no node in domain
RigidDiaphragm::RigidDiaphragm - ignoring constrained Node 128011 as no node in domain
RigidDiaphragm::RigidDiaphragm - ignoring constrained Node 129011 as no node in domain
RigidDiaphragm::RigidDiaphragm - ignoring constrained Node 132011 as no node in domain
RigidDiaphragm::RigidDiaphragm - ignoring constrained Node 133011 as no node in domain
RigidDiaphragm::RigidDiaphragm - ignoring constrained Node 136011 as no node in domain
RigidDiaphragm::RigidDiaphragm - ignoring constrained Node 137011 as no node in domain
RigidDiaphragm::RigidDiaphragm - ignoring constrained Node 140011 as no node in domain
RigidDiaphragm::RigidDiaphragm - ignoring constrained Node 141011 as no node in domain
RigidDiaphragm::RigidDiaphragm - ignoring constrained Node 145011 as no node in domain
RigidDiaphragm::RigidDiaphragm - ignoring constrained Node 149011 as no node in domain
RigidDiaphragm::RigidDiaphragm - ignoring constrained Node 153011 as no node in domain
RigidDiaphragm::RigidDiaphragm - ignoring constrained Node 157011 as no node in domain
RigidDiaphragm::RigidDiaphragm - ignoring constrained Node 161011 as no node in domain
RigidDiaphragm::RigidDiaphragm - ignoring constrained Node 165011 as no node in domain
RigidDiaphragm::RigidDiaphragm - ignoring constrained Node 168011 as no node in domain
RigidDiaphragm::RigidDiaphragm - ignoring constrained Node 169011 as no node in domain
RigidDiaphragm::RigidDiaphragm - ignoring constrained Node 172011 as no node in domain
RigidDiaphragm::RigidDiaphragm - ignoring constrained Node 173011 as no node in domain
RigidDiaphragm::RigidDiaphragm - ignoring constrained Node 176011 as no node in domain
RigidDiaphragm::RigidDiaphragm - ignoring constrained Node 177011 as no node in domain
RigidDiaphragm::RigidDiaphragm - ignoring constrained Node 180011 as no node in domain
RigidDiaphragm::RigidDiaphragm - ignoring constrained Node 181011 as no node in domain
RigidDiaphragm::RigidDiaphragm - ignoring constrained Node 182011 as no node in domain
RigidDiaphragm::RigidDiaphragm - ignoring constrained Node 183011 as no node in domain
RigidDiaphragm::RigidDiaphragm - ignoring constrained Node 184011 as no node in domain
RigidDiaphragm::RigidDiaphragm - ignoring constrained Node 185011 as no node in domain
RigidDiaphragm::RigidDiaphragm - ignoring constrained Node 188011 as no node in domain
RigidDiaphragm::RigidDiaphragm - ignoring constrained Node 189011 as no node in domain
RigidDiaphragm::RigidDiaphragm - ignoring constrained Node 192011 as no node in domain
RigidDiaphragm::RigidDiaphragm - ignoring constrained Node 193011 as no node in domain
RigidDiaphragm::RigidDiaphragm - ignoring constrained Node 196011 as no node in domain
RigidDiaphragm::RigidDiaphragm - ignoring constrained Node 197011 as no node in domain
RigidDiaphragm::RigidDiaphragm - ignoring constrained Node 200011 as no node in domain
RigidDiaphragm::RigidDiaphragm - ignoring constrained Node 201011 as no node in domain
RigidDiaphragm::RigidDiaphragm - ignoring constrained Node 204011 as no node in domain
RigidDiaphragm::RigidDiaphragm - ignoring constrained Node 205011 as no node in domain
RigidDiaphragm::RigidDiaphragm - ignoring constrained Node 208011 as no node in domain
RigidDiaphragm::RigidDiaphragm - ignoring constrained Node 209011 as no node in domain
RigidDiaphragm::RigidDiaphragm - ignoring constrained Node 212011 as no node in domain
RigidDiaphragm::RigidDiaphragm - ignoring constrained Node 213011 as no node in domain
RigidDiaphragm::RigidDiaphragm - ignoring constrained Node 216011 as no node in domain
RigidDiaphragm::RigidDiaphragm - ignoring constrained Node 217011 as no node in domain
RigidDiaphragm::RigidDiaphragm - ignoring constrained Node 220011 as no node in domain
RigidDiaphragm::RigidDiaphragm - ignoring constrained Node 221011 as no node in domain
RigidDiaphragm::RigidDiaphragm - ignoring constrained Node 224011 as no node in domain
RigidDiaphragm::RigidDiaphragm - ignoring constrained Node 225011 as no node in domain
RigidDiaphragm::RigidDiaphragm - ignoring constrained Node 228011 as no node in domain
RigidDiaphragm::RigidDiaphragm - ignoring constrained Node 229011 as no node in domain
RigidDiaphragm::RigidDiaphragm - ignoring constrained Node 232011 as no node in domain
RigidDiaphragm::RigidDiaphragm - ignoring constrained Node 233011 as no node in domain
RigidDiaphragm::RigidDiaphragm - ignoring constrained Node 236011 as no node in domain
RigidDiaphragm::RigidDiaphragm - ignoring constrained Node 237011 as no node in domain
RigidDiaphragm::RigidDiaphragm - ignoring constrained Node 240011 as no node in domain
RigidDiaphragm::RigidDiaphragm - ignoring constrained Node 241011 as no node in domain
RigidDiaphragm::RigidDiaphragm - ignoring constrained Node 244011 as no node in domain
RigidDiaphragm::RigidDiaphragm - ignoring constrained Node 245011 as no node in domain
RigidDiaphragm::RigidDiaphragm - ignoring constrained Node 288011 as no node in domain
RigidDiaphragm::RigidDiaphragm - ignoring constrained Node 289011 as no node in domain
RigidDiaphragm::RigidDiaphragm - ignoring constrained Node 292011 as no node in domain
RigidDiaphragm::RigidDiaphragm - ignoring constrained Node 293011 as no node in domain
RigidDiaphragm::RigidDiaphragm - ignoring constrained Node 296011 as no node in domain
RigidDiaphragm::RigidDiaphragm - ignoring constrained Node 297011 as no node in domain
RigidDiaphragm::RigidDiaphragm - ignoring constrained Node 300011 as no node in domain
RigidDiaphragm::RigidDiaphragm - ignoring constrained Node 301011 as no node in domain
RigidDiaphragm::RigidDiaphragm - ignoring constrained Node 304011 as no node in domain
RigidDiaphragm::RigidDiaphragm - ignoring constrained Node 305011 as no node in domain
RigidDiaphragm::RigidDiaphragm - ignoring constrained Node 308011 as no node in domain
RigidDiaphragm::RigidDiaphragm - ignoring constrained Node 309011 as no node in domain
RigidDiaphragm::RigidDiaphragm - ignoring constrained Node 310011 as no node in domain
RigidDiaphragm::RigidDiaphragm - ignoring constrained Node 311011 as no node in domain
RigidDiaphragm::RigidDiaphragm - ignoring constrained Node 312011 as no node in domain
RigidDiaphragm::RigidDiaphragm - ignoring constrained Node 313011 as no node in domain
RigidDiaphragm::RigidDiaphragm - ignoring constrained Node 314011 as no node in domain
RigidDiaphragm::RigidDiaphragm - ignoring constrained Node 315011 as no node in domain
RigidDiaphragm::RigidDiaphragm - ignoring constrained Node 316011 as no node in domain
RigidDiaphragm::RigidDiaphragm - ignoring constrained Node 317011 as no node in domain
RigidDiaphragm::RigidDiaphragm - ignoring constrained Node 318011 as no node in domain
RigidDiaphragm::RigidDiaphragm - ignoring constrained Node 319011 as no node in domain
RigidDiaphragm::RigidDiaphragm - ignoring constrained Node 428011 as no node in domain
RigidDiaphragm::RigidDiaphragm - ignoring constrained Node 429011 as no node in domain
RigidDiaphragm::RigidDiaphragm - ignoring constrained Node 430011 as no node in domain
RigidDiaphragm::RigidDiaphragm - ignoring constrained Node 474011 as no node in domain
RigidDiaphragm::RigidDiaphragm - ignoring constrained Node 475011 as no node in domain
RigidDiaphragm::RigidDiaphragm - ignoring constrained Node 478011 as no node in domain
RigidDiaphragm::RigidDiaphragm - ignoring constrained Node 479011 as no node in domain
RigidDiaphragm::RigidDiaphragm - ignoring constrained Node 522011 as no node in domain
RigidDiaphragm::RigidDiaphragm - ignoring constrained Node 523011 as no node in domain
RigidDiaphragm::RigidDiaphragm - ignoring constrained Node 524011 as no node in domain
RigidDiaphragm::RigidDiaphragm - ignoring constrained Node 525011 as no node in domain
RigidDiaphragm::RigidDiaphragm - ignoring constrained Node 653011 as no node in domain
RigidDiaphragm::RigidDiaphragm - ignoring constrained Node 654011 as no node in domain
RigidDiaphragm::RigidDiaphragm - ignoring constrained Node 655011 as no node in domain
RigidDiaphragm::RigidDiaphragm - ignoring constrained Node 656011 as no node in domain
RigidDiaphragm::RigidDiaphragm - ignoring constrained Node 657011 as no node in domain
RigidDiaphragm::RigidDiaphragm - ignoring constrained Node 658011 as no node in domain
RigidDiaphragm::RigidDiaphragm - ignoring constrained Node 659011 as no node in domain
RigidDiaphragm::RigidDiaphragm - ignoring constrained Node 661011 as no node in domain
RigidDiaphragm::RigidDiaphragm - ignoring constrained Node 662011 as no node in domain
RigidDiaphragm::RigidDiaphragm - ignoring constrained Node 663011 as no node in domain
RigidDiaphragm::RigidDiaphragm - ignoring constrained Node 664011 as no node in domain
RigidDiaphragm::RigidDiaphragm - ignoring constrained Node 665011 as no node in domain
RigidDiaphragm::RigidDiaphragm - ignoring constrained Node 666011 as no node in domain
RigidDiaphragm::RigidDiaphragm - ignoring constrained Node 667011 as no node in domain
RigidDiaphragm::RigidDiaphragm - ignoring constrained Node 675011 as no node in domain
RigidDiaphragm::RigidDiaphragm - ignoring constrained Node 678011 as no node in domain
RigidDiaphragm::RigidDiaphragm - ignoring constrained Node 681011 as no node in domain
RigidDiaphragm::RigidDiaphragm - ignoring constrained Node 684011 as no node in domain
RigidDiaphragm::RigidDiaphragm - ignoring constrained Node 687011 as no node in domain
RigidDiaphragm::RigidDiaphragm - ignoring constrained Node 690011 as no node in domain
RigidDiaphragm::RigidDiaphragm - ignoring constrained Node 693011 as no node in domain
RigidDiaphragm::RigidDiaphragm - ignoring constrained Node 696011 as no node in domain
RigidDiaphragm::RigidDiaphragm - ignoring constrained Node 699011 as no node in domain
RigidDiaphragm::RigidDiaphragm - ignoring constrained Node 702011 as no node in domain
RigidDiaphragm::RigidDiaphragm - ignoring constrained Node 705011 as no node in domain
RigidDiaphragm::RigidDiaphragm - ignoring constrained Node 708011 as no node in domain
RigidDiaphragm::RigidDiaphragm - ignoring constrained Node 711011 as no node in domain
RigidDiaphragm::RigidDiaphragm - ignoring constrained Node 714011 as no node in domain
RigidDiaphragm::RigidDiaphragm - ignoring constrained Node 717011 as no node in domain
RigidDiaphragm::RigidDiaphragm - ignoring constrained Node 720011 as no node in domain
RigidDiaphragm::RigidDiaphragm - ignoring constrained Node 723011 as no node in domain
RigidDiaphragm::RigidDiaphragm - ignoring constrained Node 726011 as no node in domain
RigidDiaphragm::RigidDiaphragm - ignoring constrained Node 729011 as no node in domain
RigidDiaphragm::RigidDiaphragm - ignoring constrained Node 732011 as no node in domain
RigidDiaphragm::RigidDiaphragm - ignoring constrained Node 740011 as no node in domain
RigidDiaphragm::RigidDiaphragm - ignoring constrained Node 742011 as no node in domain
RigidDiaphragm::RigidDiaphragm - ignoring constrained Node 744011 as no node in domain
RigidDiaphragm::RigidDiaphragm - ignoring constrained Node 746011 as no node in domain
RigidDiaphragm::RigidDiaphragm - ignoring constrained Node 748011 as no node in domain
RigidDiaphragm::RigidDiaphragm - ignoring constrained Node 750011 as no node in domain
RigidDiaphragm::RigidDiaphragm - ignoring constrained Node 752011 as no node in domain
RigidDiaphragm::RigidDiaphragm - ignoring constrained Node 754011 as no node in domain
RigidDiaphragm::RigidDiaphragm - ignoring constrained Node 756011 as no node in domain
RigidDiaphragm::RigidDiaphragm - ignoring constrained Node 758011 as no node in domain
RigidDiaphragm::RigidDiaphragm - ignoring constrained Node 760011 as no node in domain
RigidDiaphragm::RigidDiaphragm - ignoring constrained Node 762011 as no node in domain
RigidDiaphragm::RigidDiaphragm - ignoring constrained Node 775011 as no node in domain
RigidDiaphragm::RigidDiaphragm - ignoring constrained Node 776011 as no node in domain
RigidDiaphragm::RigidDiaphragm - ignoring constrained Node 777011 as no node in domain
RigidDiaphragm::RigidDiaphragm - ignoring constrained Node 778011 as no node in domain
RigidDiaphragm::RigidDiaphragm - ignoring constrained Node 779011 as no node in domain
RigidDiaphragm::RigidDiaphragm - ignoring constrained Node 780011 as no node in domain
RigidDiaphragm::RigidDiaphragm - ignoring constrained Node 781011 as no node in domain
RigidDiaphragm::RigidDiaphragm - ignoring constrained Node 782011 as no node in domain
RigidDiaphragm::RigidDiaphragm - ignoring constrained Node 783011 as no node in domain
RigidDiaphragm::RigidDiaphragm - ignoring constrained Node 784011 as no node in domain
RigidDiaphragm::RigidDiaphragm - ignoring constrained Node 785011 as no node in domain
RigidDiaphragm::RigidDiaphragm - ignoring constrained Node 786011 as no node in domain
RigidDiaphragm::RigidDiaphragm - ignoring constrained Node 787011 as no node in domain
RigidDiaphragm::RigidDiaphragm - ignoring constrained Node 788011 as no node in domain
RigidDiaphragm::RigidDiaphragm - ignoring constrained Node 789011 as no node in domain
RigidDiaphragm::RigidDiaphragm - ignoring constrained Node 790011 as no node in domain
RigidDiaphragm::RigidDiaphragm - ignoring constrained Node 791011 as no node in domain
RigidDiaphragm::RigidDiaphragm - ignoring constrained Node 792011 as no node in domain
RigidDiaphragm::RigidDiaphragm - ignoring constrained Node 793011 as no node in domain
RigidDiaphragm::RigidDiaphragm - ignoring constrained Node 794011 as no node in domain
RigidDiaphragm::RigidDiaphragm - ignoring constrained Node 795011 as no node in domain
RigidDiaphragm::RigidDiaphragm - ignoring constrained Node 796011 as no node in domain
RigidDiaphragm::RigidDiaphragm - ignoring constrained Node 797011 as no node in domain
RigidDiaphragm::RigidDiaphragm - ignoring constrained Node 798011 as no node in domain
RigidDiaphragm::RigidDiaphragm - ignoring constrained Node 799011 as no node in domain
RigidDiaphragm::RigidDiaphragm - ignoring constrained Node 800011 as no node in domain
RigidDiaphragm::RigidDiaphragm - ignoring constrained Node 801011 as no node in domain
RigidDiaphragm::RigidDiaphragm - ignoring constrained Node 802011 as no node in domain
RigidDiaphragm::RigidDiaphragm - ignoring constrained Node 803011 as no node in domain
RigidDiaphragm::RigidDiaphragm - ignoring constrained Node 804011 as no node in domain
RigidDiaphragm::RigidDiaphragm - ignoring constrained Node 873011 as no node in domain
RigidDiaphragm::RigidDiaphragm - ignoring constrained Node 875011 as no node in domain
RigidDiaphragm::RigidDiaphragm - ignoring constrained Node 877011 as no node in domain
RigidDiaphragm::RigidDiaphragm - ignoring constrained Node 879011 as no node in domain
RigidDiaphragm::RigidDiaphragm - ignoring constrained Node 881011 as no node in domain
RigidDiaphragm::RigidDiaphragm - ignoring constrained Node 883011 as no node in domain
RigidDiaphragm::RigidDiaphragm - ignoring constrained Node 884011 as no node in domain
RigidDiaphragm::RigidDiaphragm - ignoring constrained Node 885011 as no node in domain
RigidDiaphragm::RigidDiaphragm - ignoring constrained Node 886011 as no node in domain
RigidDiaphragm::RigidDiaphragm - ignoring constrained Node 1012 as no node in domain
RigidDiaphragm::RigidDiaphragm - ignoring constrained Node 3012 as no node in domain
RigidDiaphragm::RigidDiaphragm - ignoring constrained Node 4012 as no node in domain
RigidDiaphragm::RigidDiaphragm - ignoring constrained Node 5012 as no node in domain
RigidDiaphragm::RigidDiaphragm - ignoring constrained Node 6012 as no node in domain
RigidDiaphragm::RigidDiaphragm - ignoring constrained Node 7012 as no node in domain
RigidDiaphragm::RigidDiaphragm - ignoring constrained Node 8012 as no node in domain
RigidDiaphragm::RigidDiaphragm - ignoring constrained Node 9012 as no node in domain
RigidDiaphragm::RigidDiaphragm - ignoring constrained Node 10012 as no node in domain
RigidDiaphragm::RigidDiaphragm - ignoring constrained Node 11012 as no node in domain
RigidDiaphragm::RigidDiaphragm - ignoring constrained Node 12012 as no node in domain
RigidDiaphragm::RigidDiaphragm - ignoring constrained Node 13012 as no node in domain
RigidDiaphragm::RigidDiaphragm - ignoring constrained Node 14012 as no node in domain
RigidDiaphragm::RigidDiaphragm - ignoring constrained Node 15012 as no node in domain
RigidDiaphragm::RigidDiaphragm - ignoring constrained Node 16012 as no node in domain
RigidDiaphragm::RigidDiaphragm - ignoring constrained Node 17012 as no node in domain
RigidDiaphragm::RigidDiaphragm - ignoring constrained Node 18012 as no node in domain
RigidDiaphragm::RigidDiaphragm - ignoring constrained Node 19012 as no node in domain
RigidDiaphragm::RigidDiaphragm - ignoring constrained Node 20012 as no node in domain
RigidDiaphragm::RigidDiaphragm - ignoring constrained Node 21012 as no node in domain
RigidDiaphragm::RigidDiaphragm - ignoring constrained Node 50012 as no node in domain
RigidDiaphragm::RigidDiaphragm - ignoring constrained Node 51012 as no node in domain
RigidDiaphragm::RigidDiaphragm - ignoring constrained Node 52012 as no node in domain
RigidDiaphragm::RigidDiaphragm - ignoring constrained Node 53012 as no node in domain
RigidDiaphragm::RigidDiaphragm - ignoring constrained Node 56012 as no node in domain
RigidDiaphragm::RigidDiaphragm - ignoring constrained Node 57012 as no node in domain
RigidDiaphragm::RigidDiaphragm - ignoring constrained Node 58012 as no node in domain
RigidDiaphragm::RigidDiaphragm - ignoring constrained Node 59012 as no node in domain
RigidDiaphragm::RigidDiaphragm - ignoring constrained Node 72012 as no node in domain
RigidDiaphragm::RigidDiaphragm - ignoring constrained Node 74012 as no node in domain
RigidDiaphragm::RigidDiaphragm - ignoring constrained Node 78012 as no node in domain
RigidDiaphragm::RigidDiaphragm - ignoring constrained Node 82012 as no node in domain
RigidDiaphragm::RigidDiaphragm - ignoring constrained Node 86012 as no node in domain
RigidDiaphragm::RigidDiaphragm - ignoring constrained Node 90012 as no node in domain
RigidDiaphragm::RigidDiaphragm - ignoring constrained Node 94012 as no node in domain
RigidDiaphragm::RigidDiaphragm - ignoring constrained Node 98012 as no node in domain
RigidDiaphragm::RigidDiaphragm - ignoring constrained Node 102012 as no node in domain
RigidDiaphragm::RigidDiaphragm - ignoring constrained Node 103012 as no node in domain
RigidDiaphragm::RigidDiaphragm - ignoring constrained Node 106012 as no node in domain
RigidDiaphragm::RigidDiaphragm - ignoring constrained Node 107012 as no node in domain
RigidDiaphragm::RigidDiaphragm - ignoring constrained Node 110012 as no node in domain
RigidDiaphragm::RigidDiaphragm - ignoring constrained Node 111012 as no node in domain
RigidDiaphragm::RigidDiaphragm - ignoring constrained Node 114012 as no node in domain
RigidDiaphragm::RigidDiaphragm - ignoring constrained Node 115012 as no node in domain
RigidDiaphragm::RigidDiaphragm - ignoring constrained Node 118012 as no node in domain
RigidDiaphragm::RigidDiaphragm - ignoring constrained Node 119012 as no node in domain
RigidDiaphragm::RigidDiaphragm - ignoring constrained Node 122012 as no node in domain
RigidDiaphragm::RigidDiaphragm - ignoring constrained Node 123012 as no node in domain
RigidDiaphragm::RigidDiaphragm - ignoring constrained Node 126012 as no node in domain
RigidDiaphragm::RigidDiaphragm - ignoring constrained Node 127012 as no node in domain
RigidDiaphragm::RigidDiaphragm - ignoring constrained Node 130012 as no node in domain
RigidDiaphragm::RigidDiaphragm - ignoring constrained Node 131012 as no node in domain
RigidDiaphragm::RigidDiaphragm - ignoring constrained Node 134012 as no node in domain
RigidDiaphragm::RigidDiaphragm - ignoring constrained Node 135012 as no node in domain
RigidDiaphragm::RigidDiaphragm - ignoring constrained Node 138012 as no node in domain
RigidDiaphragm::RigidDiaphragm - ignoring constrained Node 139012 as no node in domain
RigidDiaphragm::RigidDiaphragm - ignoring constrained Node 142012 as no node in domain
RigidDiaphragm::RigidDiaphragm - ignoring constrained Node 146012 as no node in domain
RigidDiaphragm::RigidDiaphragm - ignoring constrained Node 150012 as no node in domain
RigidDiaphragm::RigidDiaphragm - ignoring constrained Node 154012 as no node in domain
RigidDiaphragm::RigidDiaphragm - ignoring constrained Node 158012 as no node in domain
RigidDiaphragm::RigidDiaphragm - ignoring constrained Node 162012 as no node in domain
RigidDiaphragm::RigidDiaphragm - ignoring constrained Node 166012 as no node in domain
RigidDiaphragm::RigidDiaphragm - ignoring constrained Node 167012 as no node in domain
RigidDiaphragm::RigidDiaphragm - ignoring constrained Node 170012 as no node in domain
RigidDiaphragm::RigidDiaphragm - ignoring constrained Node 171012 as no node in domain
RigidDiaphragm::RigidDiaphragm - ignoring constrained Node 174012 as no node in domain
RigidDiaphragm::RigidDiaphragm - ignoring constrained Node 175012 as no node in domain
RigidDiaphragm::RigidDiaphragm - ignoring constrained Node 178012 as no node in domain
RigidDiaphragm::RigidDiaphragm - ignoring constrained Node 179012 as no node in domain
RigidDiaphragm::RigidDiaphragm - ignoring constrained Node 186012 as no node in domain
RigidDiaphragm::RigidDiaphragm - ignoring constrained Node 187012 as no node in domain
RigidDiaphragm::RigidDiaphragm - ignoring constrained Node 190012 as no node in domain
RigidDiaphragm::RigidDiaphragm - ignoring constrained Node 191012 as no node in domain
RigidDiaphragm::RigidDiaphragm - ignoring constrained Node 194012 as no node in domain
RigidDiaphragm::RigidDiaphragm - ignoring constrained Node 195012 as no node in domain
RigidDiaphragm::RigidDiaphragm - ignoring constrained Node 198012 as no node in domain
RigidDiaphragm::RigidDiaphragm - ignoring constrained Node 199012 as no node in domain
RigidDiaphragm::RigidDiaphragm - ignoring constrained Node 202012 as no node in domain
RigidDiaphragm::RigidDiaphragm - ignoring constrained Node 203012 as no node in domain
RigidDiaphragm::RigidDiaphragm - ignoring constrained Node 206012 as no node in domain
RigidDiaphragm::RigidDiaphragm - ignoring constrained Node 207012 as no node in domain
RigidDiaphragm::RigidDiaphragm - ignoring constrained Node 210012 as no node in domain
RigidDiaphragm::RigidDiaphragm - ignoring constrained Node 211012 as no node in domain
RigidDiaphragm::RigidDiaphragm - ignoring constrained Node 214012 as no node in domain
RigidDiaphragm::RigidDiaphragm - ignoring constrained Node 215012 as no node in domain
RigidDiaphragm::RigidDiaphragm - ignoring constrained Node 218012 as no node in domain
RigidDiaphragm::RigidDiaphragm - ignoring constrained Node 219012 as no node in domain
RigidDiaphragm::RigidDiaphragm - ignoring constrained Node 222012 as no node in domain
RigidDiaphragm::RigidDiaphragm - ignoring constrained Node 223012 as no node in domain
RigidDiaphragm::RigidDiaphragm - ignoring constrained Node 226012 as no node in domain
RigidDiaphragm::RigidDiaphragm - ignoring constrained Node 227012 as no node in domain
RigidDiaphragm::RigidDiaphragm - ignoring constrained Node 230012 as no node in domain
RigidDiaphragm::RigidDiaphragm - ignoring constrained Node 231012 as no node in domain
RigidDiaphragm::RigidDiaphragm - ignoring constrained Node 234012 as no node in domain
RigidDiaphragm::RigidDiaphragm - ignoring constrained Node 235012 as no node in domain
RigidDiaphragm::RigidDiaphragm - ignoring constrained Node 238012 as no node in domain
RigidDiaphragm::RigidDiaphragm - ignoring constrained Node 239012 as no node in domain
RigidDiaphragm::RigidDiaphragm - ignoring constrained Node 242012 as no node in domain
RigidDiaphragm::RigidDiaphragm - ignoring constrained Node 243012 as no node in domain
RigidDiaphragm::RigidDiaphragm - ignoring constrained Node 246012 as no node in domain
RigidDiaphragm::RigidDiaphragm - ignoring constrained Node 247012 as no node in domain
RigidDiaphragm::RigidDiaphragm - ignoring constrained Node 248012 as no node in domain
RigidDiaphragm::RigidDiaphragm - ignoring constrained Node 249012 as no node in domain
RigidDiaphragm::RigidDiaphragm - ignoring constrained Node 250012 as no node in domain
RigidDiaphragm::RigidDiaphragm - ignoring constrained Node 251012 as no node in domain
RigidDiaphragm::RigidDiaphragm - ignoring constrained Node 252012 as no node in domain
RigidDiaphragm::RigidDiaphragm - ignoring constrained Node 253012 as no node in domain
RigidDiaphragm::RigidDiaphragm - ignoring constrained Node 254012 as no node in domain
RigidDiaphragm::RigidDiaphragm - ignoring constrained Node 255012 as no node in domain
RigidDiaphragm::RigidDiaphragm - ignoring constrained Node 256012 as no node in domain
RigidDiaphragm::RigidDiaphragm - ignoring constrained Node 257012 as no node in domain
RigidDiaphragm::RigidDiaphragm - ignoring constrained Node 258012 as no node in domain
RigidDiaphragm::RigidDiaphragm - ignoring constrained Node 259012 as no node in domain
RigidDiaphragm::RigidDiaphragm - ignoring constrained Node 260012 as no node in domain
RigidDiaphragm::RigidDiaphragm - ignoring constrained Node 261012 as no node in domain
RigidDiaphragm::RigidDiaphragm - ignoring constrained Node 264012 as no node in domain
RigidDiaphragm::RigidDiaphragm - ignoring constrained Node 265012 as no node in domain
RigidDiaphragm::RigidDiaphragm - ignoring constrained Node 268012 as no node in domain
RigidDiaphragm::RigidDiaphragm - ignoring constrained Node 269012 as no node in domain
RigidDiaphragm::RigidDiaphragm - ignoring constrained Node 272012 as no node in domain
RigidDiaphragm::RigidDiaphragm - ignoring constrained Node 273012 as no node in domain
RigidDiaphragm::RigidDiaphragm - ignoring constrained Node 276012 as no node in domain
RigidDiaphragm::RigidDiaphragm - ignoring constrained Node 277012 as no node in domain
RigidDiaphragm::RigidDiaphragm - ignoring constrained Node 280012 as no node in domain
RigidDiaphragm::RigidDiaphragm - ignoring constrained Node 281012 as no node in domain
RigidDiaphragm::RigidDiaphragm - ignoring constrained Node 284012 as no node in domain
RigidDiaphragm::RigidDiaphragm - ignoring constrained Node 285012 as no node in domain
RigidDiaphragm::RigidDiaphragm - ignoring constrained Node 433012 as no node in domain
RigidDiaphragm::RigidDiaphragm - ignoring constrained Node 434012 as no node in domain
RigidDiaphragm::RigidDiaphragm - ignoring constrained Node 435012 as no node in domain
RigidDiaphragm::RigidDiaphragm - ignoring constrained Node 436012 as no node in domain
RigidDiaphragm::RigidDiaphragm - ignoring constrained Node 437012 as no node in domain
RigidDiaphragm::RigidDiaphragm - ignoring constrained Node 472012 as no node in domain
RigidDiaphragm::RigidDiaphragm - ignoring constrained Node 473012 as no node in domain
RigidDiaphragm::RigidDiaphragm - ignoring constrained Node 476012 as no node in domain
RigidDiaphragm::RigidDiaphragm - ignoring constrained Node 477012 as no node in domain
RigidDiaphragm::RigidDiaphragm - ignoring constrained Node 488012 as no node in domain
RigidDiaphragm::RigidDiaphragm - ignoring constrained Node 489012 as no node in domain
RigidDiaphragm::RigidDiaphragm - ignoring constrained Node 490012 as no node in domain
RigidDiaphragm::RigidDiaphragm - ignoring constrained Node 512012 as no node in domain
RigidDiaphragm::RigidDiaphragm - ignoring constrained Node 513012 as no node in domain
RigidDiaphragm::RigidDiaphragm - ignoring constrained Node 514012 as no node in domain
RigidDiaphragm::RigidDiaphragm - ignoring constrained Node 515012 as no node in domain
RigidDiaphragm::RigidDiaphragm - ignoring constrained Node 516012 as no node in domain
RigidDiaphragm::RigidDiaphragm - ignoring constrained Node 517012 as no node in domain
RigidDiaphragm::RigidDiaphragm - ignoring constrained Node 518012 as no node in domain
RigidDiaphragm::RigidDiaphragm - ignoring constrained Node 519012 as no node in domain
RigidDiaphragm::RigidDiaphragm - ignoring constrained Node 520012 as no node in domain
RigidDiaphragm::RigidDiaphragm - ignoring constrained Node 521012 as no node in domain
RigidDiaphragm::RigidDiaphragm - ignoring constrained Node 617012 as no node in domain
RigidDiaphragm::RigidDiaphragm - ignoring constrained Node 618012 as no node in domain
RigidDiaphragm::RigidDiaphragm - ignoring constrained Node 673012 as no node in domain
RigidDiaphragm::RigidDiaphragm - ignoring constrained Node 674012 as no node in domain
RigidDiaphragm::RigidDiaphragm - ignoring constrained Node 676012 as no node in domain
RigidDiaphragm::RigidDiaphragm - ignoring constrained Node 677012 as no node in domain
RigidDiaphragm::RigidDiaphragm - ignoring constrained Node 679012 as no node in domain
RigidDiaphragm::RigidDiaphragm - ignoring constrained Node 680012 as no node in domain
RigidDiaphragm::RigidDiaphragm - ignoring constrained Node 682012 as no node in domain
RigidDiaphragm::RigidDiaphragm - ignoring constrained Node 683012 as no node in domain
RigidDiaphragm::RigidDiaphragm - ignoring constrained Node 685012 as no node in domain
RigidDiaphragm::RigidDiaphragm - ignoring constrained Node 686012 as no node in domain
RigidDiaphragm::RigidDiaphragm - ignoring constrained Node 688012 as no node in domain
RigidDiaphragm::RigidDiaphragm - ignoring constrained Node 689012 as no node in domain
RigidDiaphragm::RigidDiaphragm - ignoring constrained Node 691012 as no node in domain
RigidDiaphragm::RigidDiaphragm - ignoring constrained Node 692012 as no node in domain
RigidDiaphragm::RigidDiaphragm - ignoring constrained Node 694012 as no node in domain
RigidDiaphragm::RigidDiaphragm - ignoring constrained Node 695012 as no node in domain
RigidDiaphragm::RigidDiaphragm - ignoring constrained Node 697012 as no node in domain
RigidDiaphragm::RigidDiaphragm - ignoring constrained Node 698012 as no node in domain
RigidDiaphragm::RigidDiaphragm - ignoring constrained Node 700012 as no node in domain
RigidDiaphragm::RigidDiaphragm - ignoring constrained Node 701012 as no node in domain
RigidDiaphragm::RigidDiaphragm - ignoring constrained Node 703012 as no node in domain
RigidDiaphragm::RigidDiaphragm - ignoring constrained Node 704012 as no node in domain
RigidDiaphragm::RigidDiaphragm - ignoring constrained Node 706012 as no node in domain
RigidDiaphragm::RigidDiaphragm - ignoring constrained Node 707012 as no node in domain
[diaphragms] rigidDiaphragm(3, 7, 1006, 3006, 4006, 5006, 6006, 7006, 8006, 9006, 10006, 11006, 12006, 13006, 14006, 15006, 16006, 17006, 18006, 19006, 20006, 21006, 50006, 51006, 52006, 56006, 57006, 58006, 72006, 74006, 78006, 82006, 86006, 90006, 94006, 98006, 102006, 103006, 106006, 107006, 110006, 111006, 114006, 115006, 118006, 119006, 122006, 123006, 126006, 127006, 130006, 131006, 134006, 135006, 138006, 139006, 142006, 146006, 150006, 154006, 158006, 162006, 166006, 167006, 170006, 171006, 174006, 175006, 178006, 179006, 194006, 195006, 198006, 199006, 202006, 203006, 206006, 207006, 210006, 211006, 214006, 215006, 218006, 219006, 222006, 223006, 226006, 227006, 230006, 231006, 234006, 235006, 238006, 239006, 246006, 247006, 248006, 249006, 250006, 251006, 252006, 253006, 254006, 255006, 256006, 257006, 258006, 259006, 260006, 261006, 264006, 265006, 268006, 269006, 272006, 273006, 276006, 277006, 280006, 281006, 284006, 285006, 320006, 321006, 324006, 325006, 328006, 329006, 332006, 333006, 334006, 335006, 336006, 337006, 338006, 339006, 348006, 349006, 350006, 351006, 352006, 353006, 354006, 355006, 356006, 357006, 358006, 359006, 360006, 361006, 362006, 363006, 364006, 365006, 366006, 367006, 368006, 369006, 370006, 371006, 372006, 373006, 433006, 434006, 435006, 436006, 437006, 455006, 456006, 457006, 458006, 459006, 460006, 461006, 462006, 472006, 473006, 476006, 477006, 512006, 513006, 514006, 515006, 516006, 517006, 518006, 519006, 520006, 521006, 639006, 641006, 643006, 645006, 647006, 649006, 651006, 673006, 674006, 676006, 677006, 679006, 680006, 682006, 683006, 685006, 686006, 688006, 689006, 691006, 692006, 694006, 695006, 697006, 698006, 700006, 701006, 703006, 704006, 706006, 707006, 709006, 710006, 712006, 713006, 715006, 716006, 718006, 719006, 721006, 722006, 724006, 725006, 727006, 728006, 730006, 731006, 733006, 735006, 737006, 739006, 741006, 743006, 745006, 747006, 749006, 751006, 753006, 755006, 757006, 759006, 761006, 763006, 765006, 767006, 769006, 771006, 773006, 812006, 813006, 814006, 815006, 816006, 817006, 818006, 819006, 820006, 821006, 822006, 823006, 824006, 825006, 826006, 827006, 828006, 829006, 830006, 831006, 832006, 833006, 834006, 835006, 836006, 837006, 838006, 839006, 840006, 841006, 842006, 843006, 844006, 845006, 846006, 847006, 848006, 849006, 850006, 851006, 852006, 853006, 854006, 855006, 856006, 857006, 858006, 859006, 860006, 861006, 862006, 863006, 864006, 865006, 866006, 867006, 868006, 869006, 870006, 871006, 872006, 874006, 876006, 878006, 880006, 882006)
[diaphragms] 06_P3: filtered out 33 DISCONNECTED + 3 None from 318 candidates
[diaphragms] master node 8 @ (35.609,22.038,21.325) for story '06_P3'
[diaphragms] rigidDiaphragm(3, 8, 23007, 24007, 25007, 26007, 27007, 28007, 29007, 30007, 31007, 32007, 33007, 34007, 35007, 36007, 37007, 38007, 39007, 40007, 41007, 42007, 43007, 44007, 45007, 46007, 47007, 48007, 53007, 54007, 55007, 59007, 60007, 61007, 69007, 81007, 85007, 89007, 93007, 97007, 101007, 104007, 105007, 108007, 109007, 112007, 113007, 116007, 117007, 120007, 121007, 124007, 125007, 128007, 129007, 132007, 133007, 136007, 137007, 140007, 141007, 145007, 149007, 153007, 157007, 161007, 165007, 168007, 169007, 172007, 173007, 176007, 177007, 180007, 181007, 182007, 183007, 184007, 185007, 196007, 197007, 200007, 201007, 204007, 205007, 208007, 209007, 212007, 213007, 216007, 217007, 220007, 221007, 224007, 225007, 228007, 229007, 232007, 233007, 236007, 237007, 240007, 241007, 288007, 289007, 292007, 293007, 296007, 297007, 300007, 301007, 304007, 305007, 308007, 309007, 310007, 311007, 312007, 313007, 314007, 315007, 316007, 317007, 318007, 319007, 322007, 323007, 326007, 327007, 330007, 331007, 340007, 341007, 342007, 343007, 344007, 345007, 346007, 347007, 374007, 375007, 376007, 377007, 378007, 379007, 380007, 381007, 382007, 383007, 384007, 385007, 386007, 387007, 388007, 389007, 390007, 391007, 392007, 393007, 394007, 395007, 396007, 397007, 398007, 399007, 400007, 401007, 428007, 429007, 430007, 448007, 449007, 450007, 451007, 452007, 453007, 474007, 475007, 478007, 479007, 522007, 523007, 524007, 525007, 640007, 642007, 644007, 646007, 648007, 650007, 652007, 653007, 654007, 655007, 656007, 657007, 658007, 659007, 660007, 661007, 662007, 663007, 664007, 665007, 666007, 667007, 668007, 675007, 678007, 681007, 684007, 687007, 690007, 693007, 696007, 699007, 702007, 705007, 708007, 711007, 714007, 717007, 720007, 723007, 726007, 729007, 732007, 734007, 736007, 738007, 740007, 742007, 744007, 746007, 748007, 750007, 752007, 754007, 756007, 758007, 760007, 762007, 764007, 766007, 768007, 770007, 772007, 774007, 775007, 776007, 777007, 778007, 779007, 780007, 781007, 782007, 783007, 784007, 785007, 786007, 787007, 788007, 789007, 790007, 791007, 792007, 793007, 794007, 795007, 796007, 797007, 798007, 799007, 800007, 801007, 802007, 803007, 804007, 873007, 875007, 877007, 879007, 881007, 883007)
[diaphragms] 05_P3_m150: filtered out 33 DISCONNECTED + 0 None from 354 candidates
[diaphragms] master node 9 @ (32.839,8.009,19.825) for story '05_P3_m150'
[diaphragms] rigidDiaphragm(3, 9, 1008, 3008, 4008, 5008, 6008, 7008, 8008, 9008, 10008, 11008, 12008, 13008, 14008, 15008, 16008, 17008, 18008, 19008, 20008, 21008, 50008, 51008, 52008, 56008, 57008, 58008, 72008, 74008, 78008, 82008, 86008, 90008, 94008, 98008, 102008, 103008, 106008, 107008, 110008, 111008, 114008, 115008, 118008, 119008, 122008, 123008, 126008, 127008, 130008, 131008, 134008, 135008, 138008, 139008, 142008, 146008, 150008, 154008, 158008, 162008, 166008, 167008, 170008, 171008, 174008, 175008, 178008, 179008, 194008, 195008, 198008, 199008, 202008, 203008, 206008, 207008, 210008, 211008, 214008, 215008, 218008, 219008, 222008, 223008, 226008, 227008, 230008, 231008, 234008, 235008, 238008, 239008, 246008, 247008, 248008, 249008, 250008, 251008, 252008, 253008, 254008, 255008, 256008, 257008, 258008, 259008, 260008, 261008, 264008, 265008, 268008, 269008, 272008, 273008, 276008, 277008, 280008, 281008, 284008, 285008, 320008, 321008, 324008, 325008, 328008, 329008, 332008, 333008, 334008, 335008, 336008, 337008, 338008, 339008, 348008, 349008, 350008, 351008, 352008, 353008, 354008, 355008, 356008, 357008, 358008, 359008, 360008, 361008, 362008, 363008, 364008, 365008, 366008, 367008, 368008, 369008, 370008, 371008, 372008, 373008, 433008, 434008, 435008, 436008, 437008, 455008, 456008, 457008, 458008, 459008, 460008, 461008, 462008, 472008, 473008, 476008, 477008, 512008, 513008, 514008, 515008, 516008, 517008, 518008, 519008, 520008, 521008, 639008, 641008, 643008, 645008, 647008, 649008, 651008, 673008, 674008, 676008, 677008, 679008, 680008, 682008, 683008, 685008, 686008, 688008, 689008, 691008, 692008, 694008, 695008, 697008, 698008, 700008, 701008, 703008, 704008, 706008, 707008, 709008, 710008, 712008, 713008, 715008, 716008, 718008, 719008, 721008, 722008, 724008, 725008, 727008, 728008, 730008, 731008, 733008, 735008, 737008, 739008, 741008, 743008, 745008, 747008, 749008, 751008, 753008, 755008, 757008, 759008, 761008, 763008, 765008, 767008, 769008, 771008, 773008, 812008, 813008, 814008, 815008, 816008, 817008, 818008, 819008, 820008, 821008, 822008, 823008, 824008, 825008, 826008, 827008, 828008, 829008, 830008, 831008, 832008, 833008, 834008, 835008, 836008, 837008, 838008, 839008, 840008, 841008, 842008, 843008, 844008, 845008, 846008, 847008, 848008, 849008, 850008, 851008, 852008, 853008, 854008, 855008, 856008, 857008, 858008, 859008, 860008, 861008, 862008, 863008, 864008, 865008, 866008, 867008, 868008, 869008, 870008, 871008, 872008, 874008, 876008, 878008, 880008, 882008)
[diaphragms] 04_P2: filtered out 33 DISCONNECTED + 3 None from 318 candidates
[diaphragms] master node 10 @ (35.609,22.038,18.225) for story '04_P2'
RigidDiaphragm::RigidDiaphragm - ignoring constrained Node 709012 as no node in domain
RigidDiaphragm::RigidDiaphragm - ignoring constrained Node 710012 as no node in domain
RigidDiaphragm::RigidDiaphragm - ignoring constrained Node 712012 as no node in domain
RigidDiaphragm::RigidDiaphragm - ignoring constrained Node 713012 as no node in domain
RigidDiaphragm::RigidDiaphragm - ignoring constrained Node 715012 as no node in domain
RigidDiaphragm::RigidDiaphragm - ignoring constrained Node 716012 as no node in domain
RigidDiaphragm::RigidDiaphragm - ignoring constrained Node 718012 as no node in domain
RigidDiaphragm::RigidDiaphragm - ignoring constrained Node 719012 as no node in domain
RigidDiaphragm::RigidDiaphragm - ignoring constrained Node 721012 as no node in domain
RigidDiaphragm::RigidDiaphragm - ignoring constrained Node 722012 as no node in domain
RigidDiaphragm::RigidDiaphragm - ignoring constrained Node 724012 as no node in domain
RigidDiaphragm::RigidDiaphragm - ignoring constrained Node 725012 as no node in domain
RigidDiaphragm::RigidDiaphragm - ignoring constrained Node 727012 as no node in domain
RigidDiaphragm::RigidDiaphragm - ignoring constrained Node 728012 as no node in domain
RigidDiaphragm::RigidDiaphragm - ignoring constrained Node 730012 as no node in domain
RigidDiaphragm::RigidDiaphragm - ignoring constrained Node 731012 as no node in domain
RigidDiaphragm::RigidDiaphragm - ignoring constrained Node 739012 as no node in domain
RigidDiaphragm::RigidDiaphragm - ignoring constrained Node 741012 as no node in domain
RigidDiaphragm::RigidDiaphragm - ignoring constrained Node 743012 as no node in domain
RigidDiaphragm::RigidDiaphragm - ignoring constrained Node 745012 as no node in domain
RigidDiaphragm::RigidDiaphragm - ignoring constrained Node 747012 as no node in domain
RigidDiaphragm::RigidDiaphragm - ignoring constrained Node 749012 as no node in domain
RigidDiaphragm::RigidDiaphragm - ignoring constrained Node 751012 as no node in domain
RigidDiaphragm::RigidDiaphragm - ignoring constrained Node 753012 as no node in domain
RigidDiaphragm::RigidDiaphragm - ignoring constrained Node 755012 as no node in domain
RigidDiaphragm::RigidDiaphragm - ignoring constrained Node 757012 as no node in domain
RigidDiaphragm::RigidDiaphragm - ignoring constrained Node 759012 as no node in domain
RigidDiaphragm::RigidDiaphragm - ignoring constrained Node 761012 as no node in domain
RigidDiaphragm::RigidDiaphragm - ignoring constrained Node 812012 as no node in domain
RigidDiaphragm::RigidDiaphragm - ignoring constrained Node 813012 as no node in domain
RigidDiaphragm::RigidDiaphragm - ignoring constrained Node 814012 as no node in domain
RigidDiaphragm::RigidDiaphragm - ignoring constrained Node 815012 as no node in domain
RigidDiaphragm::RigidDiaphragm - ignoring constrained Node 816012 as no node in domain
RigidDiaphragm::RigidDiaphragm - ignoring constrained Node 817012 as no node in domain
RigidDiaphragm::RigidDiaphragm - ignoring constrained Node 818012 as no node in domain
RigidDiaphragm::RigidDiaphragm - ignoring constrained Node 819012 as no node in domain
RigidDiaphragm::RigidDiaphragm - ignoring constrained Node 820012 as no node in domain
RigidDiaphragm::RigidDiaphragm - ignoring constrained Node 821012 as no node in domain
RigidDiaphragm::RigidDiaphragm - ignoring constrained Node 822012 as no node in domain
RigidDiaphragm::RigidDiaphragm - ignoring constrained Node 823012 as no node in domain
RigidDiaphragm::RigidDiaphragm - ignoring constrained Node 824012 as no node in domain
RigidDiaphragm::RigidDiaphragm - ignoring constrained Node 825012 as no node in domain
RigidDiaphragm::RigidDiaphragm - ignoring constrained Node 826012 as no node in domain
RigidDiaphragm::RigidDiaphragm - ignoring constrained Node 827012 as no node in domain
RigidDiaphragm::RigidDiaphragm - ignoring constrained Node 828012 as no node in domain
RigidDiaphragm::RigidDiaphragm - ignoring constrained Node 829012 as no node in domain
RigidDiaphragm::RigidDiaphragm - ignoring constrained Node 830012 as no node in domain
RigidDiaphragm::RigidDiaphragm - ignoring constrained Node 831012 as no node in domain
RigidDiaphragm::RigidDiaphragm - ignoring constrained Node 832012 as no node in domain
RigidDiaphragm::RigidDiaphragm - ignoring constrained Node 833012 as no node in domain
RigidDiaphragm::RigidDiaphragm - ignoring constrained Node 834012 as no node in domain
RigidDiaphragm::RigidDiaphragm - ignoring constrained Node 835012 as no node in domain
RigidDiaphragm::RigidDiaphragm - ignoring constrained Node 836012 as no node in domain
RigidDiaphragm::RigidDiaphragm - ignoring constrained Node 837012 as no node in domain
RigidDiaphragm::RigidDiaphragm - ignoring constrained Node 838012 as no node in domain
RigidDiaphragm::RigidDiaphragm - ignoring constrained Node 839012 as no node in domain
RigidDiaphragm::RigidDiaphragm - ignoring constrained Node 840012 as no node in domain
RigidDiaphragm::RigidDiaphragm - ignoring constrained Node 841012 as no node in domain
RigidDiaphragm::RigidDiaphragm - ignoring constrained Node 842012 as no node in domain
RigidDiaphragm::RigidDiaphragm - ignoring constrained Node 843012 as no node in domain
RigidDiaphragm::RigidDiaphragm - ignoring constrained Node 844012 as no node in domain
RigidDiaphragm::RigidDiaphragm - ignoring constrained Node 845012 as no node in domain
RigidDiaphragm::RigidDiaphragm - ignoring constrained Node 846012 as no node in domain
RigidDiaphragm::RigidDiaphragm - ignoring constrained Node 847012 as no node in domain
RigidDiaphragm::RigidDiaphragm - ignoring constrained Node 848012 as no node in domain
RigidDiaphragm::RigidDiaphragm - ignoring constrained Node 849012 as no node in domain
RigidDiaphragm::RigidDiaphragm - ignoring constrained Node 850012 as no node in domain
RigidDiaphragm::RigidDiaphragm - ignoring constrained Node 851012 as no node in domain
RigidDiaphragm::RigidDiaphragm - ignoring constrained Node 852012 as no node in domain
RigidDiaphragm::RigidDiaphragm - ignoring constrained Node 853012 as no node in domain
RigidDiaphragm::RigidDiaphragm - ignoring constrained Node 854012 as no node in domain
RigidDiaphragm::RigidDiaphragm - ignoring constrained Node 855012 as no node in domain
RigidDiaphragm::RigidDiaphragm - ignoring constrained Node 856012 as no node in domain
RigidDiaphragm::RigidDiaphragm - ignoring constrained Node 857012 as no node in domain
RigidDiaphragm::RigidDiaphragm - ignoring constrained Node 858012 as no node in domain
RigidDiaphragm::RigidDiaphragm - ignoring constrained Node 859012 as no node in domain
RigidDiaphragm::RigidDiaphragm - ignoring constrained Node 860012 as no node in domain
RigidDiaphragm::RigidDiaphragm - ignoring constrained Node 861012 as no node in domain
RigidDiaphragm::RigidDiaphragm - ignoring constrained Node 862012 as no node in domain
RigidDiaphragm::RigidDiaphragm - ignoring constrained Node 863012 as no node in domain
RigidDiaphragm::RigidDiaphragm - ignoring constrained Node 864012 as no node in domain
RigidDiaphragm::RigidDiaphragm - ignoring constrained Node 865012 as no node in domain
RigidDiaphragm::RigidDiaphragm - ignoring constrained Node 866012 as no node in domain
RigidDiaphragm::RigidDiaphragm - ignoring constrained Node 867012 as no node in domain
RigidDiaphragm::RigidDiaphragm - ignoring constrained Node 868012 as no node in domain
RigidDiaphragm::RigidDiaphragm - ignoring constrained Node 869012 as no node in domain
RigidDiaphragm::RigidDiaphragm - ignoring constrained Node 870012 as no node in domain
RigidDiaphragm::RigidDiaphragm - ignoring constrained Node 871012 as no node in domain
RigidDiaphragm::RigidDiaphragm - ignoring constrained Node 872012 as no node in domain
RigidDiaphragm::RigidDiaphragm - ignoring constrained Node 874012 as no node in domain
RigidDiaphragm::RigidDiaphragm - ignoring constrained Node 876012 as no node in domain
RigidDiaphragm::RigidDiaphragm - ignoring constrained Node 878012 as no node in domain
RigidDiaphragm::RigidDiaphragm - ignoring constrained Node 880012 as no node in domain
RigidDiaphragm::RigidDiaphragm - ignoring constrained Node 882012 as no node in domain
[diaphragms] rigidDiaphragm(3, 10, 23009, 24009, 25009, 26009, 27009, 28009, 29009, 30009, 31009, 32009, 33009, 34009, 35009, 36009, 37009, 38009, 39009, 40009, 41009, 42009, 43009, 44009, 45009, 46009, 47009, 48009, 53009, 54009, 55009, 59009, 60009, 61009, 69009, 81009, 85009, 89009, 93009, 97009, 101009, 104009, 105009, 108009, 109009, 112009, 113009, 116009, 117009, 120009, 121009, 124009, 125009, 128009, 129009, 132009, 133009, 136009, 137009, 140009, 141009, 145009, 149009, 153009, 157009, 161009, 165009, 168009, 169009, 172009, 173009, 176009, 177009, 180009, 181009, 182009, 183009, 184009, 185009, 196009, 197009, 200009, 201009, 204009, 205009, 208009, 209009, 212009, 213009, 216009, 217009, 220009, 221009, 224009, 225009, 228009, 229009, 232009, 233009, 236009, 237009, 240009, 241009, 288009, 289009, 292009, 293009, 296009, 297009, 300009, 301009, 304009, 305009, 308009, 309009, 310009, 311009, 312009, 313009, 314009, 315009, 316009, 317009, 318009, 319009, 322009, 323009, 326009, 327009, 330009, 331009, 340009, 341009, 342009, 343009, 344009, 345009, 346009, 347009, 374009, 375009, 376009, 377009, 378009, 379009, 380009, 381009, 382009, 383009, 384009, 385009, 386009, 387009, 388009, 389009, 390009, 391009, 392009, 393009, 394009, 395009, 396009, 397009, 398009, 399009, 400009, 401009, 428009, 429009, 430009, 448009, 449009, 450009, 451009, 452009, 453009, 474009, 475009, 478009, 479009, 522009, 523009, 524009, 525009, 640009, 642009, 644009, 646009, 648009, 650009, 652009, 653009, 654009, 655009, 656009, 657009, 658009, 659009, 660009, 661009, 662009, 663009, 664009, 665009, 666009, 667009, 668009, 675009, 678009, 681009, 684009, 687009, 690009, 693009, 696009, 699009, 702009, 705009, 708009, 711009, 714009, 717009, 720009, 723009, 726009, 729009, 732009, 734009, 736009, 738009, 740009, 742009, 744009, 746009, 748009, 750009, 752009, 754009, 756009, 758009, 760009, 762009, 764009, 766009, 768009, 770009, 772009, 774009, 775009, 776009, 777009, 778009, 779009, 780009, 781009, 782009, 783009, 784009, 785009, 786009, 787009, 788009, 789009, 790009, 791009, 792009, 793009, 794009, 795009, 796009, 797009, 798009, 799009, 800009, 801009, 802009, 803009, 804009, 873009, 875009, 877009, 879009, 881009, 883009)
[diaphragms] 03_P2_m150: filtered out 33 DISCONNECTED + 0 None from 354 candidates
[diaphragms] master node 11 @ (32.839,8.009,16.725) for story '03_P2_m150'
[diaphragms] rigidDiaphragm(3, 11, 1010, 3010, 4010, 5010, 6010, 7010, 8010, 9010, 10010, 11010, 12010, 13010, 14010, 15010, 16010, 17010, 18010, 19010, 20010, 21010, 50010, 51010, 52010, 56010, 57010, 58010, 72010, 74010, 78010, 82010, 86010, 90010, 94010, 98010, 102010, 103010, 106010, 107010, 110010, 111010, 114010, 115010, 118010, 119010, 122010, 123010, 126010, 127010, 130010, 131010, 134010, 135010, 138010, 139010, 142010, 146010, 150010, 154010, 158010, 162010, 166010, 167010, 170010, 171010, 174010, 175010, 178010, 179010, 194010, 195010, 198010, 199010, 202010, 203010, 206010, 207010, 210010, 211010, 214010, 215010, 218010, 219010, 222010, 223010, 226010, 227010, 230010, 231010, 234010, 235010, 238010, 239010, 246010, 247010, 248010, 249010, 250010, 251010, 252010, 253010, 254010, 255010, 256010, 257010, 258010, 259010, 260010, 261010, 264010, 265010, 268010, 269010, 272010, 273010, 276010, 277010, 280010, 281010, 284010, 285010, 320010, 321010, 324010, 325010, 328010, 329010, 332010, 333010, 334010, 335010, 336010, 337010, 338010, 339010, 348010, 349010, 350010, 351010, 352010, 353010, 354010, 355010, 356010, 357010, 358010, 359010, 360010, 361010, 362010, 363010, 364010, 365010, 366010, 367010, 368010, 369010, 370010, 371010, 372010, 373010, 433010, 434010, 435010, 436010, 437010, 455010, 456010, 457010, 458010, 459010, 460010, 461010, 462010, 472010, 473010, 476010, 477010, 512010, 513010, 514010, 515010, 516010, 517010, 518010, 519010, 520010, 521010, 639010, 641010, 643010, 645010, 647010, 649010, 651010, 673010, 674010, 676010, 677010, 679010, 680010, 682010, 683010, 685010, 686010, 688010, 689010, 691010, 692010, 694010, 695010, 697010, 698010, 700010, 701010, 703010, 704010, 706010, 707010, 709010, 710010, 712010, 713010, 715010, 716010, 718010, 719010, 721010, 722010, 724010, 725010, 727010, 728010, 730010, 731010, 733010, 735010, 737010, 739010, 741010, 743010, 745010, 747010, 749010, 751010, 753010, 755010, 757010, 759010, 761010, 763010, 765010, 767010, 769010, 771010, 773010, 812010, 813010, 814010, 815010, 816010, 817010, 818010, 819010, 820010, 821010, 822010, 823010, 824010, 825010, 826010, 827010, 828010, 829010, 830010, 831010, 832010, 833010, 834010, 835010, 836010, 837010, 838010, 839010, 840010, 841010, 842010, 843010, 844010, 845010, 846010, 847010, 848010, 849010, 850010, 851010, 852010, 853010, 854010, 855010, 856010, 857010, 858010, 859010, 860010, 861010, 862010, 863010, 864010, 865010, 866010, 867010, 868010, 869010, 870010, 871010, 872010, 874010, 876010, 878010, 880010, 882010)
[diaphragms] 02_P1: filtered out 33 DISCONNECTED + 0 None from 258 candidates
[diaphragms] master node 12 @ (28.782,22.127,14.625) for story '02_P1'
[diaphragms] rigidDiaphragm(3, 12, 23011, 24011, 25011, 26011, 27011, 28011, 29011, 30011, 31011, 32011, 33011, 34011, 35011, 36011, 37011, 38011, 39011, 40011, 41011, 42011, 43011, 44011, 45011, 46011, 47011, 48011, 49011, 53011, 54011, 55011, 59011, 60011, 69011, 81011, 85011, 89011, 93011, 97011, 101011, 104011, 105011, 108011, 109011, 112011, 113011, 116011, 117011, 120011, 121011, 124011, 125011, 128011, 129011, 132011, 133011, 136011, 137011, 140011, 141011, 145011, 149011, 153011, 157011, 161011, 165011, 168011, 169011, 172011, 173011, 176011, 177011, 180011, 181011, 182011, 183011, 184011, 185011, 188011, 189011, 192011, 193011, 196011, 197011, 200011, 201011, 204011, 205011, 208011, 209011, 212011, 213011, 216011, 217011, 220011, 221011, 224011, 225011, 228011, 229011, 232011, 233011, 236011, 237011, 240011, 241011, 244011, 245011, 288011, 289011, 292011, 293011, 296011, 297011, 300011, 301011, 304011, 305011, 308011, 309011, 310011, 311011, 312011, 313011, 314011, 315011, 316011, 317011, 318011, 319011, 428011, 429011, 430011, 474011, 475011, 478011, 479011, 522011, 523011, 524011, 525011, 653011, 654011, 655011, 656011, 657011, 658011, 659011, 661011, 662011, 663011, 664011, 665011, 666011, 667011, 675011, 678011, 681011, 684011, 687011, 690011, 693011, 696011, 699011, 702011, 705011, 708011, 711011, 714011, 717011, 720011, 723011, 726011, 729011, 732011, 740011, 742011, 744011, 746011, 748011, 750011, 752011, 754011, 756011, 758011, 760011, 762011, 775011, 776011, 777011, 778011, 779011, 780011, 781011, 782011, 783011, 784011, 785011, 786011, 787011, 788011, 789011, 790011, 791011, 792011, 793011, 794011, 795011, 796011, 797011, 798011, 799011, 800011, 801011, 802011, 803011, 804011, 873011, 875011, 877011, 879011, 881011, 883011, 884011, 885011, 886011)
[diaphragms] 01_P1_m150: filtered out 33 DISCONNECTED + 5 None from 308 candidates
[diaphragms] master node 13 @ (27.228,7.686,13.125) for story '01_P1_m150'
[diaphragms] rigidDiaphragm(3, 13, 1012, 3012, 4012, 5012, 6012, 7012, 8012, 9012, 10012, 11012, 12012, 13012, 14012, 15012, 16012, 17012, 18012, 19012, 20012, 21012, 50012, 51012, 52012, 53012, 56012, 57012, 58012, 59012, 72012, 74012, 78012, 82012, 86012, 90012, 94012, 98012, 102012, 103012, 106012, 107012, 110012, 111012, 114012, 115012, 118012, 119012, 122012, 123012, 126012, 127012, 130012, 131012, 134012, 135012, 138012, 139012, 142012, 146012, 150012, 154012, 158012, 162012, 166012, 167012, 170012, 171012, 174012, 175012, 178012, 179012, 186012, 187012, 190012, 191012, 194012, 195012, 198012, 199012, 202012, 203012, 206012, 207012, 210012, 211012, 214012, 215012, 218012, 219012, 222012, 223012, 226012, 227012, 230012, 231012, 234012, 235012, 238012, 239012, 242012, 243012, 246012, 247012, 248012, 249012, 250012, 251012, 252012, 253012, 254012, 255012, 256012, 257012, 258012, 259012, 260012, 261012, 264012, 265012, 268012, 269012, 272012, 273012, 276012, 277012, 280012, 281012, 284012, 285012, 433012, 434012, 435012, 436012, 437012, 472012, 473012, 476012, 477012, 488012, 489012, 490012, 512012, 513012, 514012, 515012, 516012, 517012, 518012, 519012, 520012, 521012, 617012, 618012, 673012, 674012, 676012, 677012, 679012, 680012, 682012, 683012, 685012, 686012, 688012, 689012, 691012, 692012, 694012, 695012, 697012, 698012, 700012, 701012, 703012, 704012, 706012, 707012, 709012, 710012, 712012, 713012, 715012, 716012, 718012, 719012, 721012, 722012, 724012, 725012, 727012, 728012, 730012, 731012, 739012, 741012, 743012, 745012, 747012, 749012, 751012, 753012, 755012, 757012, 759012, 761012, 812012, 813012, 814012, 815012, 816012, 817012, 818012, 819012, 820012, 821012, 822012, 823012, 824012, 825012, 826012, 827012, 828012, 829012, 830012, 831012, 832012, 833012, 834012, 835012, 836012, 837012, 838012, 839012, 840012, 841012, 842012, 843012, 844012, 845012, 846012, 847012, 848012, 849012, 850012, 851012, 852012, 853012, 854012, 855012, 856012, 857012, 858012, 859012, 860012, 861012, 862012, 863012, 864012, 865012, 866012, 867012, 868012, 869012, 870012, 871012, 872012, 874012, 876012, 878012, 880012, 882012)
[diaphragms] 00_CimS1: filtered out 52 DISCONNECTED + 11 None from 63 candidates
[diaphragms] 00_CimS1_m150: filtered out 0 DISCONNECTED + 159 None from 159 candidates
[diaphragms] Base: filtered out 0 DISCONNECTED + 33 None from 33 candidates
[diaphragms] Wrote out/diaphragms.json
[diaphragms] Created 13 rigid diaphragm(s).
[diaphragms] Skips:
 - Traceback (most recent call last):
  File "test_full_build.py", line 38, in <module>
    build_model(stage='all')
  File "C:\Users\jgomez\Desktop\opensees\RDC_PERFORM\src\orchestration\MODEL_translator.py", line 73, in build_model
    define_rigid_diaphragms()
  File "C:\Users\jgomez\Desktop\opensees\RDC_PERFORM\src\model_building\diaphragms.py", line 380, in define_rigid_diaphragms
    print(" -", s)
  File "C:\Users\jgomez\AppData\Local\anaconda3\envs\opensees_env\lib\encodings\cp1252.py", line 19, in encode
    return codecs.charmap_encode(input,self.errors,encoding_table)[0]
UnicodeEncodeError: 'charmap' codec can't encode character '\u2265' in position 52: character maps to <undefined>
